ethernetif.c:82:6:HAL_ETH_MspInit	64	static
ethernetif.c:143:6:HAL_ETH_MspDeInit	16	static
ethernetif.c:193:13:low_level_init	32	static
ethernetif.c:302:14:low_level_output	48	static
ethernetif.c:386:22:low_level_input	56	static
ethernetif.c:475:6:ethernetif_input	24	static
ethernetif.c:530:7:ethernetif_init	16	static
ethernetif.c:577:7:sys_jiffies	8	static
ethernetif.c:588:7:sys_now	8	static
ethernetif.c:604:6:ethernetif_set_link	24	static
ethernetif.c:642:6:ethernetif_update_config	24	static
ethernetif.c:730:13:ethernetif_notify_conn_changed	16	static
