Component: ARM Compiler 5.06 update 7 (build 960) Tool: armlink [4d3601]

==============================================================================

Section Cross References

    stm32f7xx_it.o(i.SysTick_Handler) refers to stm32f7xx_hal.o(i.HAL_IncTick) for HAL_IncTick
    stm32f7xx_it.o(i.SysTick_Handler) refers to stm32f7xx_hal_cortex.o(i.HAL_SYSTICK_IRQHandler) for HAL_SYSTICK_IRQHandler
    lwip.o(i.MX_LWIP_Init) refers to init.o(i.lwip_init) for lwip_init
    lwip.o(i.MX_LWIP_Init) refers to netif.o(i.netif_add) for netif_add
    lwip.o(i.MX_LWIP_Init) refers to netif.o(i.netif_set_default) for netif_set_default
    lwip.o(i.MX_LWIP_Init) refers to netif.o(i.netif_set_up) for netif_set_up
    lwip.o(i.MX_LWIP_Init) refers to netif.o(i.netif_set_down) for netif_set_down
    lwip.o(i.MX_LWIP_Init) refers to dhcp.o(i.dhcp_start) for dhcp_start
    lwip.o(i.MX_LWIP_Init) refers to ethernet.o(i.ethernet_input) for ethernet_input
    lwip.o(i.MX_LWIP_Init) refers to ethernetif.o(i.ethernetif_init) for ethernetif_init
    lwip.o(i.MX_LWIP_Init) refers to lwip.o(.data) for .data
    lwip.o(i.MX_LWIP_Init) refers to lwip.o(.bss) for .bss
    lwip.o(i.MX_LWIP_Process) refers to ethernetif.o(i.ethernetif_input) for ethernetif_input
    lwip.o(i.MX_LWIP_Process) refers to timeouts.o(i.sys_check_timeouts) for sys_check_timeouts
    lwip.o(i.MX_LWIP_Process) refers to lwip.o(.bss) for .bss
    stm32f7xx_hal_msp.o(i.HAL_MspInit) refers to stm32f7xx_hal_cortex.o(i.HAL_NVIC_SetPriorityGrouping) for HAL_NVIC_SetPriorityGrouping
    stm32f7xx_hal_msp.o(i.HAL_MspInit) refers to stm32f7xx_hal_cortex.o(i.HAL_NVIC_SetPriority) for HAL_NVIC_SetPriority
    main.o(i.MX_GPIO_Init) refers to stm32f7xx_hal_gpio.o(i.HAL_GPIO_WritePin) for HAL_GPIO_WritePin
    main.o(i.MX_GPIO_Init) refers to stm32f7xx_hal_gpio.o(i.HAL_GPIO_Init) for HAL_GPIO_Init
    main.o(i.SystemClock_Config) refers to stm32f7xx_hal_rcc.o(i.HAL_RCC_OscConfig) for HAL_RCC_OscConfig
    main.o(i.SystemClock_Config) refers to stm32f7xx_hal_pwr_ex.o(i.HAL_PWREx_EnableOverDrive) for HAL_PWREx_EnableOverDrive
    main.o(i.SystemClock_Config) refers to stm32f7xx_hal_rcc.o(i.HAL_RCC_ClockConfig) for HAL_RCC_ClockConfig
    main.o(i.SystemClock_Config) refers to stm32f7xx_hal_rcc.o(i.HAL_RCC_GetHCLKFreq) for HAL_RCC_GetHCLKFreq
    main.o(i.SystemClock_Config) refers to stm32f7xx_hal_cortex.o(i.HAL_SYSTICK_Config) for HAL_SYSTICK_Config
    main.o(i.SystemClock_Config) refers to stm32f7xx_hal_cortex.o(i.HAL_SYSTICK_CLKSourceConfig) for HAL_SYSTICK_CLKSourceConfig
    main.o(i.SystemClock_Config) refers to stm32f7xx_hal_cortex.o(i.HAL_NVIC_SetPriority) for HAL_NVIC_SetPriority
    main.o(i.main) refers to stm32f7xx_hal.o(i.HAL_Init) for HAL_Init
    main.o(i.main) refers to main.o(i.SystemClock_Config) for SystemClock_Config
    main.o(i.main) refers to main.o(i.MX_GPIO_Init) for MX_GPIO_Init
    main.o(i.main) refers to lwip.o(i.MX_LWIP_Init) for MX_LWIP_Init
    main.o(i.main) refers to net.o(i.echo_init) for echo_init
    main.o(i.main) refers to ethernetif.o(i.ethernetif_input) for ethernetif_input
    main.o(i.main) refers to timeouts.o(i.sys_check_timeouts) for sys_check_timeouts
    main.o(i.main) refers to lwip.o(.bss) for gnetif
    ethernetif.o(i.HAL_ETH_MspDeInit) refers to stm32f7xx_hal_gpio.o(i.HAL_GPIO_DeInit) for HAL_GPIO_DeInit
    ethernetif.o(i.HAL_ETH_MspInit) refers to stm32f7xx_hal_gpio.o(i.HAL_GPIO_Init) for HAL_GPIO_Init
    ethernetif.o(i.ethernetif_init) refers to ethernetif.o(i.low_level_init) for low_level_init
    ethernetif.o(i.ethernetif_init) refers to etharp.o(i.etharp_output) for etharp_output
    ethernetif.o(i.ethernetif_init) refers to ethernetif.o(i.low_level_output) for low_level_output
    ethernetif.o(i.ethernetif_input) refers to ethernetif.o(i.low_level_input) for low_level_input
    ethernetif.o(i.ethernetif_input) refers to pbuf.o(i.pbuf_free) for pbuf_free
    ethernetif.o(i.low_level_init) refers to stm32f7xx_hal_eth.o(i.HAL_ETH_Init) for HAL_ETH_Init
    ethernetif.o(i.low_level_init) refers to stm32f7xx_hal_eth.o(i.HAL_ETH_DMATxDescListInit) for HAL_ETH_DMATxDescListInit
    ethernetif.o(i.low_level_init) refers to stm32f7xx_hal_eth.o(i.HAL_ETH_DMARxDescListInit) for HAL_ETH_DMARxDescListInit
    ethernetif.o(i.low_level_init) refers to stm32f7xx_hal_eth.o(i.HAL_ETH_Start) for HAL_ETH_Start
    ethernetif.o(i.low_level_init) refers to stm32f7xx_hal_eth.o(i.HAL_ETH_ReadPHYRegister) for HAL_ETH_ReadPHYRegister
    ethernetif.o(i.low_level_init) refers to stm32f7xx_hal_eth.o(i.HAL_ETH_WritePHYRegister) for HAL_ETH_WritePHYRegister
    ethernetif.o(i.low_level_init) refers to ethernetif.o(.bss) for .bss
    ethernetif.o(i.low_level_input) refers to stm32f7xx_hal_eth.o(i.HAL_ETH_GetReceivedFrame) for HAL_ETH_GetReceivedFrame
    ethernetif.o(i.low_level_input) refers to pbuf.o(i.pbuf_alloc) for pbuf_alloc
[...]
    i.tcp_recved                             0x08006a02   Section        0  tcp.o(i.tcp_recved)
    i.tcp_rexmit                             0x08006a44   Section        0  tcp_out.o(i.tcp_rexmit)
    i.tcp_rexmit_fast                        0x08006a96   Section        0  tcp_out.o(i.tcp_rexmit_fast)
    i.tcp_rexmit_rto                         0x08006af2   Section        0  tcp_out.o(i.tcp_rexmit_rto)
    i.tcp_rst                                0x08006b1e   Section        0  tcp_out.o(i.tcp_rst)
    i.tcp_seg_copy                           0x08006b9e   Section        0  tcp.o(i.tcp_seg_copy)
    i.tcp_seg_free                           0x08006bc6   Section        0  tcp.o(i.tcp_seg_free)
    i.tcp_segs_free                          0x08006be2   Section        0  tcp.o(i.tcp_segs_free)
    i.tcp_send_empty_ack                     0x08006bf4   Section        0  tcp_out.o(i.tcp_send_empty_ack)
    i.tcp_send_fin                           0x08006c66   Section        0  tcp_out.o(i.tcp_send_fin)
    i.tcp_sent                               0x08006caa   Section        0  tcp.o(i.tcp_sent)
    i.tcp_setprio                            0x08006cb2   Section        0  tcp.o(i.tcp_setprio)
    i.tcp_slowtmr                            0x08006cb8   Section        0  tcp.o(i.tcp_slowtmr)
    i.tcp_timer_needed                       0x08006f3c   Section        0  timeouts.o(i.tcp_timer_needed)
    i.tcp_timewait_input                     0x08006f70   Section        0  tcp_in.o(i.tcp_timewait_input)
    tcp_timewait_input                       0x08006f71   Thumb Code    90  tcp_in.o(i.tcp_timewait_input)
    i.tcp_tmr                                0x08006fd8   Section        0  tcp.o(i.tcp_tmr)
    i.tcp_trigger_input_pcb_close            0x08006ff8   Section        0  tcp_in.o(i.tcp_trigger_input_pcb_close)
    i.tcp_update_rcv_ann_wnd                 0x08007008   Section        0  tcp.o(i.tcp_update_rcv_ann_wnd)
    i.tcp_write                              0x0800703e   Section        0  tcp_out.o(i.tcp_write)
    i.tcp_zero_window_probe                  0x08007334   Section        0  tcp_out.o(i.tcp_zero_window_probe)
    i.tcpip_tcp_timer                        0x080073e4   Section        0  timeouts.o(i.tcpip_tcp_timer)
    tcpip_tcp_timer                          0x080073e5   Thumb Code    40  timeouts.o(i.tcpip_tcp_timer)
    i.udp_bind                               0x0800741c   Section        0  udp.o(i.udp_bind)
    i.udp_connect                            0x080074d4   Section        0  udp.o(i.udp_connect)
    i.udp_init                               0x08007524   Section        0  udp.o(i.udp_init)
    i.udp_input                              0x08007528   Section        0  udp.o(i.udp_input)
    i.udp_netif_ip_addr_changed              0x0800764c   Section        0  udp.o(i.udp_netif_ip_addr_changed)
    i.udp_new                                0x08007680   Section        0  udp.o(i.udp_new)
    i.udp_recv                               0x0800769a   Section        0  udp.o(i.udp_recv)
    i.udp_remove                             0x080076a0   Section        0  udp.o(i.udp_remove)
    i.udp_sendto                             0x080076d0   Section        0  udp.o(i.udp_sendto)
    i.udp_sendto_if                          0x08007702   Section        0  udp.o(i.udp_sendto_if)
    i.udp_sendto_if_src                      0x08007738   Section        0  udp.o(i.udp_sendto_if_src)
    .constdata                               0x080077e0   Section        4  ip4_addr.o(.constdata)
    .constdata                               0x080077e4   Section        4  ip4_addr.o(.constdata)
    .constdata                               0x080077e8   Section       12  memp.o(.constdata)
    .constdata                               0x080077f4   Section       12  memp.o(.constdata)
    .constdata                               0x08007800   Section       12  memp.o(.constdata)
    .constdata                               0x0800780c   Section       12  memp.o(.constdata)
    .constdata                               0x08007818   Section       12  memp.o(.constdata)
    .constdata                               0x08007824   Section       12  memp.o(.constdata)
    .constdata                               0x08007830   Section       12  memp.o(.constdata)
    .constdata                               0x0800783c   Section       12  memp.o(.constdata)
    .constdata                               0x08007848   Section       12  memp.o(.constdata)
    .constdata                               0x08007854   Section       36  memp.o(.constdata)
    .constdata                               0x08007878   Section       84  tcp.o(.constdata)
    tcp_persist_backoff                      0x08007878   Data           7  tcp.o(.constdata)
    tcp_state_str                            0x08007880   Data          44  tcp.o(.constdata)
    tcp_backoff                              0x080078ac   Data          13  tcp.o(.constdata)
    .constdata                               0x080078cc   Section        6  ethernet.o(.constdata)
    .constdata                               0x080078d2   Section        6  ethernet.o(.constdata)
    .constdata                               0x080078d8   Section       48  timeouts.o(.constdata)
    .constdata                               0x08007908   Section       16  system_stm32f7xx.o(.constdata)
    .conststring                             0x08007918   Section      117  tcp.o(.conststring)
    .data                                    0x20000000   Section       12  lwip.o(.data)
    .data                                    0x2000000c   Section        4  net.o(.data)
    echo_pcb                                 0x2000000c   Data           4  net.o(.data)
    .data                                    0x20000010   Section       12  netif.o(.data)
    netif_num                                0x20000010   Data           1  netif.o(.data)
    .data                                    0x2000001c   Section        8  ip4_frag.o(.data)
    ip_reass_pbufcount                       0x2000001c   Data           2  ip4_frag.o(.data)
    reassdatagrams                           0x20000020   Data           4  ip4_frag.o(.data)
    .data                                    0x20000024   Section       12  mem.o(.data)
    ram                                      0x20000024   Data           4  mem.o(.data)
    ram_end                                  0x20000028   Data           4  mem.o(.data)
    lfree                                    0x2000002c   Data           4  mem.o(.data)
    .data                                    0x20000030   Section       16  dhcp.o(.data)
    dhcp_pcb_refcount                        0x20000030   Data           1  dhcp.o(.data)
    dhcp_discover_request_options            0x20000031   Data           4  dhcp.o(.data)
    xid                                      0x20000038   Data           4  dhcp.o(.data)
    dhcp_pcb                                 0x2000003c   Data           4  dhcp.o(.data)
    .data                                    0x20000040   Section        2  ip4.o(.data)
    ip_id                                    0x20000040   Data           2  ip4.o(.data)
    .data                                    0x20000044   Section        4  memp.o(.data)
    memp_tab_UDP_PCB                         0x20000044   Data           4  memp.o(.data)
    .data                                    0x20000048   Section        4  memp.o(.data)
    memp_tab_TCP_PCB                         0x20000048   Data           4  memp.o(.data)
    .data                                    0x2000004c   Section        4  memp.o(.data)
    memp_tab_TCP_PCB_LISTEN                  0x2000004c   Data           4  memp.o(.data)
    .data                                    0x20000050   Section        4  memp.o(.data)
    memp_tab_TCP_SEG                         0x20000050   Data           4  memp.o(.data)
    .data                                    0x20000054   Section        4  memp.o(.data)
    memp_tab_REASSDATA                       0x20000054   Data           4  memp.o(.data)
    .data                                    0x20000058   Section        4  memp.o(.data)
    memp_tab_FRAG_PBUF                       0x20000058   Data           4  memp.o(.data)
    .data                                    0x2000005c   Section        4  memp.o(.data)
    memp_tab_SYS_TIMEOUT                     0x2000005c   Data           4  memp.o(.data)
    .data                                    0x20000060   Section        4  memp.o(.data)
    memp_tab_PBUF                            0x20000060   Data           4  memp.o(.data)
    .data                                    0x20000064   Section        4  memp.o(.data)
    memp_tab_PBUF_POOL                       0x20000064   Data           4  memp.o(.data)
    .data                                    0x20000068   Section       32  tcp.o(.data)
    tcp_timer                                0x20000069   Data           1  tcp.o(.data)
    tcp_timer_ctr                            0x2000006a   Data           1  tcp.o(.data)
    tcp_port                                 0x2000006c   Data           2  tcp.o(.data)
    iss                                      0x20000070   Data           4  tcp.o(.data)
    .data                                    0x20000088   Section        1  etharp.o(.data)
    etharp_cached_entry                      0x20000088   Data           1  etharp.o(.data)
    .data                                    0x20000089   Section        1  pbuf.o(.data)
    .data                                    0x2000008c   Section        8  udp.o(.data)
    udp_port                                 0x2000008c   Data           2  udp.o(.data)
    .data                                    0x20000094   Section       36  tcp_in.o(.data)
    flags                                    0x20000094   Data           1  tcp_in.o(.data)
    recv_flags                               0x20000095   Data           1  tcp_in.o(.data)
    tcphdr_optlen                            0x20000096   Data           2  tcp_in.o(.data)
    tcphdr_opt1len                           0x20000098   Data           2  tcp_in.o(.data)
    tcp_optidx                               0x2000009a   Data           2  tcp_in.o(.data)
    recv_acked                               0x2000009c   Data           2  tcp_in.o(.data)
    tcplen                                   0x2000009e   Data           2  tcp_in.o(.data)
    tcphdr                                   0x200000a0   Data           4  tcp_in.o(.data)
    tcphdr_opt2                              0x200000a4   Data           4  tcp_in.o(.data)
    seqno                                    0x200000a8   Data           4  tcp_in.o(.data)
    ackno                                    0x200000ac   Data           4  tcp_in.o(.data)
    recv_data                                0x200000b0   Data           4  tcp_in.o(.data)
    .data                                    0x200000b8   Section       12  timeouts.o(.data)
    next_timeout                             0x200000b8   Data           4  timeouts.o(.data)
    timeouts_last_time                       0x200000bc   Data           4  timeouts.o(.data)
    tcpip_tcp_timer_active                   0x200000c0   Data           4  timeouts.o(.data)
    .data                                    0x200000c4   Section       12  dns.o(.data)
    dns_last_pcb_idx                         0x200000c4   Data           1  dns.o(.data)
    dns_seqno                                0x200000c5   Data           1  dns.o(.data)
    dns_servers                              0x200000c8   Data           8  dns.o(.data)
    .data                                    0x200000d0   Section        4  stm32f7xx_hal.o(.data)
    .data                                    0x200000d4   Section        4  system_stm32f7xx.o(.data)
    .data                                    0x200000d8   Section        4  rand.o(.data)
    _rand_state                              0x200000d8   Data           4  rand.o(.data)
    .bss                                     0x200000dc   Section       52  lwip.o(.bss)
    .bss                                     0x20000110   Section    12520  ethernetif.o(.bss)
    .bss                                     0x200031f8   Section     1619  mem.o(.bss)
    .bss                                     0x2000384c   Section       50  dhcp.o(.bss)
    .bss                                     0x2000387e   Section      131  memp.o(.bss)
    .bss                                     0x20003901   Section      763  memp.o(.bss)
    .bss                                     0x20003bfc   Section      227  memp.o(.bss)
    .bss                                     0x20003cdf   Section      259  memp.o(.bss)
    .bss                                     0x20003de2   Section      163  memp.o(.bss)
    .bss                                     0x20003e85   Section      363  memp.o(.bss)
    .bss                                     0x20003ff0   Section       99  memp.o(.bss)
    .bss                                     0x20004053   Section      259  memp.o(.bss)
    .bss                                     0x20004156   Section     9731  memp.o(.bss)
    .bss                                     0x2000675c   Section      240  etharp.o(.bss)
    arp_table                                0x2000675c   Data         240  etharp.o(.bss)
    .bss                                     0x2000684c   Section       24  ip.o(.bss)
    .bss                                     0x20006864   Section       16  tcp_in.o(.bss)
    inseg                                    0x20006864   Data          16  tcp_in.o(.bss)
    .bss                                     0x20006874   Section     1152  dns.o(.bss)
    dns_pcbs                                 0x20006874   Data          16  dns.o(.bss)
    dns_table                                0x20006884   Data        1088  dns.o(.bss)
    dns_requests                             0x20006cc4   Data          48  dns.o(.bss)
    STACK                                    0x20006cf8   Section    16384  startup_stm32f767xx.o(STACK)

    Global Symbols

    Symbol Name                              Value     Ov Type        Size  Object(Section)

    BuildAttributes$$THM_ISAv4$E$P$D$K$B$S$7EM$VFPv5_D16$PE$PLD8$A:L22UL41UL21$X:L11$S22US41US21$IEEE1$IW$USESV6$~STKCKD$USESV7$~SHL$OSPACE$EBA8$MICROLIB$REQ8$PRES8$EABIv2 0x00000000   Number         0  anon$$obj.o ABSOLUTE
    __ARM_use_no_argv                        0x00000000   Number         0  main.o ABSOLUTE
    __arm_fini_                               - Undefined Weak Reference
    __cpp_initialize__aeabi_                  - Undefined Weak Reference
    __cxa_finalize                            - Undefined Weak Reference
    __decompress                              - Undefined Weak Reference
    _clock_init                               - Undefined Weak Reference
    _microlib_exit                            - Undefined Weak Reference
    __Vectors_Size                           0x000001f8   Number         0  startup_stm32f767xx.o ABSOLUTE
    __Vectors                                0x08000000   Data           4  startup_stm32f767xx.o(RESET)
    __Vectors_End                            0x080001f8   Data           0  startup_stm32f767xx.o(RESET)
    __main                                   0x080001f9   Thumb Code     0  entry.o(.ARM.Collect$$$$00000000)
    _main_stk                                0x080001f9   Thumb Code     0  entry2.o(.ARM.Collect$$$$00000001)
    _main_scatterload                        0x080001fd   Thumb Code     0  entry5.o(.ARM.Collect$$$$00000004)
    __main_after_scatterload                 0x08000201   Thumb Code     0  entry5.o(.ARM.Collect$$$$00000004)
    _main_clock                              0x08000201   Thumb Code     0  entry7b.o(.ARM.Collect$$$$00000008)
    _main_cpp_init                           0x08000201   Thumb Code     0  entry8b.o(.ARM.Collect$$$$0000000A)
    _main_init                               0x08000201   Thumb Code     0  entry9a.o(.ARM.Collect$$$$0000000B)
    __rt_lib_shutdown_fini                   0x08000209   Thumb Code     0  entry12b.o(.ARM.Collect$$$$0000000E)
    __rt_final_cpp                           0x0800020d   Thumb Code     0  entry10a.o(.ARM.Collect$$$$0000000F)
    __rt_final_exit                          0x0800020d   Thumb Code     0  entry11a.o(.ARM.Collect$$$$00000011)
    Reset_Handler                            0x08000211   Thumb Code     8  startup_stm32f767xx.o(.text)
    NMI_Handler                              0x08000219   Thumb Code     2  startup_stm32f767xx.o(.text)
    HardFault_Handler                        0x0800021b   Thumb Code     2  startup_stm32f767xx.o(.text)
    MemManage_Handler                        0x0800021d   Thumb Code     2  startup_stm32f767xx.o(.text)
    BusFault_Handler                         0x0800021f   Thumb Code     2  startup_stm32f767xx.o(.text)
    UsageFault_Handler                       0x08000221   Thumb Code     2  startup_stm32f767xx.o(.text)
    DebugMon_Handler                         0x08000225   Thumb Code     2  startup_stm32f767xx.o(.text)
    ADC_IRQHandler                           0x0800022b   Thumb Code     0  startup_stm32f767xx.o(.text)
    CAN1_RX0_IRQHandler                      0x0800022b   Thumb Code     0  startup_stm32f767xx.o(.text)
    CAN1_RX1_IRQHandler                      0x0800022b   Thumb Code     0  startup_stm32f767xx.o(.text)
    CAN1_SCE_IRQHandler                      0x0800022b   Thumb Code     0  startup_stm32f767xx.o(.text)
    CAN1_TX_IRQHandler                       0x0800022b   Thumb Code     0  startup_stm32f767xx.o(.text)
    CAN2_RX0_IRQHandler                      0x0800022b   Thumb Code     0  startup_stm32f767xx.o(.text)
    CAN2_RX1_IRQHandler                      0x0800022b   Thumb Code     0  startup_stm32f767xx.o(.text)
    CAN2_SCE_IRQHandler                      0x0800022b   Thumb Code     0  startup_stm32f767xx.o(.text)
    CAN2_TX_IRQHandler                       0x0800022b   Thumb Code     0  startup_stm32f767xx.o(.text)
    CAN3_RX0_IRQHandler                      0x0800022b   Thumb Code     0  startup_stm32f767xx.o(.text)
    CAN3_RX1_IRQHandler                      0x0800022b   Thumb Code     0  startup_stm32f767xx.o(.text)
    CAN3_SCE_IRQHandler                      0x0800022b   Thumb Code     0  startup_stm32f767xx.o(.text)
    CAN3_TX_IRQHandler                       0x0800022b   Thumb Code     0  startup_stm32f767xx.o(.text)
    CEC_IRQHandler                           0x0800022b   Thumb Code     0  startup_stm32f767xx.o(.text)
    DCMI_IRQHandler                          0x0800022b   Thumb Code     0  startup_stm32f767xx.o(.text)
    DFSDM1_FLT0_IRQHandler                   0x0800022b   Thumb Code     0  startup_stm32f767xx.o(.text)
    DFSDM1_FLT1_IRQHandler                   0x0800022b   Thumb Code     0  startup_stm32f767xx.o(.text)
    DFSDM1_FLT2_IRQHandler                   0x0800022b   Thumb Code     0  startup_stm32f767xx.o(.text)
    DFSDM1_FLT3_IRQHandler                   0x0800022b   Thumb Code     0  startup_stm32f767xx.o(.text)
    DMA1_Stream0_IRQHandler                  0x0800022b   Thumb Code     0  startup_stm32f767xx.o(.text)
    DMA1_Stream1_IRQHandler                  0x0800022b   Thumb Code     0  startup_stm32f767xx.o(.text)
    DMA1_Stream2_IRQHandler                  0x0800022b   Thumb Code     0  startup_stm32f767xx.o(.text)
    DMA1_Stream3_IRQHandler                  0x0800022b   Thumb Code     0  startup_stm32f767xx.o(.text)
    DMA1_Stream4_IRQHandler                  0x0800022b   Thumb Code     0  startup_stm32f767xx.o(.text)
    DMA1_Stream5_IRQHandler                  0x0800022b   Thumb Code     0  startup_stm32f767xx.o(.text)
    DMA1_Stream6_IRQHandler                  0x0800022b   Thumb Code     0  startup_stm32f767xx.o(.text)
    DMA1_Stream7_IRQHandler                  0x0800022b   Thumb Code     0  startup_stm32f767xx.o(.text)
    DMA2D_IRQHandler                         0x0800022b   Thumb Code     0  startup_stm32f767xx.o(.text)
    DMA2_Stream0_IRQHandler                  0x0800022b   Thumb Code     0  startup_stm32f767xx.o(.text)
    DMA2_Stream1_IRQHandler                  0x0800022b   Thumb Code     0  startup_stm32f767xx.o(.text)
    DMA2_Stream2_IRQHandler                  0x0800022b   Thumb Code     0  startup_stm32f767xx.o(.text)
    DMA2_Stream3_IRQHandler                  0x0800022b   Thumb Code     0  startup_stm32f767xx.o(.text)
    DMA2_Stream4_IRQHandler                  0x0800022b   Thumb Code     0  startup_stm32f767xx.o(.text)
    DMA2_Stream5_IRQHandler                  0x0800022b   Thumb Code     0  startup_stm32f767xx.o(.text)
    DMA2_Stream6_IRQHandler                  0x0800022b   Thumb Code     0  startup_stm32f767xx.o(.text)
    DMA2_Stream7_IRQHandler                  0x0800022b   Thumb Code     0  startup_stm32f767xx.o(.text)
    ETH_IRQHandler                           0x0800022b   Thumb Code     0  startup_stm32f767xx.o(.text)
    ETH_WKUP_IRQHandler                      0x0800022b   Thumb Code     0  startup_stm32f767xx.o(.text)
    EXTI0_IRQHandler                         0x0800022b   Thumb Code     0  startup_stm32f767xx.o(.text)
    EXTI15_10_IRQHandler                     0x0800022b   Thumb Code     0  startup_stm32f767xx.o(.text)
    EXTI1_IRQHandler                         0x0800022b   Thumb Code     0  startup_stm32f767xx.o(.text)
    EXTI2_IRQHandler                         0x0800022b   Thumb Code     0  startup_stm32f767xx.o(.text)
    EXTI3_IRQHandler                         0x0800022b   Thumb Code     0  startup_stm32f767xx.o(.text)
    EXTI4_IRQHandler                         0x0800022b   Thumb Code     0  startup_stm32f767xx.o(.text)
    EXTI9_5_IRQHandler                       0x0800022b   Thumb Code     0  startup_stm32f767xx.o(.text)
    FLASH_IRQHandler                         0x0800022b   Thumb Code     0  startup_stm32f767xx.o(.text)
    FMC_IRQHandler                           0x0800022b   Thumb Code     0  startup_stm32f767xx.o(.text)
    FPU_IRQHandler                           0x0800022b   Thumb Code     0  startup_stm32f767xx.o(.text)
    I2C1_ER_IRQHandler                       0x0800022b   Thumb Code     0  startup_stm32f767xx.o(.text)
    I2C1_EV_IRQHandler                       0x0800022b   Thumb Code     0  startup_stm32f767xx.o(.text)
    I2C2_ER_IRQHandler                       0x0800022b   Thumb Code     0  startup_stm32f767xx.o(.text)
    I2C2_EV_IRQHandler                       0x0800022b   Thumb Code     0  startup_stm32f767xx.o(.text)
    I2C3_ER_IRQHandler                       0x0800022b   Thumb Code     0  startup_stm32f767xx.o(.text)
    I2C3_EV_IRQHandler                       0x0800022b   Thumb Code     0  startup_stm32f767xx.o(.text)
    I2C4_ER_IRQHandler                       0x0800022b   Thumb Code     0  startup_stm32f767xx.o(.text)
    I2C4_EV_IRQHandler                       0x0800022b   Thumb Code     0  startup_stm32f767xx.o(.text)
    JPEG_IRQHandler                          0x0800022b   Thumb Code     0  startup_stm32f767xx.o(.text)
    LPTIM1_IRQHandler                        0x0800022b   Thumb Code     0  startup_stm32f767xx.o(.text)
    LTDC_ER_IRQHandler                       0x0800022b   Thumb Code     0  startup_stm32f767xx.o(.text)
    LTDC_IRQHandler                          0x0800022b   Thumb Code     0  startup_stm32f767xx.o(.text)
    MDIOS_IRQHandler                         0x0800022b   Thumb Code     0  startup_stm32f767xx.o(.text)
    OTG_FS_IRQHandler                        0x0800022b   Thumb Code     0  startup_stm32f767xx.o(.text)
    OTG_FS_WKUP_IRQHandler                   0x0800022b   Thumb Code     0  startup_stm32f767xx.o(.text)
    OTG_HS_EP1_IN_IRQHandler                 0x0800022b   Thumb Code     0  startup_stm32f767xx.o(.text)
    OTG_HS_EP1_OUT_IRQHandler                0x0800022b   Thumb Code     0  startup_stm32f767xx.o(.text)
    OTG_HS_IRQHandler                        0x0800022b   Thumb Code     0  startup_stm32f767xx.o(.text)
    OTG_HS_WKUP_IRQHandler                   0x0800022b   Thumb Code     0  startup_stm32f767xx.o(.text)
    PVD_IRQHandler                           0x0800022b   Thumb Code     0  startup_stm32f767xx.o(.text)
    QUADSPI_IRQHandler                       0x0800022b   Thumb Code     0  startup_stm32f767xx.o(.text)
    RCC_IRQHandler                           0x0800022b   Thumb Code     0  startup_stm32f767xx.o(.text)
    RNG_IRQHandler                           0x0800022b   Thumb Code     0  startup_stm32f767xx.o(.text)
    RTC_Alarm_IRQHandler                     0x0800022b   Thumb Code     0  startup_stm32f767xx.o(.text)
    RTC_WKUP_IRQHandler                      0x0800022b   Thumb Code     0  startup_stm32f767xx.o(.text)
    SAI1_IRQHandler                          0x0800022b   Thumb Code     0  startup_stm32f767xx.o(.text)
    SAI2_IRQHandler                          0x0800022b   Thumb Code     0  startup_stm32f767xx.o(.text)
    SDMMC1_IRQHandler                        0x0800022b   Thumb Code     0  startup_stm32f767xx.o(.text)
    SDMMC2_IRQHandler                        0x0800022b   Thumb Code     0  startup_stm32f767xx.o(.text)
    SPDIF_RX_IRQHandler                      0x0800022b   Thumb Code     0  startup_stm32f767xx.o(.text)
    SPI1_IRQHandler                          0x0800022b   Thumb Code     0  startup_stm32f767xx.o(.text)
    SPI2_IRQHandler                          0x0800022b   Thumb Code     0  startup_stm32f767xx.o(.text)
    SPI3_IRQHandler                          0x0800022b   Thumb Code     0  startup_stm32f767xx.o(.text)
    SPI4_IRQHandler                          0x0800022b   Thumb Code     0  startup_stm32f767xx.o(.text)
    SPI5_IRQHandler                          0x0800022b   Thumb Code     0  startup_stm32f767xx.o(.text)
    SPI6_IRQHandler                          0x0800022b   Thumb Code     0  startup_stm32f767xx.o(.text)
    TAMP_STAMP_IRQHandler                    0x0800022b   Thumb Code     0  startup_stm32f767xx.o(.text)
    TIM1_BRK_TIM9_IRQHandler                 0x0800022b   Thumb Code     0  startup_stm32f767xx.o(.text)
    TIM1_CC_IRQHandler                       0x0800022b   Thumb Code     0  startup_stm32f767xx.o(.text)
    TIM1_TRG_COM_TIM11_IRQHandler            0x0800022b   Thumb Code     0  startup_stm32f767xx.o(.text)
    TIM1_UP_TIM10_IRQHandler                 0x0800022b   Thumb Code     0  startup_stm32f767xx.o(.text)
    TIM2_IRQHandler                          0x0800022b   Thumb Code     0  startup_stm32f767xx.o(.text)
    TIM3_IRQHandler                          0x0800022b   Thumb Code     0  startup_stm32f767xx.o(.text)
    TIM4_IRQHandler                          0x0800022b   Thumb Code     0  startup_stm32f767xx.o(.text)
    TIM5_IRQHandler                          0x0800022b   Thumb Code     0  startup_stm32f767xx.o(.text)
    TIM6_DAC_IRQHandler                      0x0800022b   Thumb Code     0  startup_stm32f767xx.o(.text)
    TIM7_IRQHandler                          0x0800022b   Thumb Code     0  startup_stm32f767xx.o(.text)
    TIM8_BRK_TIM12_IRQHandler                0x0800022b   Thumb Code     0  startup_stm32f767xx.o(.text)
    TIM8_CC_IRQHandler                       0x0800022b   Thumb Code     0  startup_stm32f767xx.o(.text)
    TIM8_TRG_COM_TIM14_IRQHandler            0x0800022b   Thumb Code     0  startup_stm32f767xx.o(.text)
    TIM8_UP_TIM13_IRQHandler                 0x0800022b   Thumb Code     0  startup_stm32f767xx.o(.text)
    UART4_IRQHandler                         0x0800022b   Thumb Code     0  startup_stm32f767xx.o(.text)
    UART5_IRQHandler                         0x0800022b   Thumb Code     0  startup_stm32f767xx.o(.text)
    UART7_IRQHandler                         0x0800022b   Thumb Code     0  startup_stm32f767xx.o(.text)
    UART8_IRQHandler                         0x0800022b   Thumb Code     0  startup_stm32f767xx.o(.text)
    USART1_IRQHandler                        0x0800022b   Thumb Code     0  startup_stm32f767xx.o(.text)
    USART2_IRQHandler                        0x0800022b   Thumb Code     0  startup_stm32f767xx.o(.text)
    USART3_IRQHandler                        0x0800022b   Thumb Code     0  startup_stm32f767xx.o(.text)
    USART6_IRQHandler                        0x0800022b   Thumb Code     0  startup_stm32f767xx.o(.text)
    WWDG_IRQHandler                          0x0800022b   Thumb Code     0  startup_stm32f767xx.o(.text)
    rand                                     0x08000235   Thumb Code    20  rand.o(.text)
    srand                                    0x08000249   Thumb Code     6  rand.o(.text)
    __aeabi_memcpy                           0x08000259   Thumb Code    36  memcpya.o(.text)
    __aeabi_memcpy4                          0x08000259   Thumb Code     0  memcpya.o(.text)
    __aeabi_memcpy8                          0x08000259   Thumb Code     0  memcpya.o(.text)
    __aeabi_memset                           0x0800027d   Thumb Code    14  memseta.o(.text)
    __aeabi_memset4                          0x0800027d   Thumb Code     0  memseta.o(.text)
    __aeabi_memset8                          0x0800027d   Thumb Code     0  memseta.o(.text)
    __aeabi_memclr                           0x0800028b   Thumb Code     4  memseta.o(.text)
    __aeabi_memclr4                          0x0800028b   Thumb Code     0  memseta.o(.text)
    __aeabi_memclr8                          0x0800028b   Thumb Code     0  memseta.o(.text)
    _memset$wrapper                          0x0800028f   Thumb Code    18  memseta.o(.text)
    strlen                                   0x080002a1   Thumb Code    14  strlen.o(.text)
    memcmp                                   0x080002af   Thumb Code    26  memcmp.o(.text)
    __scatterload                            0x080002c9   Thumb Code    28  init.o(.text)
    __scatterload_rt2                        0x080002c9   Thumb Code     0  init.o(.text)
    HAL_Delay                                0x0800044d   Thumb Code    22  stm32f7xx_hal.o(i.HAL_Delay)
    HAL_ETH_DMARxDescListInit                0x08000463   Thumb Code   116  stm32f7xx_hal_eth.o(i.HAL_ETH_DMARxDescListInit)
    HAL_ETH_DMATxDescListInit                0x080004d9   Thumb Code   132  stm32f7xx_hal_eth.o(i.HAL_ETH_DMATxDescListInit)
    HAL_ETH_GetReceivedFrame                 0x0800055d   Thumb Code   126  stm32f7xx_hal_eth.o(i.HAL_ETH_GetReceivedFrame)
    HAL_ETH_Init                             0x080005dd   Thumb Code   560  stm32f7xx_hal_eth.o(i.HAL_ETH_Init)
    HAL_ETH_MspInit                          0x0800086d   Thumb Code   132  ethernetif.o(i.HAL_ETH_MspInit)
    HAL_ETH_ReadPHYRegister                  0x08000909   Thumb Code   150  stm32f7xx_hal_eth.o(i.HAL_ETH_ReadPHYRegister)
    HAL_ETH_Start                            0x080009d9   Thumb Code   132  stm32f7xx_hal_eth.o(i.HAL_ETH_Start)
    HAL_ETH_TransmitFrame                    0x08000a5d   Thumb Code   274  stm32f7xx_hal_eth.o(i.HAL_ETH_TransmitFrame)
    HAL_ETH_WritePHYRegister                 0x08000b71   Thumb Code   142  stm32f7xx_hal_eth.o(i.HAL_ETH_WritePHYRegister)
    HAL_GPIO_Init                            0x08000c39   Thumb Code   698  stm32f7xx_hal_gpio.o(i.HAL_GPIO_Init)
    HAL_GPIO_WritePin                        0x08000f81   Thumb Code    46  stm32f7xx_hal_gpio.o(i.HAL_GPIO_WritePin)
    HAL_GetTick                              0x08000fed   Thumb Code     6  stm32f7xx_hal.o(i.HAL_GetTick)
    HAL_IncTick                              0x08000ff9   Thumb Code    10  stm32f7xx_hal.o(i.HAL_IncTick)
    HAL_Init                                 0x08001009   Thumb Code    22  stm32f7xx_hal.o(i.HAL_Init)
    HAL_InitTick                             0x08001021   Thumb Code    34  stm32f7xx_hal.o(i.HAL_InitTick)
    HAL_MspInit                              0x08001049   Thumb Code    88  stm32f7xx_hal_msp.o(i.HAL_MspInit)
    HAL_NVIC_SetPriority                     0x080010a1   Thumb Code    92  stm32f7xx_hal_cortex.o(i.HAL_NVIC_SetPriority)
    HAL_NVIC_SetPriorityGrouping             0x0800113d   Thumb Code    58  stm32f7xx_hal_cortex.o(i.HAL_NVIC_SetPriorityGrouping)
    HAL_PWREx_EnableOverDrive                0x080011bd   Thumb Code   100  stm32f7xx_hal_pwr_ex.o(i.HAL_PWREx_EnableOverDrive)
    HAL_RCC_ClockConfig                      0x08001229   Thumb Code   510  stm32f7xx_hal_rcc.o(i.HAL_RCC_ClockConfig)
    HAL_RCC_GetHCLKFreq                      0x08001471   Thumb Code     6  stm32f7xx_hal_rcc.o(i.HAL_RCC_GetHCLKFreq)
    HAL_RCC_GetSysClockFreq                  0x0800147d   Thumb Code    84  stm32f7xx_hal_rcc.o(i.HAL_RCC_GetSysClockFreq)
    HAL_RCC_OscConfig                        0x080014d9   Thumb Code  1170  stm32f7xx_hal_rcc.o(i.HAL_RCC_OscConfig)
    HAL_SYSTICK_CLKSourceConfig              0x0800196d   Thumb Code    40  stm32f7xx_hal_cortex.o(i.HAL_SYSTICK_CLKSourceConfig)
    HAL_SYSTICK_Callback                     0x080019d1   Thumb Code     2  stm32f7xx_hal_cortex.o(i.HAL_SYSTICK_Callback)
    HAL_SYSTICK_Config                       0x080019d3   Thumb Code    38  stm32f7xx_hal_cortex.o(i.HAL_SYSTICK_Config)
    HAL_SYSTICK_IRQHandler                   0x080019f9   Thumb Code     8  stm32f7xx_hal_cortex.o(i.HAL_SYSTICK_IRQHandler)
    MX_LWIP_Init                             0x08001b65   Thumb Code    76  lwip.o(i.MX_LWIP_Init)
    PendSV_Handler                           0x08001be3   Thumb Code     2  stm32f7xx_it.o(i.PendSV_Handler)
    SVC_Handler                              0x08001be5   Thumb Code     2  stm32f7xx_it.o(i.SVC_Handler)
    SysTick_Handler                          0x08001be7   Thumb Code    14  stm32f7xx_it.o(i.SysTick_Handler)
    SystemClock_Config                       0x08001bf5   Thumb Code   158  main.o(i.SystemClock_Config)
    SystemInit                               0x08001c9d   Thumb Code    68  system_stm32f7xx.o(i.SystemInit)
    __scatterload_copy                       0x08001cf1   Thumb Code    14  handlers.o(i.__scatterload_copy)
    __scatterload_null                       0x08001cff   Thumb Code     2  handlers.o(i.__scatterload_null)
    __scatterload_zeroinit                   0x08001d01   Thumb Code    14  handlers.o(i.__scatterload_zeroinit)
    assert_failed                            0x08001d0f   Thumb Code     2  main.o(i.assert_failed)
    dhcp_arp_reply                           0x08001d2d   Thumb Code    30  dhcp.o(i.dhcp_arp_reply)
    dhcp_coarse_tmr                          0x08001e55   Thumb Code   168  dhcp.o(i.dhcp_coarse_tmr)
    dhcp_fine_tmr                            0x080021c1   Thumb Code    46  dhcp.o(i.dhcp_fine_tmr)
    dhcp_release                             0x0800285d   Thumb Code   160  dhcp.o(i.dhcp_release)
    dhcp_renew                               0x08002905   Thumb Code   178  dhcp.o(i.dhcp_renew)
    dhcp_start                               0x08002ac5   Thumb Code    96  dhcp.o(i.dhcp_start)
    dhcp_stop                                0x08002b25   Thumb Code    36  dhcp.o(i.dhcp_stop)
    dhcp_supplied_address                    0x08002b49   Thumb Code    24  dhcp.o(i.dhcp_supplied_address)
    dns_init                                 0x08002d19   Thumb Code     2  dns.o(i.dns_init)
    dns_setserver                            0x08002e29   Thumb Code    22  dns.o(i.dns_setserver)
    dns_tmr                                  0x08002e49   Thumb Code    20  dns.o(i.dns_tmr)
    echo_accept                              0x08002e79   Thumb Code    76  net.o(i.echo_accept)
    echo_close                               0x08002ed1   Thumb Code    64  net.o(i.echo_close)
    echo_error                               0x08002f11   Thumb Code    10  net.o(i.echo_error)
    echo_init                                0x08002f1d   Thumb Code    48  net.o(i.echo_init)
    echo_poll                                0x08002f59   Thumb Code    60  net.o(i.echo_poll)
    echo_recv                                0x08002f99   Thumb Code   122  net.o(i.echo_recv)
    echo_send                                0x08003019   Thumb Code    80  net.o(i.echo_send)
    echo_sent                                0x08003069   Thumb Code    52  net.o(i.echo_sent)
    etharp_cleanup_netif                     0x0800309d   Thumb Code    42  etharp.o(i.etharp_cleanup_netif)
    etharp_input                             0x080031cd   Thumb Code   178  etharp.o(i.etharp_input)
    etharp_output                            0x08003281   Thumb Code   220  etharp.o(i.etharp_output)
    etharp_query                             0x080033c9   Thumb Code   232  etharp.o(i.etharp_query)
    etharp_request                           0x08003541   Thumb Code     6  etharp.o(i.etharp_request)
    etharp_tmr                               0x0800356d   Thumb Code    92  etharp.o(i.etharp_tmr)
    ethernet_input                           0x0800364d   Thumb Code   154  ethernet.o(i.ethernet_input)
    ethernet_output                          0x080036ed   Thumb Code    74  ethernet.o(i.ethernet_output)
    ethernetif_init                          0x08003739   Thumb Code    30  ethernetif.o(i.ethernetif_init)
    ethernetif_input                         0x08003761   Thumb Code    34  ethernetif.o(i.ethernetif_input)
    icmp_dest_unreach                        0x08003783   Thumb Code     8  icmp.o(i.icmp_dest_unreach)
    icmp_input                               0x0800378d   Thumb Code   244  icmp.o(i.icmp_input)
    icmp_time_exceeded                       0x080038f1   Thumb Code     8  icmp.o(i.icmp_time_exceeded)
    ip4_addr_isbroadcast_u32                 0x080038f9   Thumb Code    46  ip4_addr.o(i.ip4_addr_isbroadcast_u32)
    ip4_frag                                 0x08003929   Thumb Code   346  ip4_frag.o(i.ip4_frag)
    ip4_input                                0x08003a89   Thumb Code   430  ip4.o(i.ip4_input)
    ip4_output_if                            0x08003c41   Thumb Code    30  ip4.o(i.ip4_output_if)
    ip4_output_if_src                        0x08003c61   Thumb Code   162  ip4.o(i.ip4_output_if_src)
    ip4_reass                                0x08003d0d   Thumb Code   398  ip4_frag.o(i.ip4_reass)
    ip4_route                                0x08003ea1   Thumb Code    82  ip4.o(i.ip4_route)
    ip_reass_tmr                             0x08004109   Thumb Code    40  ip4_frag.o(i.ip_reass_tmr)
    lwip_htonl                               0x080043b5   Thumb Code     4  def.o(i.lwip_htonl)
    lwip_htons                               0x080043b9   Thumb Code     4  def.o(i.lwip_htons)
    lwip_init                                0x080043bd   Thumb Code    34  init.o(i.lwip_init)
    main                                     0x080043e1   Thumb Code    32  main.o(i.main)
    mem_free                                 0x08004405   Thumb Code    40  mem.o(i.mem_free)
    mem_init                                 0x08004431   Thumb Code    42  mem.o(i.mem_init)
    mem_malloc                               0x08004465   Thumb Code   162  mem.o(i.mem_malloc)
    mem_trim                                 0x0800450d   Thumb Code   208  mem.o(i.mem_trim)
    memp_free                                0x080045e1   Thumb Code    20  memp.o(i.memp_free)
    memp_init                                0x080045f9   Thumb Code    26  memp.o(i.memp_init)
    memp_init_pool                           0x08004619   Thumb Code    42  memp.o(i.memp_init_pool)
    memp_malloc                              0x08004645   Thumb Code    18  memp.o(i.memp_malloc)
    netif_add                                0x0800465d   Thumb Code    80  netif.o(i.netif_add)
    netif_init                               0x080046b1   Thumb Code     2  netif.o(i.netif_init)
    netif_set_addr                           0x080046cd   Thumb Code    72  netif.o(i.netif_set_addr)
    netif_set_default                        0x08004715   Thumb Code     6  netif.o(i.netif_set_default)
    netif_set_down                           0x08004721   Thumb Code    26  netif.o(i.netif_set_down)
    netif_set_gw                             0x0800473b   Thumb Code     8  netif.o(i.netif_set_gw)
    netif_set_ipaddr                         0x08004745   Thumb Code    60  netif.o(i.netif_set_ipaddr)
    netif_set_netmask                        0x08004785   Thumb Code     8  netif.o(i.netif_set_netmask)
    netif_set_up                             0x0800478d   Thumb Code    28  netif.o(i.netif_set_up)
    pbuf_alloc                               0x080047a9   Thumb Code   290  pbuf.o(i.pbuf_alloc)
    pbuf_alloced_custom                      0x080048d1   Thumb Code    82  pbuf.o(i.pbuf_alloced_custom)
    pbuf_cat                                 0x08004923   Thumb Code    40  pbuf.o(i.pbuf_cat)
    pbuf_chain                               0x0800494b   Thumb Code    18  pbuf.o(i.pbuf_chain)
    pbuf_clen                                0x0800495d   Thumb Code    18  pbuf.o(i.pbuf_clen)
    pbuf_copy                                0x0800496f   Thumb Code   154  pbuf.o(i.pbuf_copy)
    pbuf_copy_partial                        0x08004a09   Thumb Code   102  pbuf.o(i.pbuf_copy_partial)
    pbuf_free                                0x08004a6f   Thumb Code    82  pbuf.o(i.pbuf_free)
    pbuf_free_ooseq                          0x08004ac1   Thumb Code    34  pbuf.o(i.pbuf_free_ooseq)
    pbuf_header                              0x08004aed   Thumb Code     6  pbuf.o(i.pbuf_header)
    pbuf_header_force                        0x08004af3   Thumb Code     6  pbuf.o(i.pbuf_header_force)
    pbuf_put_at                              0x08004b5d   Thumb Code    30  pbuf.o(i.pbuf_put_at)
    pbuf_realloc                             0x08004b7b   Thumb Code    84  pbuf.o(i.pbuf_realloc)
    pbuf_ref                                 0x08004bcf   Thumb Code    12  pbuf.o(i.pbuf_ref)
    pbuf_skip                                0x08004bdb   Thumb Code     4  pbuf.o(i.pbuf_skip)
    pbuf_take                                0x08004bf7   Thumb Code    84  pbuf.o(i.pbuf_take)
    pbuf_take_at                             0x08004c4b   Thumb Code    82  pbuf.o(i.pbuf_take_at)
    sys_check_timeouts                       0x08004cf1   Thumb Code    80  timeouts.o(i.sys_check_timeouts)
    sys_now                                  0x08004d49   Thumb Code     4  ethernetif.o(i.sys_now)
    sys_timeout                              0x08004d4d   Thumb Code   138  timeouts.o(i.sys_timeout)
    sys_timeouts_init                        0x08004ddd   Thumb Code    38  timeouts.o(i.sys_timeouts_init)
    tcp_abandon                              0x08004e11   Thumb Code   210  tcp.o(i.tcp_abandon)
    tcp_abort                                0x08004ee9   Thumb Code     6  tcp.o(i.tcp_abort)
    tcp_accept                               0x08004eef   Thumb Code    14  tcp.o(i.tcp_accept)
    tcp_alloc                                0x08004f0d   Thumb Code   258  tcp.o(i.tcp_alloc)
    tcp_arg                                  0x0800501d   Thumb Code     8  tcp.o(i.tcp_arg)
    tcp_bind                                 0x08005025   Thumb Code   134  tcp.o(i.tcp_bind)
    tcp_close                                0x080050b9   Thumb Code    20  tcp.o(i.tcp_close)
    tcp_eff_send_mss_impl                    0x080052c9   Thumb Code    34  tcp.o(i.tcp_eff_send_mss_impl)
    tcp_enqueue_flags                        0x080052eb   Thumb Code   150  tcp_out.o(i.tcp_enqueue_flags)
    tcp_err                                  0x08005381   Thumb Code    10  tcp.o(i.tcp_err)
    tcp_fasttmr                              0x0800538d   Thumb Code    84  tcp.o(i.tcp_fasttmr)
    tcp_init                                 0x08005415   Thumb Code     2  tcp.o(i.tcp_init)
    tcp_input                                0x08005419   Thumb Code   852  tcp_in.o(i.tcp_input)
    tcp_keepalive                            0x08005785   Thumb Code    82  tcp_out.o(i.tcp_keepalive)
    tcp_listen_with_backlog                  0x08005901   Thumb Code   124  tcp.o(i.tcp_listen_with_backlog)
    tcp_netif_ip_addr_changed                0x08005985   Thumb Code    72  tcp.o(i.tcp_netif_ip_addr_changed)
    tcp_new                                  0x080059f3   Thumb Code     6  tcp.o(i.tcp_new)
    tcp_next_iss                             0x08005a55   Thumb Code    12  tcp.o(i.tcp_next_iss)
    tcp_output                               0x08005ae1   Thumb Code   452  tcp_out.o(i.tcp_output)
    tcp_pcb_purge                            0x08005e87   Thumb Code    66  tcp.o(i.tcp_pcb_purge)
    tcp_pcb_remove                           0x08005ec9   Thumb Code    80  tcp.o(i.tcp_pcb_remove)
    tcp_poll                                 0x08005f19   Thumb Code     8  tcp.o(i.tcp_poll)
    tcp_process_refused_data                 0x08006295   Thumb Code   108  tcp.o(i.tcp_process_refused_data)
    tcp_recv                                 0x080069d5   Thumb Code    10  tcp.o(i.tcp_recv)
    tcp_recv_null                            0x080069df   Thumb Code    36  tcp.o(i.tcp_recv_null)
    tcp_recved                               0x08006a03   Thumb Code    66  tcp.o(i.tcp_recved)
    tcp_rexmit                               0x08006a45   Thumb Code    82  tcp_out.o(i.tcp_rexmit)
    tcp_rexmit_fast                          0x08006a97   Thumb Code    92  tcp_out.o(i.tcp_rexmit_fast)
    tcp_rexmit_rto                           0x08006af3   Thumb Code    44  tcp_out.o(i.tcp_rexmit_rto)
    tcp_rst                                  0x08006b1f   Thumb Code   128  tcp_out.o(i.tcp_rst)
    tcp_seg_copy                             0x08006b9f   Thumb Code    40  tcp.o(i.tcp_seg_copy)
    tcp_seg_free                             0x08006bc7   Thumb Code    28  tcp.o(i.tcp_seg_free)
    tcp_segs_free                            0x08006be3   Thumb Code    18  tcp.o(i.tcp_segs_free)
    tcp_send_empty_ack                       0x08006bf5   Thumb Code   114  tcp_out.o(i.tcp_send_empty_ack)
    tcp_send_fin                             0x08006c67   Thumb Code    68  tcp_out.o(i.tcp_send_fin)
    tcp_sent                                 0x08006cab   Thumb Code     8  tcp.o(i.tcp_sent)
    tcp_setprio                              0x08006cb3   Thumb Code     4  tcp.o(i.tcp_setprio)
    tcp_slowtmr                              0x08006cb9   Thumb Code   626  tcp.o(i.tcp_slowtmr)
    tcp_timer_needed                         0x08006f3d   Thumb Code    36  timeouts.o(i.tcp_timer_needed)
    tcp_tmr                                  0x08006fd9   Thumb Code    28  tcp.o(i.tcp_tmr)
    tcp_trigger_input_pcb_close              0x08006ff9   Thumb Code    12  tcp_in.o(i.tcp_trigger_input_pcb_close)
    tcp_update_rcv_ann_wnd                   0x08007009   Thumb Code    54  tcp.o(i.tcp_update_rcv_ann_wnd)
    tcp_write                                0x0800703f   Thumb Code   758  tcp_out.o(i.tcp_write)
    tcp_zero_window_probe                    0x08007335   Thumb Code   174  tcp_out.o(i.tcp_zero_window_probe)
    udp_bind                                 0x0800741d   Thumb Code   174  udp.o(i.udp_bind)
    udp_connect                              0x080074d5   Thumb Code    76  udp.o(i.udp_connect)
    udp_init                                 0x08007525   Thumb Code     2  udp.o(i.udp_init)
    udp_input                                0x08007529   Thumb Code   282  udp.o(i.udp_input)
    udp_netif_ip_addr_changed                0x0800764d   Thumb Code    48  udp.o(i.udp_netif_ip_addr_changed)
    udp_new                                  0x08007681   Thumb Code    26  udp.o(i.udp_new)
    udp_recv                                 0x0800769b   Thumb Code     6  udp.o(i.udp_recv)
    udp_remove                               0x080076a1   Thumb Code    42  udp.o(i.udp_remove)
    udp_sendto                               0x080076d1   Thumb Code    50  udp.o(i.udp_sendto)
    udp_sendto_if                            0x08007703   Thumb Code    54  udp.o(i.udp_sendto_if)
    udp_sendto_if_src                        0x08007739   Thumb Code   166  udp.o(i.udp_sendto_if_src)
    ip_addr_any                              0x080077e0   Data           4  ip4_addr.o(.constdata)
    ip_addr_broadcast                        0x080077e4   Data           4  ip4_addr.o(.constdata)
    memp_UDP_PCB                             0x080077e8   Data          12  memp.o(.constdata)
    memp_TCP_PCB                             0x080077f4   Data          12  memp.o(.constdata)
    memp_TCP_PCB_LISTEN                      0x08007800   Data          12  memp.o(.constdata)
    memp_TCP_SEG                             0x0800780c   Data          12  memp.o(.constdata)
    memp_REASSDATA                           0x08007818   Data          12  memp.o(.constdata)
    memp_FRAG_PBUF                           0x08007824   Data          12  memp.o(.constdata)
    memp_SYS_TIMEOUT                         0x08007830   Data          12  memp.o(.constdata)
    memp_PBUF                                0x0800783c   Data          12  memp.o(.constdata)
    memp_PBUF_POOL                           0x08007848   Data          12  memp.o(.constdata)
    memp_pools                               0x08007854   Data          36  memp.o(.constdata)
    tcp_pcb_lists                            0x080078bc   Data          16  tcp.o(.constdata)
    ethbroadcast                             0x080078cc   Data           6  ethernet.o(.constdata)
    ethzero                                  0x080078d2   Data           6  ethernet.o(.constdata)
    lwip_cyclic_timers                       0x080078d8   Data          48  timeouts.o(.constdata)
    AHBPrescTable                            0x08007908   Data          16  system_stm32f7xx.o(.constdata)
    Region$$Table$$Base                      0x08007990   Number         0  anon$$obj.o(Region$$Table)
    Region$$Table$$Limit                     0x080079b0   Number         0  anon$$obj.o(Region$$Table)
    ipaddr                                   0x20000000   Data           4  lwip.o(.data)
    netmask                                  0x20000004   Data           4  lwip.o(.data)
    gw                                       0x20000008   Data           4  lwip.o(.data)
    netif_list                               0x20000014   Data           4  netif.o(.data)
    netif_default                            0x20000018   Data           4  netif.o(.data)
    tcp_active_pcbs_changed                  0x20000068   Data           1  tcp.o(.data)
    tcp_ticks                                0x20000074   Data           4  tcp.o(.data)
    tcp_bound_pcbs                           0x20000078   Data           4  tcp.o(.data)
    tcp_listen_pcbs                          0x2000007c   Data           4  tcp.o(.data)
    tcp_active_pcbs                          0x20000080   Data           4  tcp.o(.data)
    tcp_tw_pcbs                              0x20000084   Data           4  tcp.o(.data)
    pbuf_free_ooseq_pending                  0x20000089   Data           1  pbuf.o(.data)
    udp_pcbs                                 0x20000090   Data           4  udp.o(.data)
    tcp_input_pcb                            0x200000b4   Data           4  tcp_in.o(.data)
    uwTick                                   0x200000d0   Data           4  stm32f7xx_hal.o(.data)
    SystemCoreClock                          0x200000d4   Data           4  system_stm32f7xx.o(.data)
    gnetif                                   0x200000dc   Data          52  lwip.o(.bss)
    DMARxDscrTab                             0x20000110   Data         128  ethernetif.o(.bss)
    DMATxDscrTab                             0x20000190   Data         128  ethernetif.o(.bss)
    Rx_Buff                                  0x20000210   Data        6096  ethernetif.o(.bss)
    Tx_Buff                                  0x200019e0   Data        6096  ethernetif.o(.bss)
    heth                                     0x200031b0   Data          72  ethernetif.o(.bss)
    ram_heap                                 0x200031f8   Data        1619  mem.o(.bss)
    dhcp_rx_options_val                      0x2000384c   Data          40  dhcp.o(.bss)
    dhcp_rx_options_given                    0x20003874   Data          10  dhcp.o(.bss)
    memp_memory_UDP_PCB_base                 0x2000387e   Data         131  memp.o(.bss)
    memp_memory_TCP_PCB_base                 0x20003901   Data         763  memp.o(.bss)
    memp_memory_TCP_PCB_LISTEN_base          0x20003bfc   Data         227  memp.o(.bss)
    memp_memory_TCP_SEG_base                 0x20003cdf   Data         259  memp.o(.bss)
    memp_memory_REASSDATA_base               0x20003de2   Data         163  memp.o(.bss)
    memp_memory_FRAG_PBUF_base               0x20003e85   Data         363  memp.o(.bss)
    memp_memory_SYS_TIMEOUT_base             0x20003ff0   Data          99  memp.o(.bss)
    memp_memory_PBUF_base                    0x20004053   Data         259  memp.o(.bss)
    memp_memory_PBUF_POOL_base               0x20004156   Data        9731  memp.o(.bss)
    ip_data                                  0x2000684c   Data          24  ip.o(.bss)
    __initial_sp                             0x2000acf8   Data           0  startup_stm32f767xx.o(STACK)



==============================================================================

Memory Map of the image

  Image Entry point : 0x080001f9

  Load Region LR_IROM1 (Base: 0x08000000, Size: 0x00007a8c, Max: 0x00200000, ABSOLUTE)

    Execution Region ER_IROM1 (Exec base: 0x08000000, Load base: 0x08000000, Size: 0x000079b0, Max: 0x00200000, ABSOLUTE)

    Exec Addr    Load Addr    Size         Type   Attr      Idx    E Section Name        Object

    0x08000000   0x08000000   0x000001f8   Data   RO         3479    RESET               startup_stm32f767xx.o
    0x080001f8   0x080001f8   0x00000000   Code   RO         5254  * .ARM.Collect$$$$00000000  mc_w.l(entry.o)
    0x080001f8   0x080001f8   0x00000004   Code   RO         5272    .ARM.Collect$$$$00000001  mc_w.l(entry2.o)
    0x080001fc   0x080001fc   0x00000004   Code   RO         5275    .ARM.Collect$$$$00000004  mc_w.l(entry5.o)
    0x08000200   0x08000200   0x00000000   Code   RO         5277    .ARM.Collect$$$$00000008  mc_w.l(entry7b.o)
    0x08000200   0x08000200   0x00000000   Code   RO         5279    .ARM.Collect$$$$0000000A  mc_w.l(entry8b.o)
    0x08000200   0x08000200   0x00000008   Code   RO         5280    .ARM.Collect$$$$0000000B  mc_w.l(entry9a.o)
    0x08000208   0x08000208   0x00000004   Code   RO         5287    .ARM.Collect$$$$0000000E  mc_w.l(entry12b.o)
    0x0800020c   0x0800020c   0x00000000   Code   RO         5282    .ARM.Collect$$$$0000000F  mc_w.l(entry10a.o)
    0x0800020c   0x0800020c   0x00000000   Code   RO         5284    .ARM.Collect$$$$00000011  mc_w.l(entry11a.o)
    0x0800020c   0x0800020c   0x00000004   Code   RO         5273    .ARM.Collect$$$$00002712  mc_w.l(entry2.o)
    0x08000210   0x08000210   0x00000024   Code   RO         3480    .text               startup_stm32f767xx.o
    0x08000234   0x08000234   0x00000024   Code   RO         5257    .text               mc_w.l(rand.o)
    0x08000258   0x08000258   0x00000024   Code   RO         5260    .text               mc_w.l(memcpya.o)
    0x0800027c   0x0800027c   0x00000024   Code   RO         5262    .text               mc_w.l(memseta.o)
    0x080002a0   0x080002a0   0x0000000e   Code   RO         5264    .text               mc_w.l(strlen.o)
    0x080002ae   0x080002ae   0x0000001a   Code   RO         5266    .text               mc_w.l(memcmp.o)
    0x080002c8   0x080002c8   0x00000024   Code   RO         5288    .text               mc_w.l(init.o)
    0x080002ec   0x080002ec   0x0000002e   Code   RO         3546    i.ETH_FlushTransmitFIFO  stm32f7xx_hal_eth.o
    0x0800031a   0x0800031a   0x00000002   PAD
    0x0800031c   0x0800031c   0x00000130   Code   RO         3547    i.ETH_MACDMAConfig  stm32f7xx_hal_eth.o
    0x0800044c   0x0800044c   0x00000016   Code   RO         4968    i.HAL_Delay         stm32f7xx_hal.o
    0x08000462   0x08000462   0x00000074   Code   RO         3550    i.HAL_ETH_DMARxDescListInit  stm32f7xx_hal_eth.o
    0x080004d6   0x080004d6   0x00000002   PAD
    0x080004d8   0x080004d8   0x00000084   Code   RO         3551    i.HAL_ETH_DMATxDescListInit  stm32f7xx_hal_eth.o
    0x0800055c   0x0800055c   0x0000007e   Code   RO         3554    i.HAL_ETH_GetReceivedFrame  stm32f7xx_hal_eth.o
    0x080005da   0x080005da   0x00000002   PAD
    0x080005dc   0x080005dc   0x00000290   Code   RO         3558    i.HAL_ETH_Init      stm32f7xx_hal_eth.o
    0x0800086c   0x0800086c   0x0000009c   Code   RO          394    i.HAL_ETH_MspInit   ethernetif.o
    0x08000908   0x08000908   0x000000d0   Code   RO         3561    i.HAL_ETH_ReadPHYRegister  stm32f7xx_hal_eth.o
    0x080009d8   0x080009d8   0x00000084   Code   RO         3563    i.HAL_ETH_Start     stm32f7xx_hal_eth.o
    0x08000a5c   0x08000a5c   0x00000112   Code   RO         3565    i.HAL_ETH_TransmitFrame  stm32f7xx_hal_eth.o
    0x08000b6e   0x08000b6e   0x00000002   PAD
    0x08000b70   0x08000b70   0x000000c8   Code   RO         3567    i.HAL_ETH_WritePHYRegister  stm32f7xx_hal_eth.o
    0x08000c38   0x08000c38   0x00000348   Code   RO         4428    i.HAL_GPIO_Init     stm32f7xx_hal_gpio.o
    0x08000f80   0x08000f80   0x0000006c   Code   RO         4432    i.HAL_GPIO_WritePin  stm32f7xx_hal_gpio.o
    0x08000fec   0x08000fec   0x0000000c   Code   RO         4978    i.HAL_GetTick       stm32f7xx_hal.o
    0x08000ff8   0x08000ff8   0x00000010   Code   RO         4982    i.HAL_IncTick       stm32f7xx_hal.o
    0x08001008   0x08001008   0x00000016   Code   RO         4983    i.HAL_Init          stm32f7xx_hal.o
    0x0800101e   0x0800101e   0x00000002   PAD
    0x08001020   0x08001020   0x00000028   Code   RO         4984    i.HAL_InitTick      stm32f7xx_hal.o
    0x08001048   0x08001048   0x00000058   Code   RO          319    i.HAL_MspInit       stm32f7xx_hal_msp.o
    0x080010a0   0x080010a0   0x0000009c   Code   RO         4069    i.HAL_NVIC_SetPriority  stm32f7xx_hal_cortex.o
    0x0800113c   0x0800113c   0x00000080   Code   RO         4070    i.HAL_NVIC_SetPriorityGrouping  stm32f7xx_hal_cortex.o
    0x080011bc   0x080011bc   0x0000006c   Code   RO         4221    i.HAL_PWREx_EnableOverDrive  stm32f7xx_hal_pwr_ex.o
    0x08001228   0x08001228   0x00000248   Code   RO         3921    i.HAL_RCC_ClockConfig  stm32f7xx_hal_rcc.o
    0x08001470   0x08001470   0x0000000c   Code   RO         3926    i.HAL_RCC_GetHCLKFreq  stm32f7xx_hal_rcc.o
    0x0800147c   0x0800147c   0x0000005c   Code   RO         3930    i.HAL_RCC_GetSysClockFreq  stm32f7xx_hal_rcc.o
    0x080014d8   0x080014d8   0x00000492   Code   RO         3933    i.HAL_RCC_OscConfig  stm32f7xx_hal_rcc.o
    0x0800196a   0x0800196a   0x00000002   PAD
    0x0800196c   0x0800196c   0x00000064   Code   RO         4072    i.HAL_SYSTICK_CLKSourceConfig  stm32f7xx_hal_cortex.o
    0x080019d0   0x080019d0   0x00000002   Code   RO         4073    i.HAL_SYSTICK_Callback  stm32f7xx_hal_cortex.o
    0x080019d2   0x080019d2   0x00000026   Code   RO         4074    i.HAL_SYSTICK_Config  stm32f7xx_hal_cortex.o
    0x080019f8   0x080019f8   0x00000008   Code   RO         4075    i.HAL_SYSTICK_IRQHandler  stm32f7xx_hal_cortex.o
    0x08001a00   0x08001a00   0x00000164   Code   RO          343    i.MX_GPIO_Init      main.o
    0x08001b64   0x08001b64   0x0000005c   Code   RO          136    i.MX_LWIP_Init      lwip.o
    0x08001bc0   0x08001bc0   0x00000022   Code   RO         4076    i.NVIC_SetPriority  stm32f7xx_hal_cortex.o
    0x08001be2   0x08001be2   0x00000002   Code   RO            4    i.PendSV_Handler    stm32f7xx_it.o
    0x08001be4   0x08001be4   0x00000002   Code   RO            5    i.SVC_Handler       stm32f7xx_it.o
    0x08001be6   0x08001be6   0x0000000e   Code   RO            6    i.SysTick_Handler   stm32f7xx_it.o
    0x08001bf4   0x08001bf4   0x000000a8   Code   RO          344    i.SystemClock_Config  main.o
    0x08001c9c   0x08001c9c   0x00000054   Code   RO         5220    i.SystemInit        system_stm32f7xx.o
    0x08001cf0   0x08001cf0   0x0000000e   Code   RO         5292    i.__scatterload_copy  mc_w.l(handlers.o)
    0x08001cfe   0x08001cfe   0x00000002   Code   RO         5293    i.__scatterload_null  mc_w.l(handlers.o)
    0x08001d00   0x08001d00   0x0000000e   Code   RO         5294    i.__scatterload_zeroinit  mc_w.l(handlers.o)
    0x08001d0e   0x08001d0e   0x00000002   Code   RO          346    i.assert_failed     main.o
    0x08001d10   0x08001d10   0x0000001c   Code   RO         3086    i.cyclic_timer      timeouts.o
    0x08001d2c   0x08001d2c   0x0000001e   Code   RO         1093    i.dhcp_arp_reply    dhcp.o
    0x08001d4a   0x08001d4a   0x000000d6   Code   RO         1094    i.dhcp_bind         dhcp.o
    0x08001e20   0x08001e20   0x00000034   Code   RO         1095    i.dhcp_check        dhcp.o
    0x08001e54   0x08001e54   0x000000ac   Code   RO         1097    i.dhcp_coarse_tmr   dhcp.o
    0x08001f00   0x08001f00   0x00000134   Code   RO         1098    i.dhcp_create_msg   dhcp.o
    0x08002034   0x08002034   0x00000020   Code   RO         1099    i.dhcp_dec_pcb_refcount  dhcp.o
    0x08002054   0x08002054   0x00000088   Code   RO         1100    i.dhcp_decline      dhcp.o
    0x080020dc   0x080020dc   0x00000016   Code   RO         1101    i.dhcp_delete_msg   dhcp.o
    0x080020f2   0x080020f2   0x00000002   PAD
    0x080020f4   0x080020f4   0x000000cc   Code   RO         1102    i.dhcp_discover     dhcp.o
    0x080021c0   0x080021c0   0x00000034   Code   RO         1103    i.dhcp_fine_tmr     dhcp.o
    0x080021f4   0x080021f4   0x0000008c   Code   RO         1104    i.dhcp_handle_ack   dhcp.o
    0x08002280   0x08002280   0x00000050   Code   RO         1105    i.dhcp_inc_pcb_refcount  dhcp.o
    0x080022d0   0x080022d0   0x00000020   Code   RO         1108    i.dhcp_option       dhcp.o
    0x080022f0   0x080022f0   0x00000012   Code   RO         1109    i.dhcp_option_byte  dhcp.o
    0x08002302   0x08002302   0x00000042   Code   RO         1110    i.dhcp_option_long  dhcp.o
    0x08002344   0x08002344   0x00000022   Code   RO         1111    i.dhcp_option_short  dhcp.o
    0x08002366   0x08002366   0x00000030   Code   RO         1112    i.dhcp_option_trailer  dhcp.o
    0x08002396   0x08002396   0x00000002   PAD
    0x08002398   0x08002398   0x0000020c   Code   RO         1113    i.dhcp_parse_reply  dhcp.o
    0x080025a4   0x080025a4   0x000000b8   Code   RO         1114    i.dhcp_rebind       dhcp.o
    0x0800265c   0x0800265c   0x000000d4   Code   RO         1115    i.dhcp_reboot       dhcp.o
    0x08002730   0x08002730   0x0000012c   Code   RO         1116    i.dhcp_recv         dhcp.o
    0x0800285c   0x0800285c   0x000000a8   Code   RO         1117    i.dhcp_release      dhcp.o
    0x08002904   0x08002904   0x000000b8   Code   RO         1118    i.dhcp_renew        dhcp.o
    0x080029bc   0x080029bc   0x000000f8   Code   RO         1119    i.dhcp_select       dhcp.o
    0x08002ab4   0x08002ab4   0x00000010   Code   RO         1120    i.dhcp_set_state    dhcp.o
    0x08002ac4   0x08002ac4   0x00000060   Code   RO         1122    i.dhcp_start        dhcp.o
    0x08002b24   0x08002b24   0x00000024   Code   RO         1123    i.dhcp_stop         dhcp.o
    0x08002b48   0x08002b48   0x00000018   Code   RO         1124    i.dhcp_supplied_address  dhcp.o
    0x08002b60   0x08002b60   0x00000066   Code   RO         1125    i.dhcp_timeout      dhcp.o
    0x08002bc6   0x08002bc6   0x00000002   PAD
    0x08002bc8   0x08002bc8   0x00000098   Code   RO         3273    i.dns_call_found    dns.o
    0x08002c60   0x08002c60   0x000000b8   Code   RO         3274    i.dns_check_entry   dns.o
    0x08002d18   0x08002d18   0x00000002   Code   RO         3280    i.dns_init          dns.o
    0x08002d1a   0x08002d1a   0x00000002   PAD
    0x08002d1c   0x08002d1c   0x0000010c   Code   RO         3282    i.dns_send          dns.o
    0x08002e28   0x08002e28   0x00000020   Code   RO         3283    i.dns_setserver     dns.o
    0x08002e48   0x08002e48   0x00000014   Code   RO         3284    i.dns_tmr           dns.o
    0x08002e5c   0x08002e5c   0x0000000c   Code   RO         1371    i.do_memp_free_pool  memp.o
    0x08002e68   0x08002e68   0x0000000e   Code   RO         1372    i.do_memp_malloc_pool  memp.o
    0x08002e76   0x08002e76   0x00000002   PAD
    0x08002e78   0x08002e78   0x00000058   Code   RO          471    i.echo_accept       net.o
    0x08002ed0   0x08002ed0   0x00000040   Code   RO          472    i.echo_close        net.o
    0x08002f10   0x08002f10   0x0000000a   Code   RO          473    i.echo_error        net.o
    0x08002f1a   0x08002f1a   0x00000002   PAD
    0x08002f1c   0x08002f1c   0x0000003c   Code   RO          474    i.echo_init         net.o
    0x08002f58   0x08002f58   0x00000040   Code   RO          475    i.echo_poll         net.o
    0x08002f98   0x08002f98   0x00000080   Code   RO          476    i.echo_recv         net.o
    0x08003018   0x08003018   0x00000050   Code   RO          477    i.echo_send         net.o
    0x08003068   0x08003068   0x00000034   Code   RO          478    i.echo_sent         net.o
    0x0800309c   0x0800309c   0x00000030   Code   RO         2072    i.etharp_cleanup_netif  etharp.o
    0x080030cc   0x080030cc   0x000000dc   Code   RO         2074    i.etharp_find_entry  etharp.o
    0x080031a8   0x080031a8   0x00000024   Code   RO         2075    i.etharp_free_entry  etharp.o
    0x080031cc   0x080031cc   0x000000b2   Code   RO         2077    i.etharp_input      etharp.o
    0x0800327e   0x0800327e   0x00000002   PAD
    0x08003280   0x08003280   0x000000e8   Code   RO         2078    i.etharp_output     etharp.o
    0x08003368   0x08003368   0x00000060   Code   RO         2079    i.etharp_output_to_arp_index  etharp.o
    0x080033c8   0x080033c8   0x000000f0   Code   RO         2080    i.etharp_query      etharp.o
    0x080034b8   0x080034b8   0x00000088   Code   RO         2081    i.etharp_raw        etharp.o
    0x08003540   0x08003540   0x0000000c   Code   RO         2082    i.etharp_request    etharp.o
    0x0800354c   0x0800354c   0x00000020   Code   RO         2083    i.etharp_request_dst  etharp.o
    0x0800356c   0x0800356c   0x00000060   Code   RO         2084    i.etharp_tmr        etharp.o
    0x080035cc   0x080035cc   0x00000080   Code   RO         2085    i.etharp_update_arp_entry  etharp.o
    0x0800364c   0x0800364c   0x000000a0   Code   RO         2989    i.ethernet_input    ethernet.o
    0x080036ec   0x080036ec   0x0000004a   Code   RO         2990    i.ethernet_output   ethernet.o
    0x08003736   0x08003736   0x00000002   PAD
    0x08003738   0x08003738   0x00000028   Code   RO          395    i.ethernetif_init   ethernetif.o
    0x08003760   0x08003760   0x00000022   Code   RO          396    i.ethernetif_input  ethernetif.o
    0x08003782   0x08003782   0x00000008   Code   RO         3421    i.icmp_dest_unreach  icmp.o
    0x0800378a   0x0800378a   0x00000002   PAD
    0x0800378c   0x0800378c   0x000000f8   Code   RO         3422    i.icmp_input        icmp.o
    0x08003884   0x08003884   0x0000006c   Code   RO         3423    i.icmp_send_response  icmp.o
    0x080038f0   0x080038f0   0x00000008   Code   RO         3424    i.icmp_time_exceeded  icmp.o
    0x080038f8   0x080038f8   0x0000002e   Code   RO          709    i.ip4_addr_isbroadcast_u32  ip4_addr.o
    0x08003926   0x08003926   0x00000002   PAD
    0x08003928   0x08003928   0x00000160   Code   RO          872    i.ip4_frag          ip4_frag.o
    0x08003a88   0x08003a88   0x000001b8   Code   RO         1303    i.ip4_input         ip4.o
    0x08003c40   0x08003c40   0x0000001e   Code   RO         1305    i.ip4_output_if     ip4.o
    0x08003c5e   0x08003c5e   0x00000002   PAD
    0x08003c60   0x08003c60   0x000000ac   Code   RO         1306    i.ip4_output_if_src  ip4.o
    0x08003d0c   0x08003d0c   0x00000194   Code   RO          873    i.ip4_reass         ip4_frag.o
    0x08003ea0   0x08003ea0   0x0000005c   Code   RO         1307    i.ip4_route         ip4.o
    0x08003efc   0x08003efc   0x00000008   Code   RO          874    i.ip_frag_free_pbuf_custom_ref  ip4_frag.o
    0x08003f04   0x08003f04   0x000000f0   Code   RO          875    i.ip_reass_chain_frag_into_datagram_and_validate  ip4_frag.o
    0x08003ff4   0x08003ff4   0x00000024   Code   RO          876    i.ip_reass_dequeue_datagram  ip4_frag.o
    0x08004018   0x08004018   0x00000070   Code   RO          877    i.ip_reass_free_complete_datagram  ip4_frag.o
    0x08004088   0x08004088   0x00000080   Code   RO          878    i.ip_reass_remove_oldest_datagram  ip4_frag.o
    0x08004108   0x08004108   0x0000002c   Code   RO          879    i.ip_reass_tmr      ip4_frag.o
    0x08004134   0x08004134   0x00000016   Code   RO          880    i.ipfrag_free_pbuf_custom  ip4_frag.o
    0x0800414a   0x0800414a   0x00000002   PAD
    0x0800414c   0x0800414c   0x000000f4   Code   RO          397    i.low_level_init    ethernetif.o
    0x08004240   0x08004240   0x000000c4   Code   RO          398    i.low_level_input   ethernetif.o
    0x08004304   0x08004304   0x000000b0   Code   RO          399    i.low_level_output  ethernetif.o
    0x080043b4   0x080043b4   0x00000004   Code   RO         3199    i.lwip_htonl        def.o
    0x080043b8   0x080043b8   0x00000004   Code   RO         3200    i.lwip_htons        def.o
    0x080043bc   0x080043bc   0x00000022   Code   RO         1555    i.lwip_init         init.o
    0x080043de   0x080043de   0x00000002   PAD
    0x080043e0   0x080043e0   0x00000024   Code   RO          347    i.main              main.o
    0x08004404   0x08004404   0x0000002c   Code   RO          983    i.mem_free          mem.o
    0x08004430   0x08004430   0x00000034   Code   RO          984    i.mem_init          mem.o
    0x08004464   0x08004464   0x000000a8   Code   RO          985    i.mem_malloc        mem.o
    0x0800450c   0x0800450c   0x000000d4   Code   RO          986    i.mem_trim          mem.o
    0x080045e0   0x080045e0   0x00000018   Code   RO         1373    i.memp_free         memp.o
    0x080045f8   0x080045f8   0x00000020   Code   RO         1375    i.memp_init         memp.o
    0x08004618   0x08004618   0x0000002a   Code   RO         1376    i.memp_init_pool    memp.o
    0x08004642   0x08004642   0x00000002   PAD
    0x08004644   0x08004644   0x00000018   Code   RO         1377    i.memp_malloc       memp.o
    0x0800465c   0x0800465c   0x00000054   Code   RO          555    i.netif_add         netif.o
    0x080046b0   0x080046b0   0x00000002   Code   RO          557    i.netif_init        netif.o
    0x080046b2   0x080046b2   0x0000001a   Code   RO          559    i.netif_issue_reports  netif.o
    0x080046cc   0x080046cc   0x00000048   Code   RO          561    i.netif_set_addr    netif.o
    0x08004714   0x08004714   0x0000000c   Code   RO          562    i.netif_set_default  netif.o
    0x08004720   0x08004720   0x0000001a   Code   RO          563    i.netif_set_down    netif.o
    0x0800473a   0x0800473a   0x00000008   Code   RO          564    i.netif_set_gw      netif.o
    0x08004742   0x08004742   0x00000002   PAD
    0x08004744   0x08004744   0x00000040   Code   RO          565    i.netif_set_ipaddr  netif.o
    0x08004784   0x08004784   0x00000008   Code   RO          568    i.netif_set_netmask  netif.o
    0x0800478c   0x0800478c   0x0000001c   Code   RO          569    i.netif_set_up      netif.o
    0x080047a8   0x080047a8   0x00000128   Code   RO         2440    i.pbuf_alloc        pbuf.o
    0x080048d0   0x080048d0   0x00000052   Code   RO         2441    i.pbuf_alloced_custom  pbuf.o
    0x08004922   0x08004922   0x00000028   Code   RO         2442    i.pbuf_cat          pbuf.o
    0x0800494a   0x0800494a   0x00000012   Code   RO         2443    i.pbuf_chain        pbuf.o
    0x0800495c   0x0800495c   0x00000012   Code   RO         2444    i.pbuf_clen         pbuf.o
    0x0800496e   0x0800496e   0x0000009a   Code   RO         2446    i.pbuf_copy         pbuf.o
    0x08004a08   0x08004a08   0x00000066   Code   RO         2447    i.pbuf_copy_partial  pbuf.o
    0x08004a6e   0x08004a6e   0x00000052   Code   RO         2449    i.pbuf_free         pbuf.o
    0x08004ac0   0x08004ac0   0x0000002c   Code   RO         2450    i.pbuf_free_ooseq   pbuf.o
    0x08004aec   0x08004aec   0x00000006   Code   RO         2452    i.pbuf_header       pbuf.o
    0x08004af2   0x08004af2   0x00000006   Code   RO         2453    i.pbuf_header_force  pbuf.o
    0x08004af8   0x08004af8   0x00000064   Code   RO         2454    i.pbuf_header_impl  pbuf.o
    0x08004b5c   0x08004b5c   0x0000001e   Code   RO         2457    i.pbuf_put_at       pbuf.o
    0x08004b7a   0x08004b7a   0x00000054   Code   RO         2458    i.pbuf_realloc      pbuf.o
    0x08004bce   0x08004bce   0x0000000c   Code   RO         2459    i.pbuf_ref          pbuf.o
    0x08004bda   0x08004bda   0x00000004   Code   RO         2460    i.pbuf_skip         pbuf.o
    0x08004bde   0x08004bde   0x00000018   Code   RO         2461    i.pbuf_skip_const   pbuf.o
    0x08004bf6   0x08004bf6   0x00000054   Code   RO         2463    i.pbuf_take         pbuf.o
    0x08004c4a   0x08004c4a   0x00000052   Code   RO         2464    i.pbuf_take_at      pbuf.o
    0x08004c9c   0x08004c9c   0x00000054   Code   RO          987    i.plug_holes        mem.o
    0x08004cf0   0x08004cf0   0x00000058   Code   RO         3087    i.sys_check_timeouts  timeouts.o
    0x08004d48   0x08004d48   0x00000004   Code   RO          401    i.sys_now           ethernetif.o
    0x08004d4c   0x08004d4c   0x00000090   Code   RO         3089    i.sys_timeout       timeouts.o
    0x08004ddc   0x08004ddc   0x00000034   Code   RO         3090    i.sys_timeouts_init  timeouts.o
    0x08004e10   0x08004e10   0x000000d8   Code   RO         1690    i.tcp_abandon       tcp.o
    0x08004ee8   0x08004ee8   0x00000006   Code   RO         1691    i.tcp_abort         tcp.o
    0x08004eee   0x08004eee   0x0000000e   Code   RO         1692    i.tcp_accept        tcp.o
    0x08004efc   0x08004efc   0x0000000e   Code   RO         1693    i.tcp_accept_null   tcp.o
    0x08004f0a   0x08004f0a   0x00000002   PAD
    0x08004f0c   0x08004f0c   0x00000110   Code   RO         1694    i.tcp_alloc         tcp.o
    0x0800501c   0x0800501c   0x00000008   Code   RO         1695    i.tcp_arg           tcp.o
    0x08005024   0x08005024   0x00000094   Code   RO         1696    i.tcp_bind          tcp.o
    0x080050b8   0x080050b8   0x00000014   Code   RO         1697    i.tcp_close         tcp.o
    0x080050cc   0x080050cc   0x00000164   Code   RO         1698    i.tcp_close_shutdown  tcp.o
    0x08005230   0x08005230   0x00000098   Code   RO         2318    i.tcp_create_segment  tcp_out.o
    0x080052c8   0x080052c8   0x00000022   Code   RO         1701    i.tcp_eff_send_mss_impl  tcp.o
    0x080052ea   0x080052ea   0x00000096   Code   RO         2319    i.tcp_enqueue_flags  tcp_out.o
    0x08005380   0x08005380   0x0000000a   Code   RO         1702    i.tcp_err           tcp.o
    0x0800538a   0x0800538a   0x00000002   PAD
    0x0800538c   0x0800538c   0x00000058   Code   RO         1703    i.tcp_fasttmr       tcp.o
    0x080053e4   0x080053e4   0x00000030   Code   RO         2913    i.tcp_getoptbyte    tcp_in.o
    0x08005414   0x08005414   0x00000002   Code   RO         1704    i.tcp_init          tcp.o
    0x08005416   0x08005416   0x00000002   PAD
    0x08005418   0x08005418   0x0000036c   Code   RO         2914    i.tcp_input         tcp_in.o
    0x08005784   0x08005784   0x00000052   Code   RO         2320    i.tcp_keepalive     tcp_out.o
    0x080057d6   0x080057d6   0x00000002   PAD
    0x080057d8   0x080057d8   0x0000003c   Code   RO         1705    i.tcp_kill_state    tcp.o
    0x08005814   0x08005814   0x000000ec   Code   RO         2915    i.tcp_listen_input  tcp_in.o
    0x08005900   0x08005900   0x00000084   Code   RO         1706    i.tcp_listen_with_backlog  tcp.o
    0x08005984   0x08005984   0x0000004c   Code   RO         1707    i.tcp_netif_ip_addr_changed  tcp.o
    0x080059d0   0x080059d0   0x00000022   Code   RO         1708    i.tcp_netif_ip_addr_changed_pcblist  tcp.o
    0x080059f2   0x080059f2   0x00000006   Code   RO         1709    i.tcp_new           tcp.o
    0x080059f8   0x080059f8   0x0000005c   Code   RO         1711    i.tcp_new_port      tcp.o
    0x08005a54   0x08005a54   0x00000010   Code   RO         1712    i.tcp_next_iss      tcp.o
    0x08005a64   0x08005a64   0x0000007c   Code   RO         2916    i.tcp_oos_insert_segment  tcp_in.o
    0x08005ae0   0x08005ae0   0x000001c8   Code   RO         2321    i.tcp_output        tcp_out.o
    0x08005ca8   0x08005ca8   0x0000006c   Code   RO         2322    i.tcp_output_alloc_header  tcp_out.o
    0x08005d14   0x08005d14   0x000000b0   Code   RO         2323    i.tcp_output_segment  tcp_out.o
    0x08005dc4   0x08005dc4   0x00000074   Code   RO         2917    i.tcp_parseopt      tcp_in.o
    0x08005e38   0x08005e38   0x0000004e   Code   RO         2324    i.tcp_pbuf_prealloc  tcp_out.o
    0x08005e86   0x08005e86   0x00000042   Code   RO         1713    i.tcp_pcb_purge     tcp.o
    0x08005ec8   0x08005ec8   0x00000050   Code   RO         1714    i.tcp_pcb_remove    tcp.o
    0x08005f18   0x08005f18   0x00000008   Code   RO         1715    i.tcp_poll          tcp.o
    0x08005f20   0x08005f20   0x00000374   Code   RO         2918    i.tcp_process       tcp_in.o
    0x08006294   0x08006294   0x0000006c   Code   RO         1716    i.tcp_process_refused_data  tcp.o
    0x08006300   0x08006300   0x000006d4   Code   RO         2919    i.tcp_receive       tcp_in.o
    0x080069d4   0x080069d4   0x0000000a   Code   RO         1717    i.tcp_recv          tcp.o
    0x080069de   0x080069de   0x00000024   Code   RO         1718    i.tcp_recv_null     tcp.o
    0x08006a02   0x08006a02   0x00000042   Code   RO         1719    i.tcp_recved        tcp.o
    0x08006a44   0x08006a44   0x00000052   Code   RO         2325    i.tcp_rexmit        tcp_out.o
    0x08006a96   0x08006a96   0x0000005c   Code   RO         2326    i.tcp_rexmit_fast   tcp_out.o
    0x08006af2   0x08006af2   0x0000002c   Code   RO         2327    i.tcp_rexmit_rto    tcp_out.o
    0x08006b1e   0x08006b1e   0x00000080   Code   RO         2328    i.tcp_rst           tcp_out.o
    0x08006b9e   0x08006b9e   0x00000028   Code   RO         1720    i.tcp_seg_copy      tcp.o
    0x08006bc6   0x08006bc6   0x0000001c   Code   RO         1721    i.tcp_seg_free      tcp.o
    0x08006be2   0x08006be2   0x00000012   Code   RO         1722    i.tcp_segs_free     tcp.o
    0x08006bf4   0x08006bf4   0x00000072   Code   RO         2329    i.tcp_send_empty_ack  tcp_out.o
    0x08006c66   0x08006c66   0x00000044   Code   RO         2330    i.tcp_send_fin      tcp_out.o
    0x08006caa   0x08006caa   0x00000008   Code   RO         1723    i.tcp_sent          tcp.o
    0x08006cb2   0x08006cb2   0x00000004   Code   RO         1724    i.tcp_setprio       tcp.o
    0x08006cb6   0x08006cb6   0x00000002   PAD
    0x08006cb8   0x08006cb8   0x00000284   Code   RO         1726    i.tcp_slowtmr       tcp.o
    0x08006f3c   0x08006f3c   0x00000034   Code   RO         3093    i.tcp_timer_needed  timeouts.o
    0x08006f70   0x08006f70   0x00000068   Code   RO         2920    i.tcp_timewait_input  tcp_in.o
    0x08006fd8   0x08006fd8   0x00000020   Code   RO         1727    i.tcp_tmr           tcp.o
    0x08006ff8   0x08006ff8   0x00000010   Code   RO         2921    i.tcp_trigger_input_pcb_close  tcp_in.o
    0x08007008   0x08007008   0x00000036   Code   RO         1729    i.tcp_update_rcv_ann_wnd  tcp.o
    0x0800703e   0x0800703e   0x000002f6   Code   RO         2331    i.tcp_write         tcp_out.o
    0x08007334   0x08007334   0x000000ae   Code   RO         2332    i.tcp_zero_window_probe  tcp_out.o
    0x080073e2   0x080073e2   0x00000002   PAD
    0x080073e4   0x080073e4   0x00000038   Code   RO         3094    i.tcpip_tcp_timer   timeouts.o
    0x0800741c   0x0800741c   0x000000b8   Code   RO         2752    i.udp_bind          udp.o
    0x080074d4   0x080074d4   0x00000050   Code   RO         2753    i.udp_connect       udp.o
    0x08007524   0x08007524   0x00000002   Code   RO         2755    i.udp_init          udp.o
    0x08007526   0x08007526   0x00000002   PAD
    0x08007528   0x08007528   0x00000124   Code   RO         2756    i.udp_input         udp.o
    0x0800764c   0x0800764c   0x00000034   Code   RO         2757    i.udp_netif_ip_addr_changed  udp.o
    0x08007680   0x08007680   0x0000001a   Code   RO         2758    i.udp_new           udp.o
    0x0800769a   0x0800769a   0x00000006   Code   RO         2760    i.udp_recv          udp.o
    0x080076a0   0x080076a0   0x00000030   Code   RO         2761    i.udp_remove        udp.o
    0x080076d0   0x080076d0   0x00000032   Code   RO         2763    i.udp_sendto        udp.o
    0x08007702   0x08007702   0x00000036   Code   RO         2764    i.udp_sendto_if     udp.o
    0x08007738   0x08007738   0x000000a6   Code   RO         2765    i.udp_sendto_if_src  udp.o
    0x080077de   0x080077de   0x00000002   PAD
    0x080077e0   0x080077e0   0x00000004   Data   RO          716    .constdata          ip4_addr.o
    0x080077e4   0x080077e4   0x00000004   Data   RO          717    .constdata          ip4_addr.o
    0x080077e8   0x080077e8   0x0000000c   Data   RO         1388    .constdata          memp.o
    0x080077f4   0x080077f4   0x0000000c   Data   RO         1389    .constdata          memp.o
    0x08007800   0x08007800   0x0000000c   Data   RO         1390    .constdata          memp.o
    0x0800780c   0x0800780c   0x0000000c   Data   RO         1391    .constdata          memp.o
    0x08007818   0x08007818   0x0000000c   Data   RO         1392    .constdata          memp.o
    0x08007824   0x08007824   0x0000000c   Data   RO         1393    .constdata          memp.o
    0x08007830   0x08007830   0x0000000c   Data   RO         1394    .constdata          memp.o
    0x0800783c   0x0800783c   0x0000000c   Data   RO         1395    .constdata          memp.o
    0x08007848   0x08007848   0x0000000c   Data   RO         1396    .constdata          memp.o
    0x08007854   0x08007854   0x00000024   Data   RO         1397    .constdata          memp.o
    0x08007878   0x08007878   0x00000054   Data   RO         1730    .constdata          tcp.o
    0x080078cc   0x080078cc   0x00000006   Data   RO         2991    .constdata          ethernet.o
    0x080078d2   0x080078d2   0x00000006   Data   RO         2992    .constdata          ethernet.o
    0x080078d8   0x080078d8   0x00000030   Data   RO         3095    .constdata          timeouts.o
    0x08007908   0x08007908   0x00000010   Data   RO         5221    .constdata          system_stm32f7xx.o
    0x08007918   0x08007918   0x00000075   Data   RO         1731    .conststring        tcp.o
    0x0800798d   0x0800798d   0x00000003   PAD
    0x08007990   0x08007990   0x00000020   Data   RO         5290    Region$$Table       anon$$obj.o


    Execution Region RW_IRAM1 (Exec base: 0x20000000, Load base: 0x080079b0, Size: 0x0000acf8, Max: 0x00080000, ABSOLUTE)

    Exec Addr    Load Addr    Size         Type   Attr      Idx    E Section Name        Object

    0x20000000   0x080079b0   0x0000000c   Data   RW          145    .data               lwip.o
    0x2000000c   0x080079bc   0x00000004   Data   RW          479    .data               net.o
    0x20000010   0x080079c0   0x0000000c   Data   RW          570    .data               netif.o
    0x2000001c   0x080079cc   0x00000008   Data   RW          881    .data               ip4_frag.o
    0x20000024   0x080079d4   0x0000000c   Data   RW          989    .data               mem.o
    0x20000030   0x080079e0   0x00000010   Data   RW         1127    .data               dhcp.o
    0x20000040   0x080079f0   0x00000002   Data   RW         1308    .data               ip4.o
    0x20000042   0x080079f2   0x00000002   PAD
    0x20000044   0x080079f4   0x00000004   Data   RW         1398    .data               memp.o
    0x20000048   0x080079f8   0x00000004   Data   RW         1399    .data               memp.o
    0x2000004c   0x080079fc   0x00000004   Data   RW         1400    .data               memp.o
    0x20000050   0x08007a00   0x00000004   Data   RW         1401    .data               memp.o
    0x20000054   0x08007a04   0x00000004   Data   RW         1402    .data               memp.o
    0x20000058   0x08007a08   0x00000004   Data   RW         1403    .data               memp.o
    0x2000005c   0x08007a0c   0x00000004   Data   RW         1404    .data               memp.o
    0x20000060   0x08007a10   0x00000004   Data   RW         1405    .data               memp.o
    0x20000064   0x08007a14   0x00000004   Data   RW         1406    .data               memp.o
    0x20000068   0x08007a18   0x00000020   Data   RW         1732    .data               tcp.o
    0x20000088   0x08007a38   0x00000001   Data   RW         2087    .data               etharp.o
    0x20000089   0x08007a39   0x00000001   Data   RW         2466    .data               pbuf.o
    0x2000008a   0x08007a3a   0x00000002   PAD
    0x2000008c   0x08007a3c   0x00000008   Data   RW         2766    .data               udp.o
    0x20000094   0x08007a44   0x00000024   Data   RW         2923    .data               tcp_in.o
    0x200000b8   0x08007a68   0x0000000c   Data   RW         3096    .data               timeouts.o
    0x200000c4   0x08007a74   0x0000000c   Data   RW         3286    .data               dns.o
    0x200000d0   0x08007a80   0x00000004   Data   RW         4989    .data               stm32f7xx_hal.o
    0x200000d4   0x08007a84   0x00000004   Data   RW         5223    .data               system_stm32f7xx.o
    0x200000d8   0x08007a88   0x00000004   Data   RW         5258    .data               mc_w.l(rand.o)
    0x200000dc        -       0x00000034   Zero   RW          142    .bss                lwip.o
    0x20000110        -       0x000030e8   Zero   RW          402    .bss                ethernetif.o
    0x200031f8        -       0x00000653   Zero   RW          988    .bss                mem.o
    0x2000384b   0x08007a8c   0x00000001   PAD
    0x2000384c        -       0x00000032   Zero   RW         1126    .bss                dhcp.o
    0x2000387e        -       0x00000083   Zero   RW         1379    .bss                memp.o
    0x20003901        -       0x000002fb   Zero   RW         1380    .bss                memp.o
    0x20003bfc        -       0x000000e3   Zero   RW         1381    .bss                memp.o
    0x20003cdf        -       0x00000103   Zero   RW         1382    .bss                memp.o
    0x20003de2        -       0x000000a3   Zero   RW         1383    .bss                memp.o
    0x20003e85        -       0x0000016b   Zero   RW         1384    .bss                memp.o
    0x20003ff0        -       0x00000063   Zero   RW         1385    .bss                memp.o
    0x20004053        -       0x00000103   Zero   RW         1386    .bss                memp.o
    0x20004156        -       0x00002603   Zero   RW         1387    .bss                memp.o
    0x20006759   0x08007a8c   0x00000003   PAD
    0x2000675c        -       0x000000f0   Zero   RW         2086    .bss                etharp.o
    0x2000684c        -       0x00000018   Zero   RW         2710    .bss                ip.o
    0x20006864        -       0x00000010   Zero   RW         2922    .bss                tcp_in.o
    0x20006874        -       0x00000480   Zero   RW         3285    .bss                dns.o
    0x20006cf4   0x08007a8c   0x00000004   PAD
    0x20006cf8        -       0x00004000   Zero   RW         3477    STACK               startup_stm32f767xx.o


==============================================================================

Image component sizes


      Code (inc. data)   RO Data    RW Data    ZI Data      Debug   Object Name

         8          0          0          0          0       1186   def.o
      3734        126          0         16         50      30906   dhcp.o
       658         34          0         12       1152       8657   dns.o
      1454         56          0          1        240      12827   etharp.o
       234          6         12          0          0       2842   ethernet.o
       850         62          0          0      12520       6542   ethernetif.o
       372          4          0          0          0       3926   icmp.o
        34          0          0          0          0        608   init.o
         0          0          0          0         24       3090   ip.o
       734         30          0          2          0       5476   ip4.o
        46          0          8          0          0       7166   ip4_addr.o
      1346         36          0          8          0      11122   ip4_frag.o
        92         16          0         12         52      20008   lwip.o
       562         48          0          0          0       3300   main.o
       560         30          0         12       1619       5561   mem.o
       148         16        144         36      11995      10310   memp.o
       546         34          0          4          0      11132   net.o
       330         14          0         12          0      20344   netif.o
      1268         28          0          1          0      27505   pbuf.o
        36          8        504          0      16384        844   startup_stm32f767xx.o
       112         18          0          4          0       4063   stm32f7xx_hal.o
       466        194          0          0          0      36956   stm32f7xx_hal_cortex.o
      2194        238          0          0          0      11347   stm32f7xx_hal_eth.o
       948        204          0          0          0       2904   stm32f7xx_hal_gpio.o
        88          0          0          0          0        570   stm32f7xx_hal_msp.o
       108          8          0          0          0       1352   stm32f7xx_hal_pwr_ex.o
      1858        156          0          0          0       4830   stm32f7xx_hal_rcc.o
        18          0          0          0          0     826369   stm32f7xx_it.o
        84         16         16          4          0       1347   system_stm32f7xx.o
      2806        112        201         32          0      37774   tcp.o
      4152        130          0         36         16      20199   tcp_in.o
      2662         10          0          0          0      17791   tcp_out.o
       420         66         48         12          0       6143   timeouts.o
       960         34          0          8          0      12072   udp.o

    ----------------------------------------------------------------------
     29946       1734        968        216      44060    1177069   Object Totals
         0          0         32          0          0          0   (incl. Generated)
        58          0          3          4          8          0   (incl. Padding)

    ----------------------------------------------------------------------

      Code (inc. data)   RO Data    RW Data    ZI Data      Debug   Library Member Name

         0          0          0          0          0          0   entry.o
         0          0          0          0          0          0   entry10a.o
         0          0          0          0          0          0   entry11a.o
         4          0          0          0          0          0   entry12b.o
         8          4          0          0          0          0   entry2.o
         4          0          0          0          0          0   entry5.o
         0          0          0          0          0          0   entry7b.o
         0          0          0          0          0          0   entry8b.o
         8          4          0          0          0          0   entry9a.o
        30          0          0          0          0          0   handlers.o
        36          8          0          0          0         68   init.o
        26          0          0          0          0         80   memcmp.o
        36          0          0          0          0         68   memcpya.o
        36          0          0          0          0        108   memseta.o
        36         10          0          4          0        136   rand.o
        14          0          0          0          0         68   strlen.o

    ----------------------------------------------------------------------
       238         26          0          4          0        528   Library Totals
         0          0          0          0          0          0   (incl. Padding)

    ----------------------------------------------------------------------

      Code (inc. data)   RO Data    RW Data    ZI Data      Debug   Library Name

       238         26          0          4          0        528   mc_w.l

    ----------------------------------------------------------------------
       238         26          0          4          0        528   Library Totals

    ----------------------------------------------------------------------

==============================================================================


      Code (inc. data)   RO Data    RW Data    ZI Data      Debug   

     30184       1760        968        220      44060    1154345   Grand Totals
     30184       1760        968        220      44060    1154345   ELF Image Totals
     30184       1760        968        220          0          0   ROM Totals

==============================================================================

    Total RO  Size (Code + RO Data)                31152 (  30.42kB)
    Total RW  Size (RW Data + ZI Data)             44280 (  43.24kB)
    Total ROM Size (Code + RO Data + RW Data)      31372 (  30.64kB)

==============================================================================

