Component: ARM Compiler 5.06 update 7 (build 960) Tool: armlink [4d3601]

==============================================================================

Section Cross References

    startup_stm32f767xx.o(RESET) refers to startup_stm32f767xx.o(STACK) for __initial_sp
    startup_stm32f767xx.o(RESET) refers to startup_stm32f767xx.o(.text) for Reset_Handler
    startup_stm32f767xx.o(RESET) refers to stm32f7xx_it.o(i.NMI_Handler) for NMI_Handler
    startup_stm32f767xx.o(RESET) refers to stm32f7xx_it.o(i.HardFault_Handler) for HardFault_Handler
    startup_stm32f767xx.o(RESET) refers to stm32f7xx_it.o(i.MemManage_Handler) for MemManage_Handler
    startup_stm32f767xx.o(RESET) refers to stm32f7xx_it.o(i.BusFault_Handler) for BusFault_Handler
    startup_stm32f767xx.o(RESET) refers to stm32f7xx_it.o(i.UsageFault_Handler) for UsageFault_Handler
    startup_stm32f767xx.o(RESET) refers to stm32f7xx_it.o(i.SVC_Handler) for SVC_Handler
    startup_stm32f767xx.o(RESET) refers to stm32f7xx_it.o(i.DebugMon_Handler) for DebugMon_Handler
    startup_stm32f767xx.o(RESET) refers to stm32f7xx_it.o(i.PendSV_Handler) for PendSV_Handler
    startup_stm32f767xx.o(RESET) refers to stm32f7xx_it.o(i.SysTick_Handler) for SysTick_Handler
    startup_stm32f767xx.o(.text) refers to system_stm32f7xx.o(i.SystemInit) for SystemInit
    startup_stm32f767xx.o(.text) refers to entry.o(.ARM.Collect$$$$00000000) for __main
    main.o(i.MX_GPIO_Init) refers to memseta.o(.text) for __aeabi_memclr4
    main.o(i.MX_GPIO_Init) refers to stm32f7xx_hal_gpio.o(i.HAL_GPIO_WritePin) for HAL_GPIO_WritePin
    main.o(i.MX_GPIO_Init) refers to stm32f7xx_hal_gpio.o(i.HAL_GPIO_Init) for HAL_GPIO_Init
    main.o(i.MX_USART3_UART_Init) refers to stm32f7xx_hal_uart.o(i.HAL_UART_Init) for HAL_UART_Init
    main.o(i.MX_USART3_UART_Init) refers to main.o(.bss) for .bss
    main.o(i.MX_USB_OTG_FS_PCD_Init) refers to stm32f7xx_hal_pcd.o(i.HAL_PCD_Init) for HAL_PCD_Init
    main.o(i.MX_USB_OTG_FS_PCD_Init) refers to main.o(.bss) for .bss
    main.o(i.SystemClock_Config) refers to memseta.o(.text) for __aeabi_memclr4
    main.o(i.SystemClock_Config) refers to stm32f7xx_hal_pwr.o(i.HAL_PWR_EnableBkUpAccess) for HAL_PWR_EnableBkUpAccess
    main.o(i.SystemClock_Config) refers to stm32f7xx_hal_rcc.o(i.HAL_RCC_OscConfig) for HAL_RCC_OscConfig
    main.o(i.SystemClock_Config) refers to stm32f7xx_hal_pwr_ex.o(i.HAL_PWREx_EnableOverDrive) for HAL_PWREx_EnableOverDrive
    main.o(i.SystemClock_Config) refers to stm32f7xx_hal_rcc.o(i.HAL_RCC_ClockConfig) for HAL_RCC_ClockConfig
    main.o(i.SystemClock_Config) refers to stm32f7xx_hal_rcc_ex.o(i.HAL_RCCEx_PeriphCLKConfig) for HAL_RCCEx_PeriphCLKConfig
    main.o(i.main) refers to stm32f7xx_hal.o(i.HAL_Init) for HAL_Init
    main.o(i.main) refers to main.o(i.SystemClock_Config) for SystemClock_Config
    main.o(i.main) refers to main.o(i.MX_GPIO_Init) for MX_GPIO_Init
    main.o(i.main) refers to main.o(i.MX_USART3_UART_Init) for MX_USART3_UART_Init
    main.o(i.main) refers to main.o(i.MX_USB_OTG_FS_PCD_Init) for MX_USB_OTG_FS_PCD_Init
    main.o(i.main) refers to lwip.o(i.MX_LWIP_Init) for MX_LWIP_Init
    main.o(i.main) refers to lwip.o(i.MX_LWIP_Process) for MX_LWIP_Process
    main.o(i.main) refers to lwip.o(.data) for IP_ADDRESS
    lwip.o(i.MX_LWIP_Init) refers to init.o(i.lwip_init) for lwip_init
    lwip.o(i.MX_LWIP_Init) refers to netif.o(i.netif_add) for netif_add
    lwip.o(i.MX_LWIP_Init) refers to netif.o(i.netif_set_default) for netif_set_default
    lwip.o(i.MX_LWIP_Init) refers to netif.o(i.netif_set_up) for netif_set_up
    lwip.o(i.MX_LWIP_Init) refers to netif.o(i.netif_set_down) for netif_set_down
    lwip.o(i.MX_LWIP_Init) refers to lwip.o(.data) for .data
    lwip.o(i.MX_LWIP_Init) refers to ethernet.o(i.ethernet_input) for ethernet_input
    lwip.o(i.MX_LWIP_Init) refers to ethernetif.o(i.ethernetif_init) for ethernetif_init
    lwip.o(i.MX_LWIP_Init) refers to lwip.o(.bss) for .bss
    lwip.o(i.MX_LWIP_Process) refers to ethernetif.o(i.ethernetif_input) for ethernetif_input
    lwip.o(i.MX_LWIP_Process) refers to timeouts.o(i.sys_check_timeouts) for sys_check_timeouts
    lwip.o(i.MX_LWIP_Process) refers to lwip.o(.bss) for .bss
    ethernetif.o(i.HAL_ETH_MspDeInit) refers to stm32f7xx_hal_gpio.o(i.HAL_GPIO_DeInit) for HAL_GPIO_DeInit
    ethernetif.o(i.HAL_ETH_MspInit) refers to memseta.o(.text) for __aeabi_memclr4
    ethernetif.o(i.HAL_ETH_MspInit) refers to stm32f7xx_hal_gpio.o(i.HAL_GPIO_Init) for HAL_GPIO_Init
    ethernetif.o(i.ethernetif_init) refers to printf3.o(i.__0printf$3) for __2printf
    ethernetif.o(i.ethernetif_init) refers to ethernetif.o(i.low_level_init) for low_level_init
    ethernetif.o(i.ethernetif_init) refers to etharp.o(i.etharp_output) for etharp_output
    ethernetif.o(i.ethernetif_init) refers to ethernetif.o(i.low_level_output) for low_level_output
[...]
    i.tcp_output_alloc_header                0x08007a7c   Section        0  tcp_out.o(i.tcp_output_alloc_header)
    tcp_output_alloc_header                  0x08007a7d   Thumb Code   130  tcp_out.o(i.tcp_output_alloc_header)
    i.tcp_output_segment                     0x08007b8c   Section        0  tcp_out.o(i.tcp_output_segment)
    tcp_output_segment                       0x08007b8d   Thumb Code   170  tcp_out.o(i.tcp_output_segment)
    i.tcp_parseopt                           0x08007c3c   Section        0  tcp_in.o(i.tcp_parseopt)
    tcp_parseopt                             0x08007c3d   Thumb Code   110  tcp_in.o(i.tcp_parseopt)
    i.tcp_pcb_purge                          0x08007cb0   Section        0  tcp.o(i.tcp_pcb_purge)
    i.tcp_pcb_remove                         0x08007cf4   Section        0  tcp.o(i.tcp_pcb_remove)
    i.tcp_process                            0x08007e24   Section        0  tcp_in.o(i.tcp_process)
    tcp_process                              0x08007e25   Thumb Code   934  tcp_in.o(i.tcp_process)
    i.tcp_process_refused_data               0x080082ac   Section        0  tcp.o(i.tcp_process_refused_data)
    i.tcp_receive                            0x08008318   Section        0  tcp_in.o(i.tcp_receive)
    tcp_receive                              0x08008319   Thumb Code  2610  tcp_in.o(i.tcp_receive)
    i.tcp_recv_null                          0x08008d4a   Section        0  tcp.o(i.tcp_recv_null)
    i.tcp_recved                             0x08008d70   Section        0  tcp.o(i.tcp_recved)
    i.tcp_rexmit                             0x08008e80   Section        0  tcp_out.o(i.tcp_rexmit)
    i.tcp_rexmit_fast                        0x08008ed6   Section        0  tcp_out.o(i.tcp_rexmit_fast)
    i.tcp_rexmit_rto                         0x08008f2e   Section        0  tcp_out.o(i.tcp_rexmit_rto)
    i.tcp_rst                                0x08008f60   Section        0  tcp_out.o(i.tcp_rst)
    i.tcp_seg_copy                           0x08009080   Section        0  tcp.o(i.tcp_seg_copy)
    i.tcp_seg_free                           0x080090a8   Section        0  tcp.o(i.tcp_seg_free)
    i.tcp_segs_free                          0x080090c4   Section        0  tcp.o(i.tcp_segs_free)
    i.tcp_send_empty_ack                     0x080090d6   Section        0  tcp_out.o(i.tcp_send_empty_ack)
    i.tcp_send_fin                           0x08009148   Section        0  tcp_out.o(i.tcp_send_fin)
    i.tcp_slowtmr                            0x0800918c   Section        0  tcp.o(i.tcp_slowtmr)
    i.tcp_timer_needed                       0x08009668   Section        0  timeouts.o(i.tcp_timer_needed)
    i.tcp_timewait_input                     0x0800969c   Section        0  tcp_in.o(i.tcp_timewait_input)
    tcp_timewait_input                       0x0800969d   Thumb Code    90  tcp_in.o(i.tcp_timewait_input)
    i.tcp_tmr                                0x08009704   Section        0  tcp.o(i.tcp_tmr)
    i.tcp_trigger_input_pcb_close            0x08009724   Section        0  tcp_in.o(i.tcp_trigger_input_pcb_close)
    i.tcp_update_rcv_ann_wnd                 0x08009734   Section        0  tcp.o(i.tcp_update_rcv_ann_wnd)
    i.tcp_zero_window_probe                  0x080097f4   Section        0  tcp_out.o(i.tcp_zero_window_probe)
    i.tcpip_tcp_timer                        0x080098a4   Section        0  timeouts.o(i.tcpip_tcp_timer)
    tcpip_tcp_timer                          0x080098a5   Thumb Code    40  timeouts.o(i.tcpip_tcp_timer)
    i.udp_init                               0x080098dc   Section        0  udp.o(i.udp_init)
    i.udp_input                              0x080098e0   Section        0  udp.o(i.udp_input)
    i.udp_netif_ip_addr_changed              0x08009a7c   Section        0  udp.o(i.udp_netif_ip_addr_changed)
    .constdata                               0x08009ab0   Section       16  system_stm32f7xx.o(.constdata)
    .constdata                               0x08009ac0   Section        8  system_stm32f7xx.o(.constdata)
    .constdata                               0x08009ac8   Section        6  ethernet.o(.constdata)
    .constdata                               0x08009ace   Section        6  ethernet.o(.constdata)
    .constdata                               0x08009ad4   Section       12  memp.o(.constdata)
    .constdata                               0x08009ae0   Section       12  memp.o(.constdata)
    .constdata                               0x08009aec   Section       12  memp.o(.constdata)
    .constdata                               0x08009af8   Section       12  memp.o(.constdata)
    .constdata                               0x08009b04   Section       12  memp.o(.constdata)
    .constdata                               0x08009b10   Section       12  memp.o(.constdata)
    .constdata                               0x08009b1c   Section       12  memp.o(.constdata)
    .constdata                               0x08009b28   Section       12  memp.o(.constdata)
    .constdata                               0x08009b34   Section       12  memp.o(.constdata)
    .constdata                               0x08009b40   Section       36  memp.o(.constdata)
    .constdata                               0x08009b64   Section       84  tcp.o(.constdata)
    tcp_persist_backoff                      0x08009b64   Data           7  tcp.o(.constdata)
    tcp_state_str                            0x08009b6c   Data          44  tcp.o(.constdata)
    tcp_backoff                              0x08009b98   Data          13  tcp.o(.constdata)
    .constdata                               0x08009bb8   Section       24  timeouts.o(.constdata)
    .constdata                               0x08009bd0   Section        4  ip4_addr.o(.constdata)
    .conststring                             0x08009bd4   Section      117  tcp.o(.conststring)
    .conststring                             0x08009c4c   Section       85  tcp_out.o(.conststring)
    .conststring                             0x08009ca4   Section       65  etharp.o(.conststring)
    .data                                    0x20000000   Section       24  lwip.o(.data)
    .data                                    0x20000018   Section       12  stm32f7xx_hal.o(.data)
    .data                                    0x20000024   Section        4  system_stm32f7xx.o(.data)
    .data                                    0x20000028   Section       12  mem.o(.data)
    ram                                      0x20000028   Data           4  mem.o(.data)
    ram_end                                  0x2000002c   Data           4  mem.o(.data)
    lfree                                    0x20000030   Data           4  mem.o(.data)
    .data                                    0x20000034   Section        4  memp.o(.data)
    memp_tab_UDP_PCB                         0x20000034   Data           4  memp.o(.data)
    .data                                    0x20000038   Section        4  memp.o(.data)
    memp_tab_TCP_PCB                         0x20000038   Data           4  memp.o(.data)
    .data                                    0x2000003c   Section        4  memp.o(.data)
    memp_tab_TCP_PCB_LISTEN                  0x2000003c   Data           4  memp.o(.data)
    .data                                    0x20000040   Section        4  memp.o(.data)
    memp_tab_TCP_SEG                         0x20000040   Data           4  memp.o(.data)
    .data                                    0x20000044   Section        4  memp.o(.data)
    memp_tab_REASSDATA                       0x20000044   Data           4  memp.o(.data)
    .data                                    0x20000048   Section        4  memp.o(.data)
    memp_tab_FRAG_PBUF                       0x20000048   Data           4  memp.o(.data)
    .data                                    0x2000004c   Section        4  memp.o(.data)
    memp_tab_SYS_TIMEOUT                     0x2000004c   Data           4  memp.o(.data)
    .data                                    0x20000050   Section        4  memp.o(.data)
    memp_tab_PBUF                            0x20000050   Data           4  memp.o(.data)
    .data                                    0x20000054   Section        4  memp.o(.data)
    memp_tab_PBUF_POOL                       0x20000054   Data           4  memp.o(.data)
    .data                                    0x20000058   Section       12  netif.o(.data)
    netif_num                                0x20000058   Data           1  netif.o(.data)
    .data                                    0x20000064   Section        1  pbuf.o(.data)
    .data                                    0x20000068   Section       32  tcp.o(.data)
    tcp_timer                                0x20000069   Data           1  tcp.o(.data)
    tcp_timer_ctr                            0x2000006a   Data           1  tcp.o(.data)
    tcp_port                                 0x2000006c   Data           2  tcp.o(.data)
    iss                                      0x20000070   Data           4  tcp.o(.data)
    .data                                    0x20000088   Section       36  tcp_in.o(.data)
    flags                                    0x20000088   Data           1  tcp_in.o(.data)
    recv_flags                               0x20000089   Data           1  tcp_in.o(.data)
    tcphdr_optlen                            0x2000008a   Data           2  tcp_in.o(.data)
    tcphdr_opt1len                           0x2000008c   Data           2  tcp_in.o(.data)
    tcp_optidx                               0x2000008e   Data           2  tcp_in.o(.data)
    recv_acked                               0x20000090   Data           2  tcp_in.o(.data)
    tcplen                                   0x20000092   Data           2  tcp_in.o(.data)
    tcphdr                                   0x20000094   Data           4  tcp_in.o(.data)
    tcphdr_opt2                              0x20000098   Data           4  tcp_in.o(.data)
    seqno                                    0x2000009c   Data           4  tcp_in.o(.data)
    ackno                                    0x200000a0   Data           4  tcp_in.o(.data)
    recv_data                                0x200000a4   Data           4  tcp_in.o(.data)
    .data                                    0x200000ac   Section       12  timeouts.o(.data)
    next_timeout                             0x200000ac   Data           4  timeouts.o(.data)
    timeouts_last_time                       0x200000b0   Data           4  timeouts.o(.data)
    tcpip_tcp_timer_active                   0x200000b4   Data           4  timeouts.o(.data)
    .data                                    0x200000b8   Section        8  udp.o(.data)
    udp_port                                 0x200000b8   Data           2  udp.o(.data)
    .data                                    0x200000c0   Section        1  etharp.o(.data)
    etharp_cached_entry                      0x200000c0   Data           1  etharp.o(.data)
    .data                                    0x200000c2   Section        2  ip4.o(.data)
    ip_id                                    0x200000c2   Data           2  ip4.o(.data)
    .data                                    0x200000c4   Section        8  ip4_frag.o(.data)
    ip_reass_pbufcount                       0x200000c4   Data           2  ip4_frag.o(.data)
    reassdatagrams                           0x200000c8   Data           4  ip4_frag.o(.data)
    .data                                    0x200000cc   Section        4  stdout.o(.data)
    .bss                                     0x200000d0   Section     1156  main.o(.bss)
    .bss                                     0x20000554   Section       48  lwip.o(.bss)
    .bss                                     0x20000584   Section    12520  ethernetif.o(.bss)
    .bss                                     0x2000366c   Section       24  ip.o(.bss)
    .bss                                     0x20003684   Section     1619  mem.o(.bss)
    .bss                                     0x20003cd7   Section      131  memp.o(.bss)
    .bss                                     0x20003d5a   Section      763  memp.o(.bss)
    .bss                                     0x20004055   Section      227  memp.o(.bss)
    .bss                                     0x20004138   Section      259  memp.o(.bss)
    .bss                                     0x2000423b   Section      163  memp.o(.bss)
    .bss                                     0x200042de   Section      363  memp.o(.bss)
    .bss                                     0x20004449   Section       51  memp.o(.bss)
    .bss                                     0x2000447c   Section      259  memp.o(.bss)
    .bss                                     0x2000457f   Section     9731  memp.o(.bss)
    .bss                                     0x20006b84   Section       16  tcp_in.o(.bss)
    inseg                                    0x20006b84   Data          16  tcp_in.o(.bss)
    .bss                                     0x20006b94   Section      240  etharp.o(.bss)
    arp_table                                0x20006b94   Data         240  etharp.o(.bss)
    STACK                                    0x20006c88   Section    16384  startup_stm32f767xx.o(STACK)

    Global Symbols

    Symbol Name                              Value     Ov Type        Size  Object(Section)

    BuildAttributes$$THM_ISAv4$E$P$D$K$B$S$7EM$VFPv5_D16$PE$PLD8$A:L22UL41UL21$X:L11$S22US41US21$IEEE1$IW$USESV6$~STKCKD$USESV7$~SHL$OSPACE$ROPI$EBA8$MICROLIB$REQ8$PRES8$EABIv2 0x00000000   Number         0  anon$$obj.o ABSOLUTE
    __ARM_use_no_argv                        0x00000000   Number         0  main.o ABSOLUTE
    _printf_a                                0x00000000   Number         0  stubs.o ABSOLUTE
    _printf_c                                0x00000000   Number         0  stubs.o ABSOLUTE
    _printf_charcount                        0x00000000   Number         0  stubs.o ABSOLUTE
    _printf_d                                0x00000000   Number         0  stubs.o ABSOLUTE
    _printf_e                                0x00000000   Number         0  stubs.o ABSOLUTE
    _printf_f                                0x00000000   Number         0  stubs.o ABSOLUTE
    _printf_flags                            0x00000000   Number         0  stubs.o ABSOLUTE
    _printf_fp_dec                           0x00000000   Number         0  stubs.o ABSOLUTE
    _printf_fp_hex                           0x00000000   Number         0  stubs.o ABSOLUTE
    _printf_g                                0x00000000   Number         0  stubs.o ABSOLUTE
    _printf_i                                0x00000000   Number         0  stubs.o ABSOLUTE
    _printf_int_dec                          0x00000000   Number         0  stubs.o ABSOLUTE
    _printf_l                                0x00000000   Number         0  stubs.o ABSOLUTE
    _printf_lc                               0x00000000   Number         0  stubs.o ABSOLUTE
    _printf_ll                               0x00000000   Number         0  stubs.o ABSOLUTE
    _printf_lld                              0x00000000   Number         0  stubs.o ABSOLUTE
    _printf_lli                              0x00000000   Number         0  stubs.o ABSOLUTE
    _printf_llo                              0x00000000   Number         0  stubs.o ABSOLUTE
    _printf_llu                              0x00000000   Number         0  stubs.o ABSOLUTE
    _printf_llx                              0x00000000   Number         0  stubs.o ABSOLUTE
    _printf_longlong_dec                     0x00000000   Number         0  stubs.o ABSOLUTE
    _printf_longlong_hex                     0x00000000   Number         0  stubs.o ABSOLUTE
    _printf_longlong_oct                     0x00000000   Number         0  stubs.o ABSOLUTE
    _printf_ls                               0x00000000   Number         0  stubs.o ABSOLUTE
    _printf_mbtowc                           0x00000000   Number         0  stubs.o ABSOLUTE
    _printf_n                                0x00000000   Number         0  stubs.o ABSOLUTE
    _printf_o                                0x00000000   Number         0  stubs.o ABSOLUTE
    _printf_p                                0x00000000   Number         0  stubs.o ABSOLUTE
    _printf_percent                          0x00000000   Number         0  stubs.o ABSOLUTE
    _printf_pre_padding                      0x00000000   Number         0  stubs.o ABSOLUTE
    _printf_return_value                     0x00000000   Number         0  stubs.o ABSOLUTE
    _printf_s                                0x00000000   Number         0  stubs.o ABSOLUTE
    _printf_sizespec                         0x00000000   Number         0  stubs.o ABSOLUTE
    _printf_str                              0x00000000   Number         0  stubs.o ABSOLUTE
    _printf_truncate_signed                  0x00000000   Number         0  stubs.o ABSOLUTE
    _printf_truncate_unsigned                0x00000000   Number         0  stubs.o ABSOLUTE
    _printf_u                                0x00000000   Number         0  stubs.o ABSOLUTE
    _printf_wc                               0x00000000   Number         0  stubs.o ABSOLUTE
    _printf_wctomb                           0x00000000   Number         0  stubs.o ABSOLUTE
    _printf_widthprec                        0x00000000   Number         0  stubs.o ABSOLUTE
    _printf_x                                0x00000000   Number         0  stubs.o ABSOLUTE
    __arm_fini_                               - Undefined Weak Reference
    __cpp_initialize__aeabi_                  - Undefined Weak Reference
    __cxa_finalize                            - Undefined Weak Reference
    __decompress                              - Undefined Weak Reference
    _clock_init                               - Undefined Weak Reference
    _microlib_exit                            - Undefined Weak Reference
    __Vectors_Size                           0x000001f8   Number         0  startup_stm32f767xx.o ABSOLUTE
    __Vectors                                0x08000000   Data           4  startup_stm32f767xx.o(RESET)
    __Vectors_End                            0x080001f8   Data           0  startup_stm32f767xx.o(RESET)
    __main                                   0x080001f9   Thumb Code     0  entry.o(.ARM.Collect$$$$00000000)
    _main_stk                                0x080001f9   Thumb Code     0  entry2.o(.ARM.Collect$$$$00000001)
    _main_scatterload                        0x080001fd   Thumb Code     0  entry5.o(.ARM.Collect$$$$00000004)
    __main_after_scatterload                 0x08000201   Thumb Code     0  entry5.o(.ARM.Collect$$$$00000004)
    _main_clock                              0x08000201   Thumb Code     0  entry7b.o(.ARM.Collect$$$$00000008)
    _main_cpp_init                           0x08000201   Thumb Code     0  entry8b.o(.ARM.Collect$$$$0000000A)
    _main_init                               0x08000201   Thumb Code     0  entry9a.o(.ARM.Collect$$$$0000000B)
    __rt_lib_shutdown_fini                   0x08000209   Thumb Code     0  entry12b.o(.ARM.Collect$$$$0000000E)
    __rt_final_cpp                           0x0800020d   Thumb Code     0  entry10a.o(.ARM.Collect$$$$0000000F)
    __rt_final_exit                          0x0800020d   Thumb Code     0  entry11a.o(.ARM.Collect$$$$00000011)
    Reset_Handler                            0x08000211   Thumb Code     8  startup_stm32f767xx.o(.text)
    ADC_IRQHandler                           0x0800022b   Thumb Code     0  startup_stm32f767xx.o(.text)
    CAN1_RX0_IRQHandler                      0x0800022b   Thumb Code     0  startup_stm32f767xx.o(.text)
    CAN1_RX1_IRQHandler                      0x0800022b   Thumb Code     0  startup_stm32f767xx.o(.text)
    CAN1_SCE_IRQHandler                      0x0800022b   Thumb Code     0  startup_stm32f767xx.o(.text)
    CAN1_TX_IRQHandler                       0x0800022b   Thumb Code     0  startup_stm32f767xx.o(.text)
    CAN2_RX0_IRQHandler                      0x0800022b   Thumb Code     0  startup_stm32f767xx.o(.text)
    CAN2_RX1_IRQHandler                      0x0800022b   Thumb Code     0  startup_stm32f767xx.o(.text)
    CAN2_SCE_IRQHandler                      0x0800022b   Thumb Code     0  startup_stm32f767xx.o(.text)
    CAN2_TX_IRQHandler                       0x0800022b   Thumb Code     0  startup_stm32f767xx.o(.text)
    CAN3_RX0_IRQHandler                      0x0800022b   Thumb Code     0  startup_stm32f767xx.o(.text)
    CAN3_RX1_IRQHandler                      0x0800022b   Thumb Code     0  startup_stm32f767xx.o(.text)
    CAN3_SCE_IRQHandler                      0x0800022b   Thumb Code     0  startup_stm32f767xx.o(.text)
    CAN3_TX_IRQHandler                       0x0800022b   Thumb Code     0  startup_stm32f767xx.o(.text)
    CEC_IRQHandler                           0x0800022b   Thumb Code     0  startup_stm32f767xx.o(.text)
    DCMI_IRQHandler                          0x0800022b   Thumb Code     0  startup_stm32f767xx.o(.text)
    DFSDM1_FLT0_IRQHandler                   0x0800022b   Thumb Code     0  startup_stm32f767xx.o(.text)
    DFSDM1_FLT1_IRQHandler                   0x0800022b   Thumb Code     0  startup_stm32f767xx.o(.text)
    DFSDM1_FLT2_IRQHandler                   0x0800022b   Thumb Code     0  startup_stm32f767xx.o(.text)
    DFSDM1_FLT3_IRQHandler                   0x0800022b   Thumb Code     0  startup_stm32f767xx.o(.text)
    DMA1_Stream0_IRQHandler                  0x0800022b   Thumb Code     0  startup_stm32f767xx.o(.text)
    DMA1_Stream1_IRQHandler                  0x0800022b   Thumb Code     0  startup_stm32f767xx.o(.text)
    DMA1_Stream2_IRQHandler                  0x0800022b   Thumb Code     0  startup_stm32f767xx.o(.text)
    DMA1_Stream3_IRQHandler                  0x0800022b   Thumb Code     0  startup_stm32f767xx.o(.text)
    DMA1_Stream4_IRQHandler                  0x0800022b   Thumb Code     0  startup_stm32f767xx.o(.text)
    DMA1_Stream5_IRQHandler                  0x0800022b   Thumb Code     0  startup_stm32f767xx.o(.text)
    DMA1_Stream6_IRQHandler                  0x0800022b   Thumb Code     0  startup_stm32f767xx.o(.text)
    DMA1_Stream7_IRQHandler                  0x0800022b   Thumb Code     0  startup_stm32f767xx.o(.text)
    DMA2D_IRQHandler                         0x0800022b   Thumb Code     0  startup_stm32f767xx.o(.text)
    DMA2_Stream0_IRQHandler                  0x0800022b   Thumb Code     0  startup_stm32f767xx.o(.text)
    DMA2_Stream1_IRQHandler                  0x0800022b   Thumb Code     0  startup_stm32f767xx.o(.text)
    DMA2_Stream2_IRQHandler                  0x0800022b   Thumb Code     0  startup_stm32f767xx.o(.text)
    DMA2_Stream3_IRQHandler                  0x0800022b   Thumb Code     0  startup_stm32f767xx.o(.text)
    DMA2_Stream4_IRQHandler                  0x0800022b   Thumb Code     0  startup_stm32f767xx.o(.text)
    DMA2_Stream5_IRQHandler                  0x0800022b   Thumb Code     0  startup_stm32f767xx.o(.text)
    DMA2_Stream6_IRQHandler                  0x0800022b   Thumb Code     0  startup_stm32f767xx.o(.text)
    DMA2_Stream7_IRQHandler                  0x0800022b   Thumb Code     0  startup_stm32f767xx.o(.text)
    ETH_IRQHandler                           0x0800022b   Thumb Code     0  startup_stm32f767xx.o(.text)
    ETH_WKUP_IRQHandler                      0x0800022b   Thumb Code     0  startup_stm32f767xx.o(.text)
    EXTI0_IRQHandler                         0x0800022b   Thumb Code     0  startup_stm32f767xx.o(.text)
    EXTI15_10_IRQHandler                     0x0800022b   Thumb Code     0  startup_stm32f767xx.o(.text)
    EXTI1_IRQHandler                         0x0800022b   Thumb Code     0  startup_stm32f767xx.o(.text)
    EXTI2_IRQHandler                         0x0800022b   Thumb Code     0  startup_stm32f767xx.o(.text)
    EXTI3_IRQHandler                         0x0800022b   Thumb Code     0  startup_stm32f767xx.o(.text)
    EXTI4_IRQHandler                         0x0800022b   Thumb Code     0  startup_stm32f767xx.o(.text)
    EXTI9_5_IRQHandler                       0x0800022b   Thumb Code     0  startup_stm32f767xx.o(.text)
    FLASH_IRQHandler                         0x0800022b   Thumb Code     0  startup_stm32f767xx.o(.text)
    FMC_IRQHandler                           0x0800022b   Thumb Code     0  startup_stm32f767xx.o(.text)
    FPU_IRQHandler                           0x0800022b   Thumb Code     0  startup_stm32f767xx.o(.text)
    I2C1_ER_IRQHandler                       0x0800022b   Thumb Code     0  startup_stm32f767xx.o(.text)
    I2C1_EV_IRQHandler                       0x0800022b   Thumb Code     0  startup_stm32f767xx.o(.text)
    I2C2_ER_IRQHandler                       0x0800022b   Thumb Code     0  startup_stm32f767xx.o(.text)
    I2C2_EV_IRQHandler                       0x0800022b   Thumb Code     0  startup_stm32f767xx.o(.text)
    I2C3_ER_IRQHandler                       0x0800022b   Thumb Code     0  startup_stm32f767xx.o(.text)
    I2C3_EV_IRQHandler                       0x0800022b   Thumb Code     0  startup_stm32f767xx.o(.text)
    I2C4_ER_IRQHandler                       0x0800022b   Thumb Code     0  startup_stm32f767xx.o(.text)
    I2C4_EV_IRQHandler                       0x0800022b   Thumb Code     0  startup_stm32f767xx.o(.text)
    JPEG_IRQHandler                          0x0800022b   Thumb Code     0  startup_stm32f767xx.o(.text)
    LPTIM1_IRQHandler                        0x0800022b   Thumb Code     0  startup_stm32f767xx.o(.text)
    LTDC_ER_IRQHandler                       0x0800022b   Thumb Code     0  startup_stm32f767xx.o(.text)
    LTDC_IRQHandler                          0x0800022b   Thumb Code     0  startup_stm32f767xx.o(.text)
    MDIOS_IRQHandler                         0x0800022b   Thumb Code     0  startup_stm32f767xx.o(.text)
    OTG_FS_IRQHandler                        0x0800022b   Thumb Code     0  startup_stm32f767xx.o(.text)
    OTG_FS_WKUP_IRQHandler                   0x0800022b   Thumb Code     0  startup_stm32f767xx.o(.text)
    OTG_HS_EP1_IN_IRQHandler                 0x0800022b   Thumb Code     0  startup_stm32f767xx.o(.text)
    OTG_HS_EP1_OUT_IRQHandler                0x0800022b   Thumb Code     0  startup_stm32f767xx.o(.text)
    OTG_HS_IRQHandler                        0x0800022b   Thumb Code     0  startup_stm32f767xx.o(.text)
    OTG_HS_WKUP_IRQHandler                   0x0800022b   Thumb Code     0  startup_stm32f767xx.o(.text)
    PVD_IRQHandler                           0x0800022b   Thumb Code     0  startup_stm32f767xx.o(.text)
    QUADSPI_IRQHandler                       0x0800022b   Thumb Code     0  startup_stm32f767xx.o(.text)
    RCC_IRQHandler                           0x0800022b   Thumb Code     0  startup_stm32f767xx.o(.text)
    RNG_IRQHandler                           0x0800022b   Thumb Code     0  startup_stm32f767xx.o(.text)
    RTC_Alarm_IRQHandler                     0x0800022b   Thumb Code     0  startup_stm32f767xx.o(.text)
    RTC_WKUP_IRQHandler                      0x0800022b   Thumb Code     0  startup_stm32f767xx.o(.text)
    SAI1_IRQHandler                          0x0800022b   Thumb Code     0  startup_stm32f767xx.o(.text)
    SAI2_IRQHandler                          0x0800022b   Thumb Code     0  startup_stm32f767xx.o(.text)
    SDMMC1_IRQHandler                        0x0800022b   Thumb Code     0  startup_stm32f767xx.o(.text)
    SDMMC2_IRQHandler                        0x0800022b   Thumb Code     0  startup_stm32f767xx.o(.text)
    SPDIF_RX_IRQHandler                      0x0800022b   Thumb Code     0  startup_stm32f767xx.o(.text)
    SPI1_IRQHandler                          0x0800022b   Thumb Code     0  startup_stm32f767xx.o(.text)
    SPI2_IRQHandler                          0x0800022b   Thumb Code     0  startup_stm32f767xx.o(.text)
    SPI3_IRQHandler                          0x0800022b   Thumb Code     0  startup_stm32f767xx.o(.text)
    SPI4_IRQHandler                          0x0800022b   Thumb Code     0  startup_stm32f767xx.o(.text)
    SPI5_IRQHandler                          0x0800022b   Thumb Code     0  startup_stm32f767xx.o(.text)
    SPI6_IRQHandler                          0x0800022b   Thumb Code     0  startup_stm32f767xx.o(.text)
    TAMP_STAMP_IRQHandler                    0x0800022b   Thumb Code     0  startup_stm32f767xx.o(.text)
    TIM1_BRK_TIM9_IRQHandler                 0x0800022b   Thumb Code     0  startup_stm32f767xx.o(.text)
    TIM1_CC_IRQHandler                       0x0800022b   Thumb Code     0  startup_stm32f767xx.o(.text)
    TIM1_TRG_COM_TIM11_IRQHandler            0x0800022b   Thumb Code     0  startup_stm32f767xx.o(.text)
    TIM1_UP_TIM10_IRQHandler                 0x0800022b   Thumb Code     0  startup_stm32f767xx.o(.text)
    TIM2_IRQHandler                          0x0800022b   Thumb Code     0  startup_stm32f767xx.o(.text)
    TIM3_IRQHandler                          0x0800022b   Thumb Code     0  startup_stm32f767xx.o(.text)
    TIM4_IRQHandler                          0x0800022b   Thumb Code     0  startup_stm32f767xx.o(.text)
    TIM5_IRQHandler                          0x0800022b   Thumb Code     0  startup_stm32f767xx.o(.text)
    TIM6_DAC_IRQHandler                      0x0800022b   Thumb Code     0  startup_stm32f767xx.o(.text)
    TIM7_IRQHandler                          0x0800022b   Thumb Code     0  startup_stm32f767xx.o(.text)
    TIM8_BRK_TIM12_IRQHandler                0x0800022b   Thumb Code     0  startup_stm32f767xx.o(.text)
    TIM8_CC_IRQHandler                       0x0800022b   Thumb Code     0  startup_stm32f767xx.o(.text)
    TIM8_TRG_COM_TIM14_IRQHandler            0x0800022b   Thumb Code     0  startup_stm32f767xx.o(.text)
    TIM8_UP_TIM13_IRQHandler                 0x0800022b   Thumb Code     0  startup_stm32f767xx.o(.text)
    UART4_IRQHandler                         0x0800022b   Thumb Code     0  startup_stm32f767xx.o(.text)
    UART5_IRQHandler                         0x0800022b   Thumb Code     0  startup_stm32f767xx.o(.text)
    UART7_IRQHandler                         0x0800022b   Thumb Code     0  startup_stm32f767xx.o(.text)
    UART8_IRQHandler                         0x0800022b   Thumb Code     0  startup_stm32f767xx.o(.text)
    USART1_IRQHandler                        0x0800022b   Thumb Code     0  startup_stm32f767xx.o(.text)
    USART2_IRQHandler                        0x0800022b   Thumb Code     0  startup_stm32f767xx.o(.text)
    USART3_IRQHandler                        0x0800022b   Thumb Code     0  startup_stm32f767xx.o(.text)
    USART6_IRQHandler                        0x0800022b   Thumb Code     0  startup_stm32f767xx.o(.text)
    WWDG_IRQHandler                          0x0800022b   Thumb Code     0  startup_stm32f767xx.o(.text)
    __aeabi_uldivmod                         0x08000235   Thumb Code    98  uldiv.o(.text)
    __aeabi_memcpy                           0x08000297   Thumb Code    36  memcpya.o(.text)
    __aeabi_memcpy4                          0x08000297   Thumb Code     0  memcpya.o(.text)
    __aeabi_memcpy8                          0x08000297   Thumb Code     0  memcpya.o(.text)
    __aeabi_memset                           0x080002bb   Thumb Code    14  memseta.o(.text)
    __aeabi_memset4                          0x080002bb   Thumb Code     0  memseta.o(.text)
    __aeabi_memset8                          0x080002bb   Thumb Code     0  memseta.o(.text)
    __aeabi_memclr                           0x080002c9   Thumb Code     4  memseta.o(.text)
    __aeabi_memclr4                          0x080002c9   Thumb Code     0  memseta.o(.text)
    __aeabi_memclr8                          0x080002c9   Thumb Code     0  memseta.o(.text)
    _memset$wrapper                          0x080002cd   Thumb Code    18  memseta.o(.text)
    memcmp                                   0x080002df   Thumb Code    26  memcmp.o(.text)
    __aeabi_uidiv                            0x080002f9   Thumb Code     0  uidiv.o(.text)
    __aeabi_uidivmod                         0x080002f9   Thumb Code    44  uidiv.o(.text)
    __aeabi_llsl                             0x08000325   Thumb Code    30  llshl.o(.text)
    _ll_shift_l                              0x08000325   Thumb Code     0  llshl.o(.text)
    __aeabi_llsr                             0x08000343   Thumb Code    32  llushr.o(.text)
    _ll_ushift_r                             0x08000343   Thumb Code     0  llushr.o(.text)
    __scatterload                            0x08000365   Thumb Code    28  init.o(.text)
    __scatterload_rt2                        0x08000365   Thumb Code     0  init.o(.text)
    BusFault_Handler                         0x08000389   Thumb Code     2  stm32f7xx_it.o(i.BusFault_Handler)
    __I$use$semihosting$fputc                0x08000389   Thumb Code     0  iusesemip.o(.text)
    __semihosting_library_function           0x08000389   Thumb Code     0  semi.o(.text)
    DebugMon_Handler                         0x0800038b   Thumb Code     2  stm32f7xx_it.o(i.DebugMon_Handler)
    HAL_Delay                                0x080004ed   Thumb Code    32  stm32f7xx_hal.o(i.HAL_Delay)
    HAL_ETH_DMARxDescListInit                0x08000511   Thumb Code   116  stm32f7xx_hal_eth.o(i.HAL_ETH_DMARxDescListInit)
    HAL_ETH_DMATxDescListInit                0x08000585   Thumb Code   132  stm32f7xx_hal_eth.o(i.HAL_ETH_DMATxDescListInit)
    HAL_ETH_GetReceivedFrame                 0x08000609   Thumb Code   126  stm32f7xx_hal_eth.o(i.HAL_ETH_GetReceivedFrame)
    HAL_ETH_Init                             0x08000689   Thumb Code   454  stm32f7xx_hal_eth.o(i.HAL_ETH_Init)
    HAL_ETH_MspInit                          0x08000879   Thumb Code   208  ethernetif.o(i.HAL_ETH_MspInit)
    HAL_ETH_ReadPHYRegister                  0x08000961   Thumb Code   134  stm32f7xx_hal_eth.o(i.HAL_ETH_ReadPHYRegister)
    HAL_ETH_Start                            0x080009e7   Thumb Code   132  stm32f7xx_hal_eth.o(i.HAL_ETH_Start)
    HAL_ETH_TransmitFrame                    0x08000a6b   Thumb Code   274  stm32f7xx_hal_eth.o(i.HAL_ETH_TransmitFrame)
    HAL_ETH_WritePHYRegister                 0x08000b7d   Thumb Code   122  stm32f7xx_hal_eth.o(i.HAL_ETH_WritePHYRegister)
    HAL_GPIO_Init                            0x08000bf9   Thumb Code   418  stm32f7xx_hal_gpio.o(i.HAL_GPIO_Init)
    HAL_GPIO_WritePin                        0x08000dd1   Thumb Code    10  stm32f7xx_hal_gpio.o(i.HAL_GPIO_WritePin)
    HAL_GetTick                              0x08000ddd   Thumb Code     6  stm32f7xx_hal.o(i.HAL_GetTick)
    HAL_IncTick                              0x08000de9   Thumb Code    12  stm32f7xx_hal.o(i.HAL_IncTick)
    HAL_Init                                 0x08000df9   Thumb Code    22  stm32f7xx_hal.o(i.HAL_Init)
    HAL_InitTick                             0x08000e11   Thumb Code    54  stm32f7xx_hal.o(i.HAL_InitTick)
    HAL_MspInit                              0x08000e51   Thumb Code    42  stm32f7xx_hal_msp.o(i.HAL_MspInit)
    HAL_NVIC_SetPriority                     0x08000e81   Thumb Code    60  stm32f7xx_hal_cortex.o(i.HAL_NVIC_SetPriority)
    HAL_NVIC_SetPriorityGrouping             0x08000ec1   Thumb Code    28  stm32f7xx_hal_cortex.o(i.HAL_NVIC_SetPriorityGrouping)
    HAL_PCDEx_ActivateLPM                    0x08000ee5   Thumb Code    34  stm32f7xx_hal_pcd_ex.o(i.HAL_PCDEx_ActivateLPM)
    HAL_PCD_Init                             0x08000f0d   Thumb Code   234  stm32f7xx_hal_pcd.o(i.HAL_PCD_Init)
    HAL_PCD_MspInit                          0x08000ff9   Thumb Code   130  stm32f7xx_hal_msp.o(i.HAL_PCD_MspInit)
    HAL_PWREx_EnableOverDrive                0x08001085   Thumb Code   100  stm32f7xx_hal_pwr_ex.o(i.HAL_PWREx_EnableOverDrive)
    HAL_PWR_EnableBkUpAccess                 0x080010f1   Thumb Code    12  stm32f7xx_hal_pwr.o(i.HAL_PWR_EnableBkUpAccess)
    HAL_RCCEx_PeriphCLKConfig                0x08001101   Thumb Code  1336  stm32f7xx_hal_rcc_ex.o(i.HAL_RCCEx_PeriphCLKConfig)
    HAL_RCC_ClockConfig                      0x0800163d   Thumb Code   282  stm32f7xx_hal_rcc.o(i.HAL_RCC_ClockConfig)
    HAL_RCC_GetHCLKFreq                      0x08001769   Thumb Code     6  stm32f7xx_hal_rcc.o(i.HAL_RCC_GetHCLKFreq)
    HAL_RCC_GetPCLK1Freq                     0x08001775   Thumb Code    20  stm32f7xx_hal_rcc.o(i.HAL_RCC_GetPCLK1Freq)
    HAL_RCC_GetPCLK2Freq                     0x08001795   Thumb Code    20  stm32f7xx_hal_rcc.o(i.HAL_RCC_GetPCLK2Freq)
    HAL_RCC_GetSysClockFreq                  0x080017b5   Thumb Code    88  stm32f7xx_hal_rcc.o(i.HAL_RCC_GetSysClockFreq)
    HAL_RCC_OscConfig                        0x08001815   Thumb Code   814  stm32f7xx_hal_rcc.o(i.HAL_RCC_OscConfig)
    HAL_SYSTICK_Config                       0x08001b51   Thumb Code    38  stm32f7xx_hal_cortex.o(i.HAL_SYSTICK_Config)
    HAL_UART_Init                            0x08001b77   Thumb Code   102  stm32f7xx_hal_uart.o(i.HAL_UART_Init)
    HAL_UART_MspInit                         0x08001bdd   Thumb Code    88  stm32f7xx_hal_msp.o(i.HAL_UART_MspInit)
    HardFault_Handler                        0x08001c41   Thumb Code     2  stm32f7xx_it.o(i.HardFault_Handler)
    MX_LWIP_Init                             0x08001d35   Thumb Code   312  lwip.o(i.MX_LWIP_Init)
    MX_LWIP_Process                          0x08001e7d   Thumb Code    16  lwip.o(i.MX_LWIP_Process)
    MemManage_Handler                        0x08001ef1   Thumb Code     2  stm32f7xx_it.o(i.MemManage_Handler)
    NMI_Handler                              0x08001ef3   Thumb Code     2  stm32f7xx_it.o(i.NMI_Handler)
    PendSV_Handler                           0x08001ef5   Thumb Code     2  stm32f7xx_it.o(i.PendSV_Handler)
    SVC_Handler                              0x08001ef7   Thumb Code     2  stm32f7xx_it.o(i.SVC_Handler)
    SysTick_Handler                          0x08001ef9   Thumb Code     4  stm32f7xx_it.o(i.SysTick_Handler)
    SystemClock_Config                       0x08001efd   Thumb Code   156  main.o(i.SystemClock_Config)
    SystemInit                               0x08001fa5   Thumb Code    68  system_stm32f7xx.o(i.SystemInit)
    UART_AdvFeatureConfig                    0x08001ff9   Thumb Code   200  stm32f7xx_hal_uart.o(i.UART_AdvFeatureConfig)
    UART_CheckIdleState                      0x080020c1   Thumb Code    60  stm32f7xx_hal_uart.o(i.UART_CheckIdleState)
    UART_SetConfig                           0x080020fd   Thumb Code   546  stm32f7xx_hal_uart.o(i.UART_SetConfig)
    UART_WaitOnFlagUntilTimeout              0x08002351   Thumb Code    96  stm32f7xx_hal_uart.o(i.UART_WaitOnFlagUntilTimeout)
    USB_CoreInit                             0x080023b1   Thumb Code   104  stm32f7xx_ll_usb.o(i.USB_CoreInit)
    USB_DevDisconnect                        0x08002455   Thumb Code    24  stm32f7xx_ll_usb.o(i.USB_DevDisconnect)
    USB_DevInit                              0x0800246d   Thumb Code   386  stm32f7xx_ll_usb.o(i.USB_DevInit)
    USB_DisableGlobalInt                     0x08002601   Thumb Code    12  stm32f7xx_ll_usb.o(i.USB_DisableGlobalInt)
    USB_FlushRxFifo                          0x0800260d   Thumb Code    28  stm32f7xx_ll_usb.o(i.USB_FlushRxFifo)
    USB_FlushTxFifo                          0x0800262d   Thumb Code    32  stm32f7xx_ll_usb.o(i.USB_FlushTxFifo)
    USB_SetCurrentMode                       0x08002651   Thumb Code    46  stm32f7xx_ll_usb.o(i.USB_SetCurrentMode)
    UsageFault_Handler                       0x0800267f   Thumb Code     2  stm32f7xx_it.o(i.UsageFault_Handler)
    __0printf$3                              0x08002681   Thumb Code    22  printf3.o(i.__0printf$3)
    __1printf$3                              0x08002681   Thumb Code     0  printf3.o(i.__0printf$3)
    __2printf                                0x08002681   Thumb Code     0  printf3.o(i.__0printf$3)
    __scatterload_copy                       0x080026c3   Thumb Code    14  handlers.o(i.__scatterload_copy)
    __scatterload_null                       0x080026d1   Thumb Code     2  handlers.o(i.__scatterload_null)
    __scatterload_zeroinit                   0x080026d3   Thumb Code    14  handlers.o(i.__scatterload_zeroinit)
    etharp_cleanup_netif                     0x080029f5   Thumb Code    42  etharp.o(i.etharp_cleanup_netif)
    etharp_input                             0x08002ca1   Thumb Code   148  etharp.o(i.etharp_input)
    etharp_output                            0x08002da5   Thumb Code   272  etharp.o(i.etharp_output)
    etharp_query                             0x0800305d   Thumb Code   300  etharp.o(i.etharp_query)
    etharp_request                           0x080033a5   Thumb Code     6  etharp.o(i.etharp_request)
    etharp_tmr                               0x080033d1   Thumb Code    92  etharp.o(i.etharp_tmr)
    ethernet_input                           0x0800354d   Thumb Code   154  ethernet.o(i.ethernet_input)
    ethernet_output                          0x080035ed   Thumb Code    98  ethernet.o(i.ethernet_output)
    ethernetif_init                          0x080036e5   Thumb Code    50  ethernetif.o(i.ethernetif_init)
    ethernetif_input                         0x0800376d   Thumb Code    34  ethernetif.o(i.ethernetif_input)
    fputc                                    0x0800378f   Thumb Code    18  fputc.o(i.fputc)
    icmp_dest_unreach                        0x080037a1   Thumb Code     8  icmp.o(i.icmp_dest_unreach)
    icmp_input                               0x080037a9   Thumb Code   278  icmp.o(i.icmp_input)
    icmp_time_exceeded                       0x08003a9d   Thumb Code     8  icmp.o(i.icmp_time_exceeded)
    ip4_addr_isbroadcast_u32                 0x08003aa5   Thumb Code    46  ip4_addr.o(i.ip4_addr_isbroadcast_u32)
    ip4_frag                                 0x08003ad5   Thumb Code   390  ip4_frag.o(i.ip4_frag)
    ip4_input                                0x08003d29   Thumb Code   410  ip4.o(i.ip4_input)
    ip4_output_if                            0x08003ecd   Thumb Code    30  ip4.o(i.ip4_output_if)
    ip4_output_if_src                        0x08003eed   Thumb Code   206  ip4.o(i.ip4_output_if_src)
    ip4_reass                                0x0800405d   Thumb Code   432  ip4_frag.o(i.ip4_reass)
    ip4_route                                0x08004211   Thumb Code    82  ip4.o(i.ip4_route)
    ip_reass_tmr                             0x08004829   Thumb Code    40  ip4_frag.o(i.ip_reass_tmr)
    lwip_htonl                               0x08004b51   Thumb Code     4  def.o(i.lwip_htonl)
    lwip_htons                               0x08004b55   Thumb Code     4  def.o(i.lwip_htons)
    lwip_init                                0x08004b59   Thumb Code    30  init.o(i.lwip_init)
    main                                     0x08004b79   Thumb Code    74  main.o(i.main)
    mem_free                                 0x08004bd1   Thumb Code   110  mem.o(i.mem_free)
    mem_init                                 0x08004ced   Thumb Code    42  mem.o(i.mem_init)
    mem_malloc                               0x08004d21   Thumb Code   256  mem.o(i.mem_malloc)
    mem_trim                                 0x08004f1d   Thumb Code   246  mem.o(i.mem_trim)
    memp_free                                0x080050a9   Thumb Code    34  memp.o(i.memp_free)
    memp_init                                0x08005145   Thumb Code    26  memp.o(i.memp_init)
    memp_init_pool                           0x08005165   Thumb Code    42  memp.o(i.memp_init_pool)
    memp_malloc                              0x08005191   Thumb Code    38  memp.o(i.memp_malloc)
    netif_add                                0x08005235   Thumb Code   106  netif.o(i.netif_add)
    netif_init                               0x08005319   Thumb Code     2  netif.o(i.netif_init)
    netif_set_addr                           0x08005335   Thumb Code    72  netif.o(i.netif_set_addr)
    netif_set_default                        0x0800537d   Thumb Code     6  netif.o(i.netif_set_default)
    netif_set_down                           0x08005389   Thumb Code    26  netif.o(i.netif_set_down)
    netif_set_gw                             0x080053a3   Thumb Code     8  netif.o(i.netif_set_gw)
    netif_set_ipaddr                         0x080053ad   Thumb Code    60  netif.o(i.netif_set_ipaddr)
    netif_set_netmask                        0x080053ed   Thumb Code     8  netif.o(i.netif_set_netmask)
    netif_set_up                             0x080053f5   Thumb Code    28  netif.o(i.netif_set_up)
    pbuf_alloc                               0x08005411   Thumb Code   478  pbuf.o(i.pbuf_alloc)
    pbuf_alloced_custom                      0x0800578d   Thumb Code    98  pbuf.o(i.pbuf_alloced_custom)
    pbuf_cat                                 0x0800586d   Thumb Code    96  pbuf.o(i.pbuf_cat)
    pbuf_clen                                0x0800599d   Thumb Code    18  pbuf.o(i.pbuf_clen)
    pbuf_copy                                0x080059b1   Thumb Code   242  pbuf.o(i.pbuf_copy)
    pbuf_copy_partial                        0x08005b9d   Thumb Code   126  pbuf.o(i.pbuf_copy_partial)
    pbuf_free                                0x08005cb9   Thumb Code   174  pbuf.o(i.pbuf_free)
    pbuf_free_ooseq                          0x08005e21   Thumb Code    34  pbuf.o(i.pbuf_free_ooseq)
    pbuf_header                              0x08005e4d   Thumb Code     6  pbuf.o(i.pbuf_header)
    pbuf_header_force                        0x08005e53   Thumb Code     6  pbuf.o(i.pbuf_header_force)
    pbuf_realloc                             0x08005f7d   Thumb Code   196  pbuf.o(i.pbuf_realloc)
    pbuf_ref                                 0x08006115   Thumb Code    32  pbuf.o(i.pbuf_ref)
    sys_check_timeouts                       0x0800631d   Thumb Code    80  timeouts.o(i.sys_check_timeouts)
    sys_now                                  0x08006375   Thumb Code     4  ethernetif.o(i.sys_now)
    sys_timeout                              0x08006379   Thumb Code   156  timeouts.o(i.sys_timeout)
    sys_timeouts_init                        0x080064b5   Thumb Code    38  timeouts.o(i.sys_timeouts_init)
    tcp_abandon                              0x080064e9   Thumb Code   230  tcp.o(i.tcp_abandon)
    tcp_abort                                0x08006661   Thumb Code     6  tcp.o(i.tcp_abort)
    tcp_alloc                                0x08006669   Thumb Code   248  tcp.o(i.tcp_alloc)
    tcp_close                                0x0800676d   Thumb Code    20  tcp.o(i.tcp_close)
    tcp_eff_send_mss_impl                    0x08006af1   Thumb Code    34  tcp.o(i.tcp_eff_send_mss_impl)
    tcp_enqueue_flags                        0x08006b15   Thumb Code   262  tcp_out.o(i.tcp_enqueue_flags)
    tcp_fasttmr                              0x08006d25   Thumb Code   102  tcp.o(i.tcp_fasttmr)
    tcp_init                                 0x08006dc1   Thumb Code     2  tcp.o(i.tcp_init)
    tcp_input                                0x08006dc5   Thumb Code  1496  tcp_in.o(i.tcp_input)
    tcp_keepalive                            0x080073dd   Thumb Code    82  tcp_out.o(i.tcp_keepalive)
    tcp_netif_ip_addr_changed                0x080076ad   Thumb Code    72  tcp.o(i.tcp_netif_ip_addr_changed)
    tcp_next_iss                             0x0800771d   Thumb Code    12  tcp.o(i.tcp_next_iss)
    tcp_output                               0x080077a9   Thumb Code   562  tcp_out.o(i.tcp_output)
    tcp_pcb_purge                            0x08007cb1   Thumb Code    66  tcp.o(i.tcp_pcb_purge)
    tcp_pcb_remove                           0x08007cf5   Thumb Code   140  tcp.o(i.tcp_pcb_remove)
    tcp_process_refused_data                 0x080082ad   Thumb Code   108  tcp.o(i.tcp_process_refused_data)
    tcp_recv_null                            0x08008d4b   Thumb Code    36  tcp.o(i.tcp_recv_null)
    tcp_recved                               0x08008d71   Thumb Code   106  tcp.o(i.tcp_recved)
    tcp_rexmit                               0x08008e81   Thumb Code    86  tcp_out.o(i.tcp_rexmit)
    tcp_rexmit_fast                          0x08008ed7   Thumb Code    88  tcp_out.o(i.tcp_rexmit_fast)
    tcp_rexmit_rto                           0x08008f2f   Thumb Code    48  tcp_out.o(i.tcp_rexmit_rto)
    tcp_rst                                  0x08008f61   Thumb Code   148  tcp_out.o(i.tcp_rst)
    tcp_seg_copy                             0x08009081   Thumb Code    40  tcp.o(i.tcp_seg_copy)
    tcp_seg_free                             0x080090a9   Thumb Code    28  tcp.o(i.tcp_seg_free)
    tcp_segs_free                            0x080090c5   Thumb Code    18  tcp.o(i.tcp_segs_free)
    tcp_send_empty_ack                       0x080090d7   Thumb Code   114  tcp_out.o(i.tcp_send_empty_ack)
    tcp_send_fin                             0x08009149   Thumb Code    68  tcp_out.o(i.tcp_send_fin)
    tcp_slowtmr                              0x0800918d   Thumb Code   786  tcp.o(i.tcp_slowtmr)
    tcp_timer_needed                         0x08009669   Thumb Code    36  timeouts.o(i.tcp_timer_needed)
    tcp_tmr                                  0x08009705   Thumb Code    28  tcp.o(i.tcp_tmr)
    tcp_trigger_input_pcb_close              0x08009725   Thumb Code    12  tcp_in.o(i.tcp_trigger_input_pcb_close)
    tcp_update_rcv_ann_wnd                   0x08009735   Thumb Code    76  tcp.o(i.tcp_update_rcv_ann_wnd)
    tcp_zero_window_probe                    0x080097f5   Thumb Code   174  tcp_out.o(i.tcp_zero_window_probe)
    udp_init                                 0x080098dd   Thumb Code     2  udp.o(i.udp_init)
    udp_input                                0x080098e1   Thumb Code   294  udp.o(i.udp_input)
    udp_netif_ip_addr_changed                0x08009a7d   Thumb Code    48  udp.o(i.udp_netif_ip_addr_changed)
    AHBPrescTable                            0x08009ab0   Data          16  system_stm32f7xx.o(.constdata)
    APBPrescTable                            0x08009ac0   Data           8  system_stm32f7xx.o(.constdata)
    ethbroadcast                             0x08009ac8   Data           6  ethernet.o(.constdata)
    ethzero                                  0x08009ace   Data           6  ethernet.o(.constdata)
    memp_UDP_PCB                             0x08009ad4   Data          12  memp.o(.constdata)
    memp_TCP_PCB                             0x08009ae0   Data          12  memp.o(.constdata)
    memp_TCP_PCB_LISTEN                      0x08009aec   Data          12  memp.o(.constdata)
    memp_TCP_SEG                             0x08009af8   Data          12  memp.o(.constdata)
    memp_REASSDATA                           0x08009b04   Data          12  memp.o(.constdata)
    memp_FRAG_PBUF                           0x08009b10   Data          12  memp.o(.constdata)
    memp_SYS_TIMEOUT                         0x08009b1c   Data          12  memp.o(.constdata)
    memp_PBUF                                0x08009b28   Data          12  memp.o(.constdata)
    memp_PBUF_POOL                           0x08009b34   Data          12  memp.o(.constdata)
    memp_pools                               0x08009b40   Data          36  memp.o(.constdata)
    tcp_pcb_lists                            0x08009ba8   Data          16  tcp.o(.constdata)
    lwip_cyclic_timers                       0x08009bb8   Data          24  timeouts.o(.constdata)
    ip_addr_any                              0x08009bd0   Data           4  ip4_addr.o(.constdata)
    Region$$Table$$Base                      0x08009ce8   Number         0  anon$$obj.o(Region$$Table)
    Region$$Table$$Limit                     0x08009d08   Number         0  anon$$obj.o(Region$$Table)
    ipaddr                                   0x20000000   Data           4  lwip.o(.data)
    netmask                                  0x20000004   Data           4  lwip.o(.data)
    gw                                       0x20000008   Data           4  lwip.o(.data)
    IP_ADDRESS                               0x2000000c   Data           4  lwip.o(.data)
    NETMASK_ADDRESS                          0x20000010   Data           4  lwip.o(.data)
    GATEWAY_ADDRESS                          0x20000014   Data           4  lwip.o(.data)
    uwTickFreq                               0x20000018   Data           1  stm32f7xx_hal.o(.data)
    uwTickPrio                               0x2000001c   Data           4  stm32f7xx_hal.o(.data)
    uwTick                                   0x20000020   Data           4  stm32f7xx_hal.o(.data)
    SystemCoreClock                          0x20000024   Data           4  system_stm32f7xx.o(.data)
    netif_list                               0x2000005c   Data           4  netif.o(.data)
    netif_default                            0x20000060   Data           4  netif.o(.data)
    pbuf_free_ooseq_pending                  0x20000064   Data           1  pbuf.o(.data)
    tcp_active_pcbs_changed                  0x20000068   Data           1  tcp.o(.data)
    tcp_ticks                                0x20000074   Data           4  tcp.o(.data)
    tcp_bound_pcbs                           0x20000078   Data           4  tcp.o(.data)
    tcp_listen_pcbs                          0x2000007c   Data           4  tcp.o(.data)
    tcp_active_pcbs                          0x20000080   Data           4  tcp.o(.data)
    tcp_tw_pcbs                              0x20000084   Data           4  tcp.o(.data)
    tcp_input_pcb                            0x200000a8   Data           4  tcp_in.o(.data)
    udp_pcbs                                 0x200000bc   Data           4  udp.o(.data)
    __stdout                                 0x200000cc   Data           4  stdout.o(.data)
    huart3                                   0x200000d0   Data         128  main.o(.bss)
    hpcd_USB_OTG_FS                          0x20000150   Data        1028  main.o(.bss)
    gnetif                                   0x20000554   Data          48  lwip.o(.bss)
    DMARxDscrTab                             0x20000584   Data         128  ethernetif.o(.bss)
    DMATxDscrTab                             0x20000604   Data         128  ethernetif.o(.bss)
    Rx_Buff                                  0x20000684   Data        6096  ethernetif.o(.bss)
    Tx_Buff                                  0x20001e54   Data        6096  ethernetif.o(.bss)
    heth                                     0x20003624   Data          72  ethernetif.o(.bss)
    ip_data                                  0x2000366c   Data          24  ip.o(.bss)
    ram_heap                                 0x20003684   Data        1619  mem.o(.bss)
    memp_memory_UDP_PCB_base                 0x20003cd7   Data         131  memp.o(.bss)
    memp_memory_TCP_PCB_base                 0x20003d5a   Data         763  memp.o(.bss)
    memp_memory_TCP_PCB_LISTEN_base          0x20004055   Data         227  memp.o(.bss)
    memp_memory_TCP_SEG_base                 0x20004138   Data         259  memp.o(.bss)
    memp_memory_REASSDATA_base               0x2000423b   Data         163  memp.o(.bss)
    memp_memory_FRAG_PBUF_base               0x200042de   Data         363  memp.o(.bss)
    memp_memory_SYS_TIMEOUT_base             0x20004449   Data          51  memp.o(.bss)
    memp_memory_PBUF_base                    0x2000447c   Data         259  memp.o(.bss)
    memp_memory_PBUF_POOL_base               0x2000457f   Data        9731  memp.o(.bss)
    __initial_sp                             0x2000ac88   Data           0  startup_stm32f767xx.o(STACK)



==============================================================================

Memory Map of the image

  Image Entry point : 0x080001f9

  Load Region LR_IROM1 (Base: 0x08000000, Size: 0x00009dd8, Max: 0x00200000, ABSOLUTE)

    Execution Region ER_IROM1 (Exec base: 0x08000000, Load base: 0x08000000, Size: 0x00009d08, Max: 0x00200000, ABSOLUTE)

    Exec Addr    Load Addr    Size         Type   Attr      Idx    E Section Name        Object

    0x08000000   0x08000000   0x000001f8   Data   RO            3    RESET               startup_stm32f767xx.o
    0x080001f8   0x080001f8   0x00000000   Code   RO         6461  * .ARM.Collect$$$$00000000  mc_w.l(entry.o)
    0x080001f8   0x080001f8   0x00000004   Code   RO         6739    .ARM.Collect$$$$00000001  mc_w.l(entry2.o)
    0x080001fc   0x080001fc   0x00000004   Code   RO         6742    .ARM.Collect$$$$00000004  mc_w.l(entry5.o)
    0x08000200   0x08000200   0x00000000   Code   RO         6744    .ARM.Collect$$$$00000008  mc_w.l(entry7b.o)
    0x08000200   0x08000200   0x00000000   Code   RO         6746    .ARM.Collect$$$$0000000A  mc_w.l(entry8b.o)
    0x08000200   0x08000200   0x00000008   Code   RO         6747    .ARM.Collect$$$$0000000B  mc_w.l(entry9a.o)
    0x08000208   0x08000208   0x00000004   Code   RO         6754    .ARM.Collect$$$$0000000E  mc_w.l(entry12b.o)
    0x0800020c   0x0800020c   0x00000000   Code   RO         6749    .ARM.Collect$$$$0000000F  mc_w.l(entry10a.o)
    0x0800020c   0x0800020c   0x00000000   Code   RO         6751    .ARM.Collect$$$$00000011  mc_w.l(entry11a.o)
    0x0800020c   0x0800020c   0x00000004   Code   RO         6740    .ARM.Collect$$$$00002712  mc_w.l(entry2.o)
    0x08000210   0x08000210   0x00000024   Code   RO            4    .text               startup_stm32f767xx.o
    0x08000234   0x08000234   0x00000062   Code   RO         6464    .text               mc_w.l(uldiv.o)
    0x08000296   0x08000296   0x00000024   Code   RO         6466    .text               mc_w.l(memcpya.o)
    0x080002ba   0x080002ba   0x00000024   Code   RO         6468    .text               mc_w.l(memseta.o)
    0x080002de   0x080002de   0x0000001a   Code   RO         6472    .text               mc_w.l(memcmp.o)
    0x080002f8   0x080002f8   0x0000002c   Code   RO         6758    .text               mc_w.l(uidiv.o)
    0x08000324   0x08000324   0x0000001e   Code   RO         6760    .text               mc_w.l(llshl.o)
    0x08000342   0x08000342   0x00000020   Code   RO         6762    .text               mc_w.l(llushr.o)
    0x08000362   0x08000362   0x00000002   PAD
    0x08000364   0x08000364   0x00000024   Code   RO         6775    .text               mc_w.l(init.o)
    0x08000388   0x08000388   0x00000000   Code   RO         6777    .text               mc_w.l(semi.o)
    0x08000388   0x08000388   0x00000000   Code   RO         6780    .text               mc_w.l(iusesemip.o)
    0x08000388   0x08000388   0x00000002   Code   RO          432    i.BusFault_Handler  stm32f7xx_it.o
    0x0800038a   0x0800038a   0x00000002   Code   RO          433    i.DebugMon_Handler  stm32f7xx_it.o
    0x0800038c   0x0800038c   0x0000002e   Code   RO          555    i.ETH_FlushTransmitFIFO  stm32f7xx_hal_eth.o
    0x080003ba   0x080003ba   0x00000002   PAD
    0x080003bc   0x080003bc   0x00000130   Code   RO          556    i.ETH_MACDMAConfig  stm32f7xx_hal_eth.o
    0x080004ec   0x080004ec   0x00000024   Code   RO         1618    i.HAL_Delay         stm32f7xx_hal.o
    0x08000510   0x08000510   0x00000074   Code   RO          559    i.HAL_ETH_DMARxDescListInit  stm32f7xx_hal_eth.o
    0x08000584   0x08000584   0x00000084   Code   RO          560    i.HAL_ETH_DMATxDescListInit  stm32f7xx_hal_eth.o
    0x08000608   0x08000608   0x0000007e   Code   RO          563    i.HAL_ETH_GetReceivedFrame  stm32f7xx_hal_eth.o
    0x08000686   0x08000686   0x00000002   PAD
    0x08000688   0x08000688   0x000001f0   Code   RO          567    i.HAL_ETH_Init      stm32f7xx_hal_eth.o
    0x08000878   0x08000878   0x000000e8   Code   RO          348    i.HAL_ETH_MspInit   ethernetif.o
    0x08000960   0x08000960   0x00000086   Code   RO          570    i.HAL_ETH_ReadPHYRegister  stm32f7xx_hal_eth.o
    0x080009e6   0x080009e6   0x00000084   Code   RO          572    i.HAL_ETH_Start     stm32f7xx_hal_eth.o
    0x08000a6a   0x08000a6a   0x00000112   Code   RO          574    i.HAL_ETH_TransmitFrame  stm32f7xx_hal_eth.o
    0x08000b7c   0x08000b7c   0x0000007a   Code   RO          576    i.HAL_ETH_WritePHYRegister  stm32f7xx_hal_eth.o
    0x08000bf6   0x08000bf6   0x00000002   PAD
    0x08000bf8   0x08000bf8   0x000001d8   Code   RO         1050    i.HAL_GPIO_Init     stm32f7xx_hal_gpio.o
    0x08000dd0   0x08000dd0   0x0000000a   Code   RO         1054    i.HAL_GPIO_WritePin  stm32f7xx_hal_gpio.o
    0x08000dda   0x08000dda   0x00000002   PAD
    0x08000ddc   0x08000ddc   0x0000000c   Code   RO         1628    i.HAL_GetTick       stm32f7xx_hal.o
    0x08000de8   0x08000de8   0x00000010   Code   RO         1634    i.HAL_IncTick       stm32f7xx_hal.o
    0x08000df8   0x08000df8   0x00000016   Code   RO         1635    i.HAL_Init          stm32f7xx_hal.o
    0x08000e0e   0x08000e0e   0x00000002   PAD
    0x08000e10   0x08000e10   0x00000040   Code   RO         1636    i.HAL_InitTick      stm32f7xx_hal.o
    0x08000e50   0x08000e50   0x00000030   Code   RO          507    i.HAL_MspInit       stm32f7xx_hal_msp.o
    0x08000e80   0x08000e80   0x00000040   Code   RO         1487    i.HAL_NVIC_SetPriority  stm32f7xx_hal_cortex.o
    0x08000ec0   0x08000ec0   0x00000024   Code   RO         1488    i.HAL_NVIC_SetPriorityGrouping  stm32f7xx_hal_cortex.o
    0x08000ee4   0x08000ee4   0x00000028   Code   RO         3034    i.HAL_PCDEx_ActivateLPM  stm32f7xx_hal_pcd_ex.o
    0x08000f0c   0x08000f0c   0x000000ea   Code   RO         2835    i.HAL_PCD_Init      stm32f7xx_hal_pcd.o
    0x08000ff6   0x08000ff6   0x00000002   PAD
    0x08000ff8   0x08000ff8   0x0000008c   Code   RO          509    i.HAL_PCD_MspInit   stm32f7xx_hal_msp.o
    0x08001084   0x08001084   0x0000006c   Code   RO         1390    i.HAL_PWREx_EnableOverDrive  stm32f7xx_hal_pwr_ex.o
    0x080010f0   0x080010f0   0x00000010   Code   RO         1267    i.HAL_PWR_EnableBkUpAccess  stm32f7xx_hal_pwr.o
    0x08001100   0x08001100   0x0000053c   Code   RO          811    i.HAL_RCCEx_PeriphCLKConfig  stm32f7xx_hal_rcc_ex.o
    0x0800163c   0x0800163c   0x0000012c   Code   RO          704    i.HAL_RCC_ClockConfig  stm32f7xx_hal_rcc.o
    0x08001768   0x08001768   0x0000000c   Code   RO          709    i.HAL_RCC_GetHCLKFreq  stm32f7xx_hal_rcc.o
    0x08001774   0x08001774   0x00000020   Code   RO          711    i.HAL_RCC_GetPCLK1Freq  stm32f7xx_hal_rcc.o
    0x08001794   0x08001794   0x00000020   Code   RO          712    i.HAL_RCC_GetPCLK2Freq  stm32f7xx_hal_rcc.o
    0x080017b4   0x080017b4   0x00000060   Code   RO          713    i.HAL_RCC_GetSysClockFreq  stm32f7xx_hal_rcc.o
    0x08001814   0x08001814   0x0000033c   Code   RO          716    i.HAL_RCC_OscConfig  stm32f7xx_hal_rcc.o
    0x08001b50   0x08001b50   0x00000026   Code   RO         1492    i.HAL_SYSTICK_Config  stm32f7xx_hal_cortex.o
    0x08001b76   0x08001b76   0x00000066   Code   RO         2454    i.HAL_UART_Init     stm32f7xx_hal_uart.o
    0x08001bdc   0x08001bdc   0x00000064   Code   RO          511    i.HAL_UART_MspInit  stm32f7xx_hal_msp.o
    0x08001c40   0x08001c40   0x00000002   Code   RO          434    i.HardFault_Handler  stm32f7xx_it.o
    0x08001c42   0x08001c42   0x00000002   PAD
    0x08001c44   0x08001c44   0x000000f0   Code   RO           14    i.MX_GPIO_Init      main.o
    0x08001d34   0x08001d34   0x00000148   Code   RO          283    i.MX_LWIP_Init      lwip.o
    0x08001e7c   0x08001e7c   0x00000014   Code   RO          284    i.MX_LWIP_Process   lwip.o
    0x08001e90   0x08001e90   0x00000030   Code   RO           15    i.MX_USART3_UART_Init  main.o
    0x08001ec0   0x08001ec0   0x00000030   Code   RO           16    i.MX_USB_OTG_FS_PCD_Init  main.o
    0x08001ef0   0x08001ef0   0x00000002   Code   RO          435    i.MemManage_Handler  stm32f7xx_it.o
    0x08001ef2   0x08001ef2   0x00000002   Code   RO          436    i.NMI_Handler       stm32f7xx_it.o
    0x08001ef4   0x08001ef4   0x00000002   Code   RO          437    i.PendSV_Handler    stm32f7xx_it.o
    0x08001ef6   0x08001ef6   0x00000002   Code   RO          438    i.SVC_Handler       stm32f7xx_it.o
    0x08001ef8   0x08001ef8   0x00000004   Code   RO          439    i.SysTick_Handler   stm32f7xx_it.o
    0x08001efc   0x08001efc   0x000000a8   Code   RO           17    i.SystemClock_Config  main.o
    0x08001fa4   0x08001fa4   0x00000054   Code   RO         3389    i.SystemInit        system_stm32f7xx.o
    0x08001ff8   0x08001ff8   0x000000c8   Code   RO         2467    i.UART_AdvFeatureConfig  stm32f7xx_hal_uart.o
    0x080020c0   0x080020c0   0x0000003c   Code   RO         2468    i.UART_CheckIdleState  stm32f7xx_hal_uart.o
    0x080020fc   0x080020fc   0x00000254   Code   RO         2483    i.UART_SetConfig    stm32f7xx_hal_uart.o
    0x08002350   0x08002350   0x00000060   Code   RO         2486    i.UART_WaitOnFlagUntilTimeout  stm32f7xx_hal_uart.o
    0x080023b0   0x080023b0   0x0000006c   Code   RO         3093    i.USB_CoreInit      stm32f7xx_ll_usb.o
    0x0800241c   0x0800241c   0x00000038   Code   RO         3094    i.USB_CoreReset     stm32f7xx_ll_usb.o
    0x08002454   0x08002454   0x00000018   Code   RO         3099    i.USB_DevDisconnect  stm32f7xx_ll_usb.o
    0x0800246c   0x0800246c   0x00000194   Code   RO         3100    i.USB_DevInit       stm32f7xx_ll_usb.o
    0x08002600   0x08002600   0x0000000c   Code   RO         3101    i.USB_DisableGlobalInt  stm32f7xx_ll_usb.o
    0x0800260c   0x0800260c   0x00000020   Code   RO         3110    i.USB_FlushRxFifo   stm32f7xx_ll_usb.o
    0x0800262c   0x0800262c   0x00000024   Code   RO         3111    i.USB_FlushTxFifo   stm32f7xx_ll_usb.o
    0x08002650   0x08002650   0x0000002e   Code   RO         3129    i.USB_SetCurrentMode  stm32f7xx_ll_usb.o
    0x0800267e   0x0800267e   0x00000002   Code   RO          440    i.UsageFault_Handler  stm32f7xx_it.o
    0x08002680   0x08002680   0x00000020   Code   RO         6567    i.__0printf$3       mc_w.l(printf3.o)
    0x080026a0   0x080026a0   0x00000022   Code   RO         1494    i.__NVIC_SetPriority  stm32f7xx_hal_cortex.o
    0x080026c2   0x080026c2   0x0000000e   Code   RO         6785    i.__scatterload_copy  mc_w.l(handlers.o)
    0x080026d0   0x080026d0   0x00000002   Code   RO         6786    i.__scatterload_null  mc_w.l(handlers.o)
    0x080026d2   0x080026d2   0x0000000e   Code   RO         6787    i.__scatterload_zeroinit  mc_w.l(handlers.o)
    0x080026e0   0x080026e0   0x000001b8   Code   RO         6574    i._printf_core      mc_w.l(printf3.o)
    0x08002898   0x08002898   0x0000001c   Code   RO         5504    i.cyclic_timer      timeouts.o
    0x080028b4   0x080028b4   0x0000009c   Code   RO         4516    i.do_memp_free_pool  memp.o
    0x08002950   0x08002950   0x000000a4   Code   RO         4517    i.do_memp_malloc_pool  memp.o
    0x080029f4   0x080029f4   0x00000030   Code   RO         5733    i.etharp_cleanup_netif  etharp.o
    0x08002a24   0x08002a24   0x00000258   Code   RO         5735    i.etharp_find_entry  etharp.o
    0x08002c7c   0x08002c7c   0x00000024   Code   RO         5736    i.etharp_free_entry  etharp.o
    0x08002ca0   0x08002ca0   0x00000104   Code   RO         5738    i.etharp_input      etharp.o
    0x08002da4   0x08002da4   0x000001a8   Code   RO         5739    i.etharp_output     etharp.o
    0x08002f4c   0x08002f4c   0x00000110   Code   RO         5740    i.etharp_output_to_arp_index  etharp.o
    0x0800305c   0x0800305c   0x000001d8   Code   RO         5741    i.etharp_query      etharp.o
    0x08003234   0x08003234   0x00000170   Code   RO         5742    i.etharp_raw        etharp.o
    0x080033a4   0x080033a4   0x0000000c   Code   RO         5743    i.etharp_request    etharp.o
    0x080033b0   0x080033b0   0x00000020   Code   RO         5744    i.etharp_request_dst  etharp.o
    0x080033d0   0x080033d0   0x00000060   Code   RO         5745    i.etharp_tmr        etharp.o
    0x08003430   0x08003430   0x0000011c   Code   RO         5746    i.etharp_update_arp_entry  etharp.o
    0x0800354c   0x0800354c   0x000000a0   Code   RO         3864    i.ethernet_input    ethernet.o
    0x080035ec   0x080035ec   0x000000f8   Code   RO         3865    i.ethernet_output   ethernet.o
    0x080036e4   0x080036e4   0x00000088   Code   RO          349    i.ethernetif_init   ethernetif.o
    0x0800376c   0x0800376c   0x00000022   Code   RO          350    i.ethernetif_input  ethernetif.o
    0x0800378e   0x0800378e   0x00000012   Code   RO         6755    i.fputc             mc_w.l(fputc.o)
    0x080037a0   0x080037a0   0x00000008   Code   RO         5833    i.icmp_dest_unreach  icmp.o
    0x080037a8   0x080037a8   0x000001e8   Code   RO         5834    i.icmp_input        icmp.o
    0x08003990   0x08003990   0x0000010c   Code   RO         5835    i.icmp_send_response  icmp.o
    0x08003a9c   0x08003a9c   0x00000008   Code   RO         5836    i.icmp_time_exceeded  icmp.o
    0x08003aa4   0x08003aa4   0x0000002e   Code   RO         5952    i.ip4_addr_isbroadcast_u32  ip4_addr.o
    0x08003ad2   0x08003ad2   0x00000002   PAD
    0x08003ad4   0x08003ad4   0x00000254   Code   RO         6018    i.ip4_frag          ip4_frag.o
    0x08003d28   0x08003d28   0x000001a4   Code   RO         5899    i.ip4_input         ip4.o
    0x08003ecc   0x08003ecc   0x0000001e   Code   RO         5901    i.ip4_output_if     ip4.o
    0x08003eea   0x08003eea   0x00000002   PAD
    0x08003eec   0x08003eec   0x00000170   Code   RO         5902    i.ip4_output_if_src  ip4.o
    0x0800405c   0x0800405c   0x000001b4   Code   RO         6019    i.ip4_reass         ip4_frag.o
    0x08004210   0x08004210   0x0000005c   Code   RO         5903    i.ip4_route         ip4.o
    0x0800426c   0x0800426c   0x00000090   Code   RO         6020    i.ip_frag_free_pbuf_custom_ref  ip4_frag.o
    0x080042fc   0x080042fc   0x00000260   Code   RO         6021    i.ip_reass_chain_frag_into_datagram_and_validate  ip4_frag.o
    0x0800455c   0x0800455c   0x000000bc   Code   RO         6022    i.ip_reass_dequeue_datagram  ip4_frag.o
    0x08004618   0x08004618   0x00000190   Code   RO         6023    i.ip_reass_free_complete_datagram  ip4_frag.o
    0x080047a8   0x080047a8   0x00000080   Code   RO         6024    i.ip_reass_remove_oldest_datagram  ip4_frag.o
    0x08004828   0x08004828   0x0000002c   Code   RO         6025    i.ip_reass_tmr      ip4_frag.o
    0x08004854   0x08004854   0x00000098   Code   RO         6026    i.ipfrag_free_pbuf_custom  ip4_frag.o
    0x080048ec   0x080048ec   0x000000f0   Code   RO          351    i.low_level_init    ethernetif.o
    0x080049dc   0x080049dc   0x000000c4   Code   RO          352    i.low_level_input   ethernetif.o
    0x08004aa0   0x08004aa0   0x000000b0   Code   RO          353    i.low_level_output  ethernetif.o
    0x08004b50   0x08004b50   0x00000004   Code   RO         4188    i.lwip_htonl        def.o
    0x08004b54   0x08004b54   0x00000004   Code   RO         4189    i.lwip_htons        def.o
    0x08004b58   0x08004b58   0x0000001e   Code   RO         4341    i.lwip_init         init.o
    0x08004b76   0x08004b76   0x00000002   PAD
    0x08004b78   0x08004b78   0x00000058   Code   RO           18    i.main              main.o
    0x08004bd0   0x08004bd0   0x0000011c   Code   RO         4450    i.mem_free          mem.o
    0x08004cec   0x08004cec   0x00000034   Code   RO         4451    i.mem_init          mem.o
    0x08004d20   0x08004d20   0x000001fc   Code   RO         4452    i.mem_malloc        mem.o
    0x08004f1c   0x08004f1c   0x0000018c   Code   RO         4453    i.mem_trim          mem.o
    0x080050a8   0x080050a8   0x0000009c   Code   RO         4518    i.memp_free         memp.o
    0x08005144   0x08005144   0x00000020   Code   RO         4520    i.memp_init         memp.o
    0x08005164   0x08005164   0x0000002a   Code   RO         4521    i.memp_init_pool    memp.o
    0x0800518e   0x0800518e   0x00000002   PAD
    0x08005190   0x08005190   0x000000a4   Code   RO         4522    i.memp_malloc       memp.o
    0x08005234   0x08005234   0x000000e4   Code   RO         4647    i.netif_add         netif.o
    0x08005318   0x08005318   0x00000002   Code   RO         4649    i.netif_init        netif.o
    0x0800531a   0x0800531a   0x0000001a   Code   RO         4651    i.netif_issue_reports  netif.o
    0x08005334   0x08005334   0x00000048   Code   RO         4653    i.netif_set_addr    netif.o
    0x0800537c   0x0800537c   0x0000000c   Code   RO         4654    i.netif_set_default  netif.o
    0x08005388   0x08005388   0x0000001a   Code   RO         4655    i.netif_set_down    netif.o
    0x080053a2   0x080053a2   0x00000008   Code   RO         4656    i.netif_set_gw      netif.o
    0x080053aa   0x080053aa   0x00000002   PAD
    0x080053ac   0x080053ac   0x00000040   Code   RO         4657    i.netif_set_ipaddr  netif.o
    0x080053ec   0x080053ec   0x00000008   Code   RO         4660    i.netif_set_netmask  netif.o
    0x080053f4   0x080053f4   0x0000001c   Code   RO         4661    i.netif_set_up      netif.o
    0x08005410   0x08005410   0x0000037c   Code   RO         4775    i.pbuf_alloc        pbuf.o
    0x0800578c   0x0800578c   0x000000e0   Code   RO         4776    i.pbuf_alloced_custom  pbuf.o
    0x0800586c   0x0800586c   0x00000130   Code   RO         4777    i.pbuf_cat          pbuf.o
    0x0800599c   0x0800599c   0x00000012   Code   RO         4779    i.pbuf_clen         pbuf.o
    0x080059ae   0x080059ae   0x00000002   PAD
    0x080059b0   0x080059b0   0x000001ec   Code   RO         4781    i.pbuf_copy         pbuf.o
    0x08005b9c   0x08005b9c   0x0000011c   Code   RO         4782    i.pbuf_copy_partial  pbuf.o
    0x08005cb8   0x08005cb8   0x00000168   Code   RO         4784    i.pbuf_free         pbuf.o
    0x08005e20   0x08005e20   0x0000002c   Code   RO         4785    i.pbuf_free_ooseq   pbuf.o
    0x08005e4c   0x08005e4c   0x00000006   Code   RO         4787    i.pbuf_header       pbuf.o
    0x08005e52   0x08005e52   0x00000006   Code   RO         4788    i.pbuf_header_force  pbuf.o
    0x08005e58   0x08005e58   0x00000124   Code   RO         4789    i.pbuf_header_impl  pbuf.o
    0x08005f7c   0x08005f7c   0x00000198   Code   RO         4793    i.pbuf_realloc      pbuf.o
    0x08006114   0x08006114   0x0000008c   Code   RO         4794    i.pbuf_ref          pbuf.o
    0x080061a0   0x080061a0   0x0000017c   Code   RO         4454    i.plug_holes        mem.o
    0x0800631c   0x0800631c   0x00000058   Code   RO         5505    i.sys_check_timeouts  timeouts.o
    0x08006374   0x08006374   0x00000004   Code   RO          355    i.sys_now           ethernetif.o
    0x08006378   0x08006378   0x0000013c   Code   RO         5507    i.sys_timeout       timeouts.o
    0x080064b4   0x080064b4   0x00000034   Code   RO         5508    i.sys_timeouts_init  timeouts.o
    0x080064e8   0x080064e8   0x00000178   Code   RO         5020    i.tcp_abandon       tcp.o
    0x08006660   0x08006660   0x00000006   Code   RO         5021    i.tcp_abort         tcp.o
    0x08006666   0x08006666   0x00000002   PAD
    0x08006668   0x08006668   0x00000104   Code   RO         5024    i.tcp_alloc         tcp.o
    0x0800676c   0x0800676c   0x00000014   Code   RO         5027    i.tcp_close         tcp.o
    0x08006780   0x08006780   0x0000018c   Code   RO         5028    i.tcp_close_shutdown  tcp.o
    0x0800690c   0x0800690c   0x000000c4   Code   RO         5029    i.tcp_close_shutdown_fin  tcp.o
    0x080069d0   0x080069d0   0x00000120   Code   RO         5387    i.tcp_create_segment  tcp_out.o
    0x08006af0   0x08006af0   0x00000022   Code   RO         5032    i.tcp_eff_send_mss_impl  tcp.o
    0x08006b12   0x08006b12   0x00000002   PAD
    0x08006b14   0x08006b14   0x00000210   Code   RO         5388    i.tcp_enqueue_flags  tcp_out.o
    0x08006d24   0x08006d24   0x0000006c   Code   RO         5034    i.tcp_fasttmr       tcp.o
    0x08006d90   0x08006d90   0x00000030   Code   RO         5303    i.tcp_getoptbyte    tcp_in.o
    0x08006dc0   0x08006dc0   0x00000002   Code   RO         5035    i.tcp_init          tcp.o
    0x08006dc2   0x08006dc2   0x00000002   PAD
    0x08006dc4   0x08006dc4   0x000005d8   Code   RO         5304    i.tcp_input         tcp_in.o
    0x0800739c   0x0800739c   0x00000040   Code   RO         5305    i.tcp_input_delayed_close  tcp_in.o
    0x080073dc   0x080073dc   0x00000052   Code   RO         5389    i.tcp_keepalive     tcp_out.o
    0x0800742e   0x0800742e   0x00000002   PAD
    0x08007430   0x08007430   0x000000bc   Code   RO         5036    i.tcp_kill_state    tcp.o
    0x080074ec   0x080074ec   0x000000cc   Code   RO         5037    i.tcp_listen_closed  tcp.o
    0x080075b8   0x080075b8   0x000000f4   Code   RO         5306    i.tcp_listen_input  tcp_in.o
    0x080076ac   0x080076ac   0x0000004c   Code   RO         5040    i.tcp_netif_ip_addr_changed  tcp.o
    0x080076f8   0x080076f8   0x00000022   Code   RO         5041    i.tcp_netif_ip_addr_changed_pcblist  tcp.o
    0x0800771a   0x0800771a   0x00000002   PAD
    0x0800771c   0x0800771c   0x00000010   Code   RO         5045    i.tcp_next_iss      tcp.o
    0x0800772c   0x0800772c   0x0000007c   Code   RO         5307    i.tcp_oos_insert_segment  tcp_in.o
    0x080077a8   0x080077a8   0x000002d4   Code   RO         5390    i.tcp_output        tcp_out.o
    0x08007a7c   0x08007a7c   0x00000110   Code   RO         5391    i.tcp_output_alloc_header  tcp_out.o
    0x08007b8c   0x08007b8c   0x000000b0   Code   RO         5392    i.tcp_output_segment  tcp_out.o
    0x08007c3c   0x08007c3c   0x00000074   Code   RO         5308    i.tcp_parseopt      tcp_in.o
    0x08007cb0   0x08007cb0   0x00000042   Code   RO         5046    i.tcp_pcb_purge     tcp.o
    0x08007cf2   0x08007cf2   0x00000002   PAD
    0x08007cf4   0x08007cf4   0x00000130   Code   RO         5047    i.tcp_pcb_remove    tcp.o
    0x08007e24   0x08007e24   0x00000488   Code   RO         5309    i.tcp_process       tcp_in.o
    0x080082ac   0x080082ac   0x0000006c   Code   RO         5049    i.tcp_process_refused_data  tcp.o
    0x08008318   0x08008318   0x00000a32   Code   RO         5310    i.tcp_receive       tcp_in.o
    0x08008d4a   0x08008d4a   0x00000024   Code   RO         5051    i.tcp_recv_null     tcp.o
    0x08008d6e   0x08008d6e   0x00000002   PAD
    0x08008d70   0x08008d70   0x00000110   Code   RO         5052    i.tcp_recved        tcp.o
    0x08008e80   0x08008e80   0x00000056   Code   RO         5394    i.tcp_rexmit        tcp_out.o
    0x08008ed6   0x08008ed6   0x00000058   Code   RO         5395    i.tcp_rexmit_fast   tcp_out.o
    0x08008f2e   0x08008f2e   0x00000030   Code   RO         5396    i.tcp_rexmit_rto    tcp_out.o
    0x08008f5e   0x08008f5e   0x00000002   PAD
    0x08008f60   0x08008f60   0x00000120   Code   RO         5397    i.tcp_rst           tcp_out.o
    0x08009080   0x08009080   0x00000028   Code   RO         5053    i.tcp_seg_copy      tcp.o
    0x080090a8   0x080090a8   0x0000001c   Code   RO         5054    i.tcp_seg_free      tcp.o
    0x080090c4   0x080090c4   0x00000012   Code   RO         5055    i.tcp_segs_free     tcp.o
    0x080090d6   0x080090d6   0x00000072   Code   RO         5398    i.tcp_send_empty_ack  tcp_out.o
    0x08009148   0x08009148   0x00000044   Code   RO         5399    i.tcp_send_fin      tcp_out.o
    0x0800918c   0x0800918c   0x000004dc   Code   RO         5059    i.tcp_slowtmr       tcp.o
    0x08009668   0x08009668   0x00000034   Code   RO         5511    i.tcp_timer_needed  timeouts.o
    0x0800969c   0x0800969c   0x00000068   Code   RO         5311    i.tcp_timewait_input  tcp_in.o
    0x08009704   0x08009704   0x00000020   Code   RO         5060    i.tcp_tmr           tcp.o
    0x08009724   0x08009724   0x00000010   Code   RO         5312    i.tcp_trigger_input_pcb_close  tcp_in.o
    0x08009734   0x08009734   0x000000c0   Code   RO         5062    i.tcp_update_rcv_ann_wnd  tcp.o
    0x080097f4   0x080097f4   0x000000ae   Code   RO         5402    i.tcp_zero_window_probe  tcp_out.o
    0x080098a2   0x080098a2   0x00000002   PAD
    0x080098a4   0x080098a4   0x00000038   Code   RO         5512    i.tcpip_tcp_timer   timeouts.o
    0x080098dc   0x080098dc   0x00000002   Code   RO         5587    i.udp_init          udp.o
    0x080098de   0x080098de   0x00000002   PAD
    0x080098e0   0x080098e0   0x0000019c   Code   RO         5588    i.udp_input         udp.o
    0x08009a7c   0x08009a7c   0x00000034   Code   RO         5589    i.udp_netif_ip_addr_changed  udp.o
    0x08009ab0   0x08009ab0   0x00000010   Data   RO         3390    .constdata          system_stm32f7xx.o
    0x08009ac0   0x08009ac0   0x00000008   Data   RO         3391    .constdata          system_stm32f7xx.o
    0x08009ac8   0x08009ac8   0x00000006   Data   RO         3866    .constdata          ethernet.o
    0x08009ace   0x08009ace   0x00000006   Data   RO         3867    .constdata          ethernet.o
    0x08009ad4   0x08009ad4   0x0000000c   Data   RO         4533    .constdata          memp.o
    0x08009ae0   0x08009ae0   0x0000000c   Data   RO         4534    .constdata          memp.o
    0x08009aec   0x08009aec   0x0000000c   Data   RO         4535    .constdata          memp.o
    0x08009af8   0x08009af8   0x0000000c   Data   RO         4536    .constdata          memp.o
    0x08009b04   0x08009b04   0x0000000c   Data   RO         4537    .constdata          memp.o
    0x08009b10   0x08009b10   0x0000000c   Data   RO         4538    .constdata          memp.o
    0x08009b1c   0x08009b1c   0x0000000c   Data   RO         4539    .constdata          memp.o
    0x08009b28   0x08009b28   0x0000000c   Data   RO         4540    .constdata          memp.o
    0x08009b34   0x08009b34   0x0000000c   Data   RO         4541    .constdata          memp.o
    0x08009b40   0x08009b40   0x00000024   Data   RO         4542    .constdata          memp.o
    0x08009b64   0x08009b64   0x00000054   Data   RO         5063    .constdata          tcp.o
    0x08009bb8   0x08009bb8   0x00000018   Data   RO         5513    .constdata          timeouts.o
    0x08009bd0   0x08009bd0   0x00000004   Data   RO         5959    .constdata          ip4_addr.o
    0x08009bd4   0x08009bd4   0x00000075   Data   RO         5064    .conststring        tcp.o
    0x08009c49   0x08009c49   0x00000003   PAD
    0x08009c4c   0x08009c4c   0x00000055   Data   RO         5403    .conststring        tcp_out.o
    0x08009ca1   0x08009ca1   0x00000003   PAD
    0x08009ca4   0x08009ca4   0x00000041   Data   RO         5748    .conststring        etharp.o
    0x08009ce5   0x08009ce5   0x00000003   PAD
    0x08009ce8   0x08009ce8   0x00000020   Data   RO         6783    Region$$Table       anon$$obj.o


    Execution Region RW_IRAM1 (Exec base: 0x20000000, Load base: 0x08009d08, Size: 0x0000ac88, Max: 0x00080000, ABSOLUTE)

    Exec Addr    Load Addr    Size         Type   Attr      Idx    E Section Name        Object

    0x20000000   0x08009d08   0x00000018   Data   RW          290    .data               lwip.o
    0x20000018   0x08009d20   0x0000000c   Data   RW         1642    .data               stm32f7xx_hal.o
    0x20000024   0x08009d2c   0x00000004   Data   RW         3392    .data               system_stm32f7xx.o
    0x20000028   0x08009d30   0x0000000c   Data   RW         4456    .data               mem.o
    0x20000034   0x08009d3c   0x00000004   Data   RW         4543    .data               memp.o
    0x20000038   0x08009d40   0x00000004   Data   RW         4544    .data               memp.o
    0x2000003c   0x08009d44   0x00000004   Data   RW         4545    .data               memp.o
    0x20000040   0x08009d48   0x00000004   Data   RW         4546    .data               memp.o
    0x20000044   0x08009d4c   0x00000004   Data   RW         4547    .data               memp.o
    0x20000048   0x08009d50   0x00000004   Data   RW         4548    .data               memp.o
    0x2000004c   0x08009d54   0x00000004   Data   RW         4549    .data               memp.o
    0x20000050   0x08009d58   0x00000004   Data   RW         4550    .data               memp.o
    0x20000054   0x08009d5c   0x00000004   Data   RW         4551    .data               memp.o
    0x20000058   0x08009d60   0x0000000c   Data   RW         4662    .data               netif.o
    0x20000064   0x08009d6c   0x00000001   Data   RW         4801    .data               pbuf.o
    0x20000065   0x08009d6d   0x00000003   PAD
    0x20000068   0x08009d70   0x00000020   Data   RW         5065    .data               tcp.o
    0x20000088   0x08009d90   0x00000024   Data   RW         5314    .data               tcp_in.o
    0x200000ac   0x08009db4   0x0000000c   Data   RW         5514    .data               timeouts.o
    0x200000b8   0x08009dc0   0x00000008   Data   RW         5598    .data               udp.o
    0x200000c0   0x08009dc8   0x00000001   Data   RW         5749    .data               etharp.o
    0x200000c1   0x08009dc9   0x00000001   PAD
    0x200000c2   0x08009dca   0x00000002   Data   RW         5904    .data               ip4.o
    0x200000c4   0x08009dcc   0x00000008   Data   RW         6027    .data               ip4_frag.o
    0x200000cc   0x08009dd4   0x00000004   Data   RW         6757    .data               mc_w.l(stdout.o)
    0x200000d0        -       0x00000484   Zero   RW           19    .bss                main.o
    0x20000554        -       0x00000030   Zero   RW          289    .bss                lwip.o
    0x20000584        -       0x000030e8   Zero   RW          356    .bss                ethernetif.o
    0x2000366c        -       0x00000018   Zero   RW         4418    .bss                ip.o
    0x20003684        -       0x00000653   Zero   RW         4455    .bss                mem.o
    0x20003cd7        -       0x00000083   Zero   RW         4524    .bss                memp.o
    0x20003d5a        -       0x000002fb   Zero   RW         4525    .bss                memp.o
    0x20004055        -       0x000000e3   Zero   RW         4526    .bss                memp.o
    0x20004138        -       0x00000103   Zero   RW         4527    .bss                memp.o
    0x2000423b        -       0x000000a3   Zero   RW         4528    .bss                memp.o
    0x200042de        -       0x0000016b   Zero   RW         4529    .bss                memp.o
    0x20004449        -       0x00000033   Zero   RW         4530    .bss                memp.o
    0x2000447c        -       0x00000103   Zero   RW         4531    .bss                memp.o
    0x2000457f        -       0x00002603   Zero   RW         4532    .bss                memp.o
    0x20006b82   0x08009dd8   0x00000002   PAD
    0x20006b84        -       0x00000010   Zero   RW         5313    .bss                tcp_in.o
    0x20006b94        -       0x000000f0   Zero   RW         5747    .bss                etharp.o
    0x20006c84   0x08009dd8   0x00000004   PAD
    0x20006c88        -       0x00004000   Zero   RW            1    STACK               startup_stm32f767xx.o


==============================================================================

Image component sizes


      Code (inc. data)   RO Data    RW Data    ZI Data      Debug   Object Name

         0          0          0          0          0       1664   auth.o
         8          0          0          0          0       1210   def.o
      2904       1170         65          1        240      13435   etharp.o
       408        156         12          0          0       2918   ethernet.o
      1018        138          0          0      12520       6762   ethernetif.o
       772        350          0          0          0       4726   icmp.o
        30          0          0          0          0       3488   init.o
         0          0          0          0         24       6165   ip.o
       910        182          0          2          0       5392   ip4.o
        46          0          4          0          0       7234   ip4_addr.o
      2696       1020          0          8          0      12178   ip4_frag.o
       348         20          0         24         48       2119   lwip.o
       592         60          0          0       1156     890293   main.o
      1620        804          0         12       1619       6117   mem.o
       714        498        144         36      11947      10714   memp.o
       474        132          0         12          0      10381   netif.o
      3470       1832          0          1          0      23601   pbuf.o
         0          0          0          0          0       1410   slipif.o
        36          8        504          0      16384        888   startup_stm32f767xx.o
       150         24          0         12          0       9605   stm32f7xx_hal.o
       172         12          0          0          0      38558   stm32f7xx_hal_cortex.o
      1882         68          0          0          0      11363   stm32f7xx_hal_eth.o
       482         54          0          0          0       2724   stm32f7xx_hal_gpio.o
       288         28          0          0          0       2507   stm32f7xx_hal_msp.o
       234          0          0          0          0       1819   stm32f7xx_hal_pcd.o
        40          6          0          0          0       1112   stm32f7xx_hal_pcd_ex.o
        16          4          0          0          0        599   stm32f7xx_hal_pwr.o
       108          8          0          0          0       1372   stm32f7xx_hal_pwr_ex.o
      1300         70          0          0          0       5956   stm32f7xx_hal_rcc.o
      1340         22          0          0          0       2428   stm32f7xx_hal_rcc_ex.o
      1054         70          0          0          0       5329   stm32f7xx_hal_uart.o
        20          0          0          0          0       4562   stm32f7xx_it.o
       718         36          0          0          0       7516   stm32f7xx_ll_usb.o
        84         16         24          4          0       1383   system_stm32f7xx.o
      4256       1546        201         32          0      33694   tcp.o
      5982       1224          0         36         16      21275   tcp_in.o
      2936        832         85          0          0      22398   tcp_out.o
       592        220         24         12          0       6359   timeouts.o
       466        122          0          8          0       5327   udp.o

    ----------------------------------------------------------------------
     38212      10732       1104        204      43960    1196581   Object Totals
         0          0         32          0          0          0   (incl. Generated)
        46          0          9          4          6          0   (incl. Padding)

    ----------------------------------------------------------------------

      Code (inc. data)   RO Data    RW Data    ZI Data      Debug   Library Member Name

         0          0          0          0          0          0   entry.o
         0          0          0          0          0          0   entry10a.o
         0          0          0          0          0          0   entry11a.o
         4          0          0          0          0          0   entry12b.o
         8          4          0          0          0          0   entry2.o
         4          0          0          0          0          0   entry5.o
         0          0          0          0          0          0   entry7b.o
         0          0          0          0          0          0   entry8b.o
         8          4          0          0          0          0   entry9a.o
        18          0          0          0          0         80   fputc.o
        30          0          0          0          0          0   handlers.o
        36          8          0          0          0         68   init.o
         0          0          0          0          0          0   iusesemip.o
        30          0          0          0          0         68   llshl.o
        32          0          0          0          0         68   llushr.o
        26          0          0          0          0         80   memcmp.o
        36          0          0          0          0         68   memcpya.o
        36          0          0          0          0        108   memseta.o
       472         14          0          0          0        184   printf3.o
         0          0          0          0          0          0   semi.o
         0          0          0          4          0          0   stdout.o
        44          0          0          0          0         80   uidiv.o
        98          0          0          0          0         92   uldiv.o

    ----------------------------------------------------------------------
       884         30          0          4          0        896   Library Totals
         2          0          0          0          0          0   (incl. Padding)

    ----------------------------------------------------------------------

      Code (inc. data)   RO Data    RW Data    ZI Data      Debug   Library Name

       882         30          0          4          0        896   mc_w.l

    ----------------------------------------------------------------------
       884         30          0          4          0        896   Library Totals

    ----------------------------------------------------------------------

==============================================================================


      Code (inc. data)   RO Data    RW Data    ZI Data      Debug   

     39096      10762       1104        208      43960    1178265   Grand Totals
     39096      10762       1104        208      43960    1178265   ELF Image Totals
     39096      10762       1104        208          0          0   ROM Totals

==============================================================================

    Total RO  Size (Code + RO Data)                40200 (  39.26kB)
    Total RW  Size (RW Data + ZI Data)             44168 (  43.13kB)
    Total ROM Size (Code + RO Data + RW Data)      40408 (  39.46kB)

==============================================================================

