ethernetif.c:82:6:HAL_ETH_MspInit	64	static
ethernetif.c:148:6:HAL_ETH_MspDeInit	16	static
ethernetif.c:203:13:low_level_init	32	static
ethernetif.c:312:14:low_level_output	48	static
ethernetif.c:396:22:low_level_input	56	static
ethernetif.c:485:6:ethernetif_input	24	static
ethernetif.c:540:7:ethernetif_init	16	static
ethernetif.c:587:7:sys_jiffies	8	static
ethernetif.c:598:7:sys_now	8	static
ethernetif.c:614:6:ethernetif_set_link	24	static
ethernetif.c:652:6:ethernetif_update_config	24	static
ethernetif.c:740:13:ethernetif_notify_conn_changed	16	static
