Component: ARM Compiler 5.06 update 7 (build 960) Tool: armlink [4d3601]

==============================================================================

Section Cross References

    startup_stm32f767xx.o(STACK) refers (Special) to heapauxi.o(.text) for __use_two_region_memory
    startup_stm32f767xx.o(HEAP) refers (Special) to heapauxi.o(.text) for __use_two_region_memory
    startup_stm32f767xx.o(RESET) refers (Special) to heapauxi.o(.text) for __use_two_region_memory
    startup_stm32f767xx.o(RESET) refers to startup_stm32f767xx.o(STACK) for __initial_sp
    startup_stm32f767xx.o(RESET) refers to startup_stm32f767xx.o(.text) for Reset_Handler
    startup_stm32f767xx.o(RESET) refers to stm32f7xx_it.o(i.NMI_Handler) for NMI_Handler
    startup_stm32f767xx.o(RESET) refers to stm32f7xx_it.o(i.HardFault_Handler) for HardFault_Handler
    startup_stm32f767xx.o(RESET) refers to stm32f7xx_it.o(i.MemManage_Handler) for MemManage_Handler
    startup_stm32f767xx.o(RESET) refers to stm32f7xx_it.o(i.BusFault_Handler) for BusFault_Handler
    startup_stm32f767xx.o(RESET) refers to stm32f7xx_it.o(i.UsageFault_Handler) for UsageFault_Handler
    startup_stm32f767xx.o(RESET) refers to stm32f7xx_it.o(i.SVC_Handler) for SVC_Handler
    startup_stm32f767xx.o(RESET) refers to stm32f7xx_it.o(i.DebugMon_Handler) for DebugMon_Handler
    startup_stm32f767xx.o(RESET) refers to stm32f7xx_it.o(i.PendSV_Handler) for PendSV_Handler
    startup_stm32f767xx.o(RESET) refers to stm32f7xx_it.o(i.SysTick_Handler) for SysTick_Handler
    startup_stm32f767xx.o(.text) refers (Special) to heapauxi.o(.text) for __use_two_region_memory
    startup_stm32f767xx.o(.text) refers to system_stm32f7xx.o(i.SystemInit) for SystemInit
    startup_stm32f767xx.o(.text) refers to __main.o(!!!main) for __main
    startup_stm32f767xx.o(.text) refers to startup_stm32f767xx.o(HEAP) for Heap_Mem
    startup_stm32f767xx.o(.text) refers to startup_stm32f767xx.o(STACK) for Stack_Mem
    main.o(i.MX_GPIO_Init) refers to rt_memclr_w.o(.text) for __aeabi_memclr4
    main.o(i.MX_GPIO_Init) refers to stm32f7xx_hal_gpio.o(i.HAL_GPIO_WritePin) for HAL_GPIO_WritePin
    main.o(i.MX_GPIO_Init) refers to stm32f7xx_hal_gpio.o(i.HAL_GPIO_Init) for HAL_GPIO_Init
    main.o(i.MX_USART3_UART_Init) refers to stm32f7xx_hal_uart.o(i.HAL_UART_Init) for HAL_UART_Init
    main.o(i.MX_USART3_UART_Init) refers to main.o(.bss) for .bss
    main.o(i.SystemClock_Config) refers to rt_memclr_w.o(.text) for __aeabi_memclr4
    main.o(i.SystemClock_Config) refers to stm32f7xx_hal_pwr.o(i.HAL_PWR_EnableBkUpAccess) for HAL_PWR_EnableBkUpAccess
    main.o(i.SystemClock_Config) refers to stm32f7xx_hal_rcc.o(i.HAL_RCC_OscConfig) for HAL_RCC_OscConfig
    main.o(i.SystemClock_Config) refers to stm32f7xx_hal_pwr_ex.o(i.HAL_PWREx_EnableOverDrive) for HAL_PWREx_EnableOverDrive
    main.o(i.SystemClock_Config) refers to stm32f7xx_hal_rcc.o(i.HAL_RCC_ClockConfig) for HAL_RCC_ClockConfig
    main.o(i.main) refers to stm32f7xx_hal.o(i.HAL_Init) for HAL_Init
    main.o(i.main) refers to main.o(i.SystemClock_Config) for SystemClock_Config
    main.o(i.main) refers to main.o(i.MX_GPIO_Init) for MX_GPIO_Init
    main.o(i.main) refers to main.o(i.MX_USART3_UART_Init) for MX_USART3_UART_Init
    main.o(i.main) refers to lwip.o(i.MX_LWIP_Init) for MX_LWIP_Init
    main.o(i.main) refers to lwip.o(i.MX_LWIP_Process) for MX_LWIP_Process
    stm32f7xx_it.o(i.SysTick_Handler) refers to stm32f7xx_hal.o(i.HAL_IncTick) for HAL_IncTick
    stm32f7xx_hal_msp.o(i.HAL_UART_MspDeInit) refers to stm32f7xx_hal_gpio.o(i.HAL_GPIO_DeInit) for HAL_GPIO_DeInit
    stm32f7xx_hal_msp.o(i.HAL_UART_MspInit) refers to rt_memclr_w.o(.text) for __aeabi_memclr4
    stm32f7xx_hal_msp.o(i.HAL_UART_MspInit) refers to stm32f7xx_hal_rcc_ex.o(i.HAL_RCCEx_PeriphCLKConfig) for HAL_RCCEx_PeriphCLKConfig
    stm32f7xx_hal_msp.o(i.HAL_UART_MspInit) refers to main.o(i.Error_Handler) for Error_Handler
    stm32f7xx_hal_msp.o(i.HAL_UART_MspInit) refers to stm32f7xx_hal_gpio.o(i.HAL_GPIO_Init) for HAL_GPIO_Init
    ethernetif.o(i.HAL_ETH_MspDeInit) refers to stm32f7xx_hal_gpio.o(i.HAL_GPIO_DeInit) for HAL_GPIO_DeInit
    ethernetif.o(i.HAL_ETH_MspInit) refers to rt_memclr_w.o(.text) for __aeabi_memclr4
    ethernetif.o(i.HAL_ETH_MspInit) refers to stm32f7xx_hal_gpio.o(i.HAL_GPIO_Init) for HAL_GPIO_Init
    ethernetif.o(i.ethernetif_init) refers to _printf_percent.o(.ARM.Collect$$_printf_percent$$00000000) for _printf_percent
    ethernetif.o(i.ethernetif_init) refers to _printf_d.o(.ARM.Collect$$_printf_percent$$00000009) for _printf_d
    ethernetif.o(i.ethernetif_init) refers to _printf_s.o(.ARM.Collect$$_printf_percent$$00000014) for _printf_s
    ethernetif.o(i.ethernetif_init) refers to _printf_dec.o(.text) for _printf_int_dec
    ethernetif.o(i.ethernetif_init) refers to _printf_str.o(.text) for _printf_str
    ethernetif.o(i.ethernetif_init) refers to noretval__2printf.o(.text) for __2printf
[...]
    TIM8_BRK_TIM12_IRQHandler                0x0800030b   Thumb Code     0  startup_stm32f767xx.o(.text)
    TIM8_CC_IRQHandler                       0x0800030b   Thumb Code     0  startup_stm32f767xx.o(.text)
    TIM8_TRG_COM_TIM14_IRQHandler            0x0800030b   Thumb Code     0  startup_stm32f767xx.o(.text)
    TIM8_UP_TIM13_IRQHandler                 0x0800030b   Thumb Code     0  startup_stm32f767xx.o(.text)
    UART4_IRQHandler                         0x0800030b   Thumb Code     0  startup_stm32f767xx.o(.text)
    UART5_IRQHandler                         0x0800030b   Thumb Code     0  startup_stm32f767xx.o(.text)
    UART7_IRQHandler                         0x0800030b   Thumb Code     0  startup_stm32f767xx.o(.text)
    UART8_IRQHandler                         0x0800030b   Thumb Code     0  startup_stm32f767xx.o(.text)
    USART1_IRQHandler                        0x0800030b   Thumb Code     0  startup_stm32f767xx.o(.text)
    USART2_IRQHandler                        0x0800030b   Thumb Code     0  startup_stm32f767xx.o(.text)
    USART3_IRQHandler                        0x0800030b   Thumb Code     0  startup_stm32f767xx.o(.text)
    USART6_IRQHandler                        0x0800030b   Thumb Code     0  startup_stm32f767xx.o(.text)
    WWDG_IRQHandler                          0x0800030b   Thumb Code     0  startup_stm32f767xx.o(.text)
    __user_initial_stackheap                 0x0800030d   Thumb Code     0  startup_stm32f767xx.o(.text)
    __aeabi_uldivmod                         0x08000331   Thumb Code     0  lludivv7m.o(.text)
    _ll_udiv                                 0x08000331   Thumb Code   238  lludivv7m.o(.text)
    __2printf                                0x08000421   Thumb Code    20  noretval__2printf.o(.text)
    __printf                                 0x08000439   Thumb Code   104  __printf.o(.text)
    _printf_str                              0x080004a1   Thumb Code    82  _printf_str.o(.text)
    _printf_int_dec                          0x080004f5   Thumb Code   104  _printf_dec.o(.text)
    srand                                    0x0800056d   Thumb Code    42  rand.o(.text)
    _rand_init                               0x08000597   Thumb Code     4  rand.o(.text)
    memcmp                                   0x080005a9   Thumb Code    88  memcmp.o(.text)
    strlen                                   0x08000601   Thumb Code    62  strlen.o(.text)
    __aeabi_memcpy                           0x0800063f   Thumb Code     0  rt_memcpy_v6.o(.text)
    __rt_memcpy                              0x0800063f   Thumb Code   138  rt_memcpy_v6.o(.text)
    _memcpy_lastbytes                        0x080006a5   Thumb Code     0  rt_memcpy_v6.o(.text)
    __aeabi_memclr                           0x080006c9   Thumb Code     0  rt_memclr.o(.text)
    __rt_memclr                              0x080006c9   Thumb Code    68  rt_memclr.o(.text)
    _memset                                  0x080006cd   Thumb Code     0  rt_memclr.o(.text)
    __aeabi_memclr4                          0x0800070d   Thumb Code     0  rt_memclr_w.o(.text)
    __aeabi_memclr8                          0x0800070d   Thumb Code     0  rt_memclr_w.o(.text)
    __rt_memclr_w                            0x0800070d   Thumb Code    78  rt_memclr_w.o(.text)
    _memset_w                                0x08000711   Thumb Code     0  rt_memclr_w.o(.text)
    __use_two_region_memory                  0x0800075b   Thumb Code     2  heapauxi.o(.text)
    __rt_heap_escrow                         0x0800075d   Thumb Code     2  heapauxi.o(.text)
    __rt_heap_expand                         0x0800075f   Thumb Code     2  heapauxi.o(.text)
    __aeabi_errno_addr                       0x08000761   Thumb Code     8  rt_errno_addr_intlibspace.o(.text)
    __errno$intlibspace                      0x08000761   Thumb Code     0  rt_errno_addr_intlibspace.o(.text)
    __rt_errno_addr$intlibspace              0x08000761   Thumb Code     0  rt_errno_addr_intlibspace.o(.text)
    _printf_int_common                       0x08000769   Thumb Code   178  _printf_intcommon.o(.text)
    _printf_cs_common                        0x0800081b   Thumb Code    20  _printf_char.o(.text)
    _printf_char                             0x0800082f   Thumb Code    16  _printf_char.o(.text)
    _printf_string                           0x0800083f   Thumb Code     8  _printf_char.o(.text)
    _printf_char_file                        0x08000849   Thumb Code    32  _printf_char_file.o(.text)
    __aeabi_memcpy4                          0x0800086d   Thumb Code     0  rt_memcpy_w.o(.text)
    __aeabi_memcpy8                          0x0800086d   Thumb Code     0  rt_memcpy_w.o(.text)
    __rt_memcpy_w                            0x0800086d   Thumb Code   100  rt_memcpy_w.o(.text)
    _memcpy_lastbytes_aligned                0x080008b5   Thumb Code     0  rt_memcpy_w.o(.text)
    __user_libspace                          0x080008d1   Thumb Code     8  libspace.o(.text)
    __user_perproc_libspace                  0x080008d1   Thumb Code     0  libspace.o(.text)
    __user_perthread_libspace                0x080008d1   Thumb Code     0  libspace.o(.text)
    _printf_char_common                      0x080008e3   Thumb Code    32  _printf_char_common.o(.text)
    ferror                                   0x08000909   Thumb Code     8  ferror.o(.text)
    _initio                                  0x08000911   Thumb Code   210  initio.o(.text)
    _terminateio                             0x080009e3   Thumb Code    56  initio.o(.text)
    _sys_open                                0x08000a49   Thumb Code    20  sys_io.o(.text)
    _sys_close                               0x08000a5d   Thumb Code    12  sys_io.o(.text)
    _sys_write                               0x08000a69   Thumb Code    16  sys_io.o(.text)
    _sys_read                                0x08000a79   Thumb Code    14  sys_io.o(.text)
    _sys_istty                               0x08000a87   Thumb Code    12  sys_io.o(.text)
    _sys_seek                                0x08000a93   Thumb Code    14  sys_io.o(.text)
    _sys_ensure                              0x08000aa1   Thumb Code     2  sys_io.o(.text)
    _sys_flen                                0x08000aa3   Thumb Code    12  sys_io.o(.text)
    __user_setup_stackheap                   0x08000aaf   Thumb Code    74  sys_stackheap_outer.o(.text)
    free                                     0x08000af9   Thumb Code    78  h1_free.o(.text)
    __flsbuf                                 0x08000b47   Thumb Code   470  flsbuf.o(.text)
    __flsbuf_byte                            0x08000b47   Thumb Code     0  flsbuf.o(.text)
    __flsbuf_wide                            0x08000b47   Thumb Code     0  flsbuf.o(.text)
    setvbuf                                  0x08000d1d   Thumb Code    70  setvbuf.o(.text)
    freopen                                  0x08000d65   Thumb Code   158  fopen.o(.text)
    fopen                                    0x08000e03   Thumb Code    74  fopen.o(.text)
    _fclose_internal                         0x08000e51   Thumb Code    76  fclose.o(.text)
    fclose                                   0x08000e51   Thumb Code     0  fclose.o(.text)
    exit                                     0x08000e9d   Thumb Code    18  exit.o(.text)
    __rt_SIGRTRED                            0x08000eaf   Thumb Code    14  defsig_rtred_outer.o(.text)
    __I$use$semihosting                      0x08000ebd   Thumb Code     0  use_no_semi.o(.text)
    __use_no_semihosting_swi                 0x08000ebd   Thumb Code     2  use_no_semi.o(.text)
    __semihosting_library_function           0x08000ebf   Thumb Code     0  indicate_semi.o(.text)
    __rt_heap_descriptor                     0x08000ec1   Thumb Code     8  rt_heap_descriptor_intlibspace.o(.text)
    __use_no_heap                            0x08000ec9   Thumb Code     2  hguard.o(.text)
    __heap$guard                             0x08000ecb   Thumb Code     2  hguard.o(.text)
    _terminate_user_alloc                    0x08000ecd   Thumb Code     2  init_alloc.o(.text)
    _init_user_alloc                         0x08000ecf   Thumb Code     2  init_alloc.o(.text)
    __Heap_Full                              0x08000ed1   Thumb Code    34  init_alloc.o(.text)
    __Heap_Broken                            0x08000ef3   Thumb Code     6  init_alloc.o(.text)
    _init_alloc                              0x08000ef9   Thumb Code    94  init_alloc.o(.text)
    malloc                                   0x08000f57   Thumb Code    94  h1_alloc.o(.text)
    _fseek                                   0x08000fb5   Thumb Code   242  fseek.o(.text)
    fseek                                    0x08000fb5   Thumb Code     0  fseek.o(.text)
    _seterr                                  0x080010ad   Thumb Code    20  stdio.o(.text)
    _writebuf                                0x080010c1   Thumb Code    84  stdio.o(.text)
    _fflush                                  0x08001115   Thumb Code    70  stdio.o(.text)
    _deferredlazyseek                        0x0800115b   Thumb Code    60  stdio.o(.text)
    __sig_exit                               0x0800119d   Thumb Code    10  defsig_exit.o(.text)
    __rt_SIGRTRED_inner                      0x080011a9   Thumb Code    14  defsig_rtred_inner.o(.text)
    __rt_SIGRTMEM                            0x080011dd   Thumb Code    14  defsig_rtmem_outer.o(.text)
    _sys_exit                                0x080011ed   Thumb Code     8  sys_exit.o(.text)
    __Heap_Initialize                        0x080011f9   Thumb Code    10  h1_init.o(.text)
    __Heap_DescSize                          0x08001203   Thumb Code     4  h1_init.o(.text)
    __Heap_ProvideMemory                     0x08001207   Thumb Code    52  h1_extend.o(.text)
    _ftell_internal                          0x0800123b   Thumb Code    66  ftell.o(.text)
    ftell                                    0x0800123b   Thumb Code     0  ftell.o(.text)
    __default_signal_display                 0x0800127d   Thumb Code    50  defsig_general.o(.text)
    __rt_SIGRTMEM_inner                      0x080012b1   Thumb Code    22  defsig_rtmem_inner.o(.text)
    _ttywrch                                 0x08001301   Thumb Code    14  sys_wrch.o(.text)
    BusFault_Handler                         0x0800130f   Thumb Code     2  stm32f7xx_it.o(i.BusFault_Handler)
    DebugMon_Handler                         0x08001311   Thumb Code     2  stm32f7xx_it.o(i.DebugMon_Handler)
    Error_Handler                            0x08001471   Thumb Code     4  main.o(i.Error_Handler)
    HAL_Delay                                0x08001475   Thumb Code    32  stm32f7xx_hal.o(i.HAL_Delay)
    HAL_ETH_ConfigMAC                        0x08001499   Thumb Code   320  stm32f7xx_hal_eth.o(i.HAL_ETH_ConfigMAC)
    HAL_ETH_DMARxDescListInit                0x080015dd   Thumb Code   116  stm32f7xx_hal_eth.o(i.HAL_ETH_DMARxDescListInit)
    HAL_ETH_DMATxDescListInit                0x08001651   Thumb Code   132  stm32f7xx_hal_eth.o(i.HAL_ETH_DMATxDescListInit)
    HAL_ETH_GetReceivedFrame                 0x080016d5   Thumb Code   126  stm32f7xx_hal_eth.o(i.HAL_ETH_GetReceivedFrame)
    HAL_ETH_Init                             0x08001755   Thumb Code   454  stm32f7xx_hal_eth.o(i.HAL_ETH_Init)
    HAL_ETH_MspInit                          0x08001945   Thumb Code   208  ethernetif.o(i.HAL_ETH_MspInit)
    HAL_ETH_ReadPHYRegister                  0x08001a2d   Thumb Code   134  stm32f7xx_hal_eth.o(i.HAL_ETH_ReadPHYRegister)
    HAL_ETH_Start                            0x08001ab3   Thumb Code   132  stm32f7xx_hal_eth.o(i.HAL_ETH_Start)
    HAL_ETH_Stop                             0x08001b37   Thumb Code   132  stm32f7xx_hal_eth.o(i.HAL_ETH_Stop)
    HAL_ETH_TransmitFrame                    0x08001bbb   Thumb Code   274  stm32f7xx_hal_eth.o(i.HAL_ETH_TransmitFrame)
    HAL_ETH_WritePHYRegister                 0x08001ccd   Thumb Code   122  stm32f7xx_hal_eth.o(i.HAL_ETH_WritePHYRegister)
    HAL_GPIO_Init                            0x08001d49   Thumb Code   420  stm32f7xx_hal_gpio.o(i.HAL_GPIO_Init)
    HAL_GPIO_WritePin                        0x08001f21   Thumb Code    10  stm32f7xx_hal_gpio.o(i.HAL_GPIO_WritePin)
    HAL_GetTick                              0x08001f2d   Thumb Code     6  stm32f7xx_hal.o(i.HAL_GetTick)
    HAL_IncTick                              0x08001f39   Thumb Code    12  stm32f7xx_hal.o(i.HAL_IncTick)
    HAL_Init                                 0x08001f49   Thumb Code    22  stm32f7xx_hal.o(i.HAL_Init)
    HAL_InitTick                             0x08001f61   Thumb Code    54  stm32f7xx_hal.o(i.HAL_InitTick)
    HAL_MspInit                              0x08001fa1   Thumb Code    42  stm32f7xx_hal_msp.o(i.HAL_MspInit)
    HAL_NVIC_SetPriority                     0x08001fd1   Thumb Code    60  stm32f7xx_hal_cortex.o(i.HAL_NVIC_SetPriority)
    HAL_NVIC_SetPriorityGrouping             0x08002011   Thumb Code    28  stm32f7xx_hal_cortex.o(i.HAL_NVIC_SetPriorityGrouping)
    HAL_PWREx_EnableOverDrive                0x08002035   Thumb Code   100  stm32f7xx_hal_pwr_ex.o(i.HAL_PWREx_EnableOverDrive)
    HAL_PWR_EnableBkUpAccess                 0x080020a1   Thumb Code    12  stm32f7xx_hal_pwr.o(i.HAL_PWR_EnableBkUpAccess)
    HAL_RCCEx_PeriphCLKConfig                0x080020b1   Thumb Code  1336  stm32f7xx_hal_rcc_ex.o(i.HAL_RCCEx_PeriphCLKConfig)
    HAL_RCC_ClockConfig                      0x080025ed   Thumb Code   284  stm32f7xx_hal_rcc.o(i.HAL_RCC_ClockConfig)
    HAL_RCC_GetHCLKFreq                      0x0800271d   Thumb Code     6  stm32f7xx_hal_rcc.o(i.HAL_RCC_GetHCLKFreq)
    HAL_RCC_GetPCLK1Freq                     0x08002729   Thumb Code    20  stm32f7xx_hal_rcc.o(i.HAL_RCC_GetPCLK1Freq)
    HAL_RCC_GetPCLK2Freq                     0x08002749   Thumb Code    20  stm32f7xx_hal_rcc.o(i.HAL_RCC_GetPCLK2Freq)
    HAL_RCC_GetSysClockFreq                  0x08002769   Thumb Code    88  stm32f7xx_hal_rcc.o(i.HAL_RCC_GetSysClockFreq)
    HAL_RCC_OscConfig                        0x080027c9   Thumb Code   906  stm32f7xx_hal_rcc.o(i.HAL_RCC_OscConfig)
    HAL_SYSTICK_Config                       0x08002b61   Thumb Code    38  stm32f7xx_hal_cortex.o(i.HAL_SYSTICK_Config)
    HAL_UART_Init                            0x08002b87   Thumb Code   102  stm32f7xx_hal_uart.o(i.HAL_UART_Init)
    HAL_UART_MspInit                         0x08002bed   Thumb Code   122  stm32f7xx_hal_msp.o(i.HAL_UART_MspInit)
    HardFault_Handler                        0x08002c75   Thumb Code     2  stm32f7xx_it.o(i.HardFault_Handler)
    MX_LWIP_Init                             0x08002d99   Thumb Code    84  lwip.o(i.MX_LWIP_Init)
    MX_LWIP_Process                          0x08002e01   Thumb Code    16  lwip.o(i.MX_LWIP_Process)
    MemManage_Handler                        0x08002e4d   Thumb Code     2  stm32f7xx_it.o(i.MemManage_Handler)
    NMI_Handler                              0x08002e4f   Thumb Code     2  stm32f7xx_it.o(i.NMI_Handler)
    PendSV_Handler                           0x08002e51   Thumb Code     2  stm32f7xx_it.o(i.PendSV_Handler)
    SVC_Handler                              0x08002e53   Thumb Code     2  stm32f7xx_it.o(i.SVC_Handler)
    SysTick_Handler                          0x08002e55   Thumb Code     4  stm32f7xx_it.o(i.SysTick_Handler)
    SystemClock_Config                       0x08002e59   Thumb Code   154  main.o(i.SystemClock_Config)
    SystemInit                               0x08002efd   Thumb Code    12  system_stm32f7xx.o(i.SystemInit)
    UART_AdvFeatureConfig                    0x08002f0d   Thumb Code   200  stm32f7xx_hal_uart.o(i.UART_AdvFeatureConfig)
    UART_CheckIdleState                      0x08002fd5   Thumb Code    92  stm32f7xx_hal_uart.o(i.UART_CheckIdleState)
    UART_SetConfig                           0x08003031   Thumb Code   518  stm32f7xx_hal_uart.o(i.UART_SetConfig)
    UART_WaitOnFlagUntilTimeout              0x08003265   Thumb Code   164  stm32f7xx_hal_uart.o(i.UART_WaitOnFlagUntilTimeout)
    UsageFault_Handler                       0x08003309   Thumb Code     2  stm32f7xx_it.o(i.UsageFault_Handler)
    dhcp_arp_reply                           0x0800332d   Thumb Code    42  dhcp.o(i.dhcp_arp_reply)
    dhcp_coarse_tmr                          0x08003581   Thumb Code   168  dhcp.o(i.dhcp_coarse_tmr)
    dhcp_fine_tmr                            0x08003a4d   Thumb Code    46  dhcp.o(i.dhcp_fine_tmr)
    dhcp_release_and_stop                    0x08004579   Thumb Code   180  dhcp.o(i.dhcp_release_and_stop)
    dhcp_renew                               0x08004635   Thumb Code   210  dhcp.o(i.dhcp_renew)
    dhcp_start                               0x0800491d   Thumb Code   148  dhcp.o(i.dhcp_start)
    dhcp_supplied_address                    0x08004a45   Thumb Code    28  dhcp.o(i.dhcp_supplied_address)
    etharp_cleanup_netif                     0x08004c0d   Thumb Code    40  etharp.o(i.etharp_cleanup_netif)
    etharp_input                             0x08004eb9   Thumb Code   166  etharp.o(i.etharp_input)
    etharp_output                            0x08004fd1   Thumb Code   280  etharp.o(i.etharp_output)
    etharp_query                             0x08005291   Thumb Code   300  etharp.o(i.etharp_query)
    etharp_request                           0x080055ed   Thumb Code     6  etharp.o(i.etharp_request)
    etharp_tmr                               0x08005619   Thumb Code    90  etharp.o(i.etharp_tmr)
    ethernet_input                           0x08005795   Thumb Code   160  ethernet.o(i.ethernet_input)
    ethernet_output                          0x08005839   Thumb Code    98  ethernet.o(i.ethernet_output)
    ethernetif_init                          0x08005931   Thumb Code    50  ethernetif.o(i.ethernetif_init)
    ethernetif_input                         0x080059c1   Thumb Code    34  ethernetif.o(i.ethernetif_input)
    ethernetif_notify_conn_changed           0x080059e3   Thumb Code     2  ethernetif.o(i.ethernetif_notify_conn_changed)
    ethernetif_update_config                 0x080059e5   Thumb Code   170  ethernetif.o(i.ethernetif_update_config)
    fputc                                    0x08005a95   Thumb Code    26  fputc.o(i.fputc)
    icmp_dest_unreach                        0x08005aaf   Thumb Code     8  icmp.o(i.icmp_dest_unreach)
    icmp_input                               0x08005ab9   Thumb Code   284  icmp.o(i.icmp_input)
    icmp_time_exceeded                       0x08005db5   Thumb Code     8  icmp.o(i.icmp_time_exceeded)
    ip4_addr_isbroadcast_u32                 0x08005dbd   Thumb Code    46  ip4_addr.o(i.ip4_addr_isbroadcast_u32)
    ip4_frag                                 0x08005ded   Thumb Code   434  ip4_frag.o(i.ip4_frag)
    ip4_input                                0x08006055   Thumb Code   394  ip4.o(i.ip4_input)
    ip4_output_if                            0x08006215   Thumb Code    30  ip4.o(i.ip4_output_if)
    ip4_output_if_src                        0x08006235   Thumb Code   216  ip4.o(i.ip4_output_if_src)
    ip4_reass                                0x080063ad   Thumb Code   484  ip4_frag.o(i.ip4_reass)
    ip4_route                                0x08006635   Thumb Code    86  ip4.o(i.ip4_route)
    ip_reass_tmr                             0x08006c41   Thumb Code    40  ip4_frag.o(i.ip_reass_tmr)
    lwip_htonl                               0x08006fb1   Thumb Code     4  def.o(i.lwip_htonl)
    lwip_htons                               0x08006fb5   Thumb Code     4  def.o(i.lwip_htons)
    lwip_init                                0x08006fb9   Thumb Code    30  init.o(i.lwip_init)
    main                                     0x08006fd7   Thumb Code    26  main.o(i.main)
    mem_free                                 0x08006ff1   Thumb Code   168  mem.o(i.mem_free)
    mem_init                                 0x08007191   Thumb Code    46  mem.o(i.mem_init)
    mem_malloc                               0x080071c9   Thumb Code   300  mem.o(i.mem_malloc)
    mem_trim                                 0x08007415   Thumb Code   284  mem.o(i.mem_trim)
    memp_free                                0x080075d9   Thumb Code    34  memp.o(i.memp_free)
    memp_init                                0x08007675   Thumb Code    26  memp.o(i.memp_init)
    memp_init_pool                           0x08007695   Thumb Code    42  memp.o(i.memp_init_pool)
    memp_malloc                              0x080076c1   Thumb Code    38  memp.o(i.memp_malloc)
    netif_add                                0x08007765   Thumb Code   238  netif.o(i.netif_add)
    netif_get_by_index                       0x08007a49   Thumb Code    34  netif.o(i.netif_get_by_index)
    netif_init                               0x08007a71   Thumb Code     2  netif.o(i.netif_init)
    netif_set_addr                           0x08007b3d   Thumb Code    90  netif.o(i.netif_set_addr)
    netif_set_default                        0x08007b9d   Thumb Code     6  netif.o(i.netif_set_default)
    netif_set_down                           0x08007ba9   Thumb Code    42  netif.o(i.netif_set_down)
    netif_set_link_callback                  0x08007c51   Thumb Code     8  netif.o(i.netif_set_link_callback)
    netif_set_up                             0x08007c59   Thumb Code    40  netif.o(i.netif_set_up)
    pbuf_add_header                          0x08007cf9   Thumb Code     6  pbuf.o(i.pbuf_add_header)
    pbuf_alloc                               0x08007dc1   Thumb Code   296  pbuf.o(i.pbuf_alloc)
    pbuf_alloc_reference                     0x08007ff1   Thumb Code    68  pbuf.o(i.pbuf_alloc_reference)
    pbuf_alloced_custom                      0x080080a1   Thumb Code    54  pbuf.o(i.pbuf_alloced_custom)
    pbuf_cat                                 0x080080d9   Thumb Code    96  pbuf.o(i.pbuf_cat)
    pbuf_chain                               0x08008209   Thumb Code    18  pbuf.o(i.pbuf_chain)
    pbuf_clen                                0x0800821b   Thumb Code    18  pbuf.o(i.pbuf_clen)
    pbuf_clone                               0x0800822d   Thumb Code    48  pbuf.o(i.pbuf_clone)
    pbuf_copy                                0x080082c9   Thumb Code   232  pbuf.o(i.pbuf_copy)
    pbuf_copy_partial                        0x080084a9   Thumb Code   126  pbuf.o(i.pbuf_copy_partial)
    pbuf_free                                0x080085c5   Thumb Code   160  pbuf.o(i.pbuf_free)
    pbuf_free_ooseq                          0x08008719   Thumb Code    28  pbuf.o(i.pbuf_free_ooseq)
    pbuf_header_force                        0x0800873d   Thumb Code     6  pbuf.o(i.pbuf_header_force)
    pbuf_realloc                             0x0800876d   Thumb Code   142  pbuf.o(i.pbuf_realloc)
    pbuf_ref                                 0x080088a1   Thumb Code    32  pbuf.o(i.pbuf_ref)
    pbuf_remove_header                       0x0800892d   Thumb Code    74  pbuf.o(i.pbuf_remove_header)
    sys_check_timeouts                       0x08008ba9   Thumb Code    74  timeouts.o(i.sys_check_timeouts)
    sys_now                                  0x08008bfd   Thumb Code     4  ethernetif.o(i.sys_now)
    sys_timeout                              0x08008c01   Thumb Code    46  timeouts.o(i.sys_timeout)
    sys_timeouts_init                        0x08008dbd   Thumb Code    30  timeouts.o(i.sys_timeouts_init)
    tcp_abandon                              0x08008de5   Thumb Code   258  tcp.o(i.tcp_abandon)
    tcp_abort                                0x08008f95   Thumb Code     6  tcp.o(i.tcp_abort)
    tcp_alloc                                0x08008f9d   Thumb Code   288  tcp.o(i.tcp_alloc)
    tcp_close                                0x080090c9   Thumb Code    48  tcp.o(i.tcp_close)
    tcp_eff_send_mss_netif                   0x0800958d   Thumb Code    54  tcp.o(i.tcp_eff_send_mss_netif)
    tcp_enqueue_flags                        0x08009645   Thumb Code   270  tcp_out.o(i.tcp_enqueue_flags)
    tcp_fasttmr                              0x0800987d   Thumb Code   102  tcp.o(i.tcp_fasttmr)
    tcp_free                                 0x080098e9   Thumb Code    34  tcp.o(i.tcp_free)
    tcp_free_ooseq                           0x08009ab9   Thumb Code    20  tcp.o(i.tcp_free_ooseq)
    tcp_init                                 0x08009af5   Thumb Code    20  tcp.o(i.tcp_init)
    tcp_input                                0x08009b0d   Thumb Code  1584  tcp_in.o(i.tcp_input)
    tcp_keepalive                            0x0800a231   Thumb Code    82  tcp_out.o(i.tcp_keepalive)
    tcp_netif_ip_addr_changed                0x0800a5c1   Thumb Code    70  tcp.o(i.tcp_netif_ip_addr_changed)
    tcp_next_iss                             0x0800a6cd   Thumb Code    32  tcp.o(i.tcp_next_iss)
    tcp_output                               0x0800a875   Thumb Code   552  tcp_out.o(i.tcp_output)
    tcp_pcb_purge                            0x0800b275   Thumb Code    88  tcp.o(i.tcp_pcb_purge)
    tcp_pcb_remove                           0x0800b341   Thumb Code   174  tcp.o(i.tcp_pcb_remove)
    tcp_process_refused_data                 0x0800b999   Thumb Code   132  tcp.o(i.tcp_process_refused_data)
    tcp_recv_null                            0x0800c3c5   Thumb Code    60  tcp.o(i.tcp_recv_null)
    tcp_recved                               0x0800c475   Thumb Code   104  tcp.o(i.tcp_recved)
    tcp_rexmit                               0x0800c5cd   Thumb Code   118  tcp_out.o(i.tcp_rexmit)
    tcp_rexmit_fast                          0x0800c6b9   Thumb Code   108  tcp_out.o(i.tcp_rexmit_fast)
    tcp_rexmit_rto                           0x0800c7a1   Thumb Code    42  tcp_out.o(i.tcp_rexmit_rto)
    tcp_rexmit_rto_commit                    0x0800c845   Thumb Code    44  tcp_out.o(i.tcp_rexmit_rto_commit)
    tcp_rexmit_rto_prepare                   0x0800c8f1   Thumb Code   118  tcp_out.o(i.tcp_rexmit_rto_prepare)
    tcp_rst                                  0x0800c9f9   Thumb Code   128  tcp_out.o(i.tcp_rst)
    tcp_seg_copy                             0x0800cb0d   Thumb Code    56  tcp.o(i.tcp_seg_copy)
    tcp_seg_free                             0x0800cbb9   Thumb Code    28  tcp.o(i.tcp_seg_free)
    tcp_segs_free                            0x0800cbd5   Thumb Code    18  tcp.o(i.tcp_segs_free)
    tcp_send_empty_ack                       0x0800cbe9   Thumb Code   110  tcp_out.o(i.tcp_send_empty_ack)
    tcp_send_fin                             0x0800ccd5   Thumb Code    84  tcp_out.o(i.tcp_send_fin)
    tcp_slowtmr                              0x0800cda1   Thumb Code  1410  tcp.o(i.tcp_slowtmr)
    tcp_split_unsent_seg                     0x0800d375   Thumb Code   362  tcp_out.o(i.tcp_split_unsent_seg)
    tcp_timer_needed                         0x0800d5a5   Thumb Code    36  timeouts.o(i.tcp_timer_needed)
    tcp_tmr                                  0x0800d6d9   Thumb Code    28  tcp.o(i.tcp_tmr)
    tcp_trigger_input_pcb_close              0x0800d6f9   Thumb Code    12  tcp_in.o(i.tcp_trigger_input_pcb_close)
    tcp_update_rcv_ann_wnd                   0x0800d709   Thumb Code    92  tcp.o(i.tcp_update_rcv_ann_wnd)
    tcp_zero_window_probe                    0x0800d7fd   Thumb Code   194  tcp_out.o(i.tcp_zero_window_probe)
    udp_bind                                 0x0800d979   Thumb Code   194  udp.o(i.udp_bind)
    udp_connect                              0x0800dab5   Thumb Code   108  udp.o(i.udp_connect)
    udp_init                                 0x0800dbb5   Thumb Code    20  udp.o(i.udp_init)
    udp_input                                0x0800dbcd   Thumb Code   310  udp.o(i.udp_input)
    udp_netif_ip_addr_changed                0x0800dec1   Thumb Code    48  udp.o(i.udp_netif_ip_addr_changed)
    udp_new                                  0x0800def5   Thumb Code    26  udp.o(i.udp_new)
    udp_recv                                 0x0800df11   Thumb Code    22  udp.o(i.udp_recv)
    udp_remove                               0x0800df99   Thumb Code    58  udp.o(i.udp_remove)
    udp_sendto_if                            0x0800e049   Thumb Code   110  udp.o(i.udp_sendto_if)
    udp_sendto_if_src                        0x0800e189   Thumb Code   274  udp.o(i.udp_sendto_if_src)
    _fp_init                                 0x0800e3d1   Thumb Code    10  fpinit.o(x$fpl$fpinit)
    __fplib_config_fpu_vfp                   0x0800e3d9   Thumb Code     0  fpinit.o(x$fpl$fpinit)
    __fplib_config_pureend_doubles           0x0800e3d9   Thumb Code     0  fpinit.o(x$fpl$fpinit)
    AHBPrescTable                            0x0800e3da   Data          16  system_stm32f7xx.o(.constdata)
    APBPrescTable                            0x0800e3ea   Data           8  system_stm32f7xx.o(.constdata)
    ethbroadcast                             0x0800e3f2   Data           6  ethernet.o(.constdata)
    ethzero                                  0x0800e3f8   Data           6  ethernet.o(.constdata)
    memp_UDP_PCB                             0x0800e400   Data          12  memp.o(.constdata)
    memp_TCP_PCB                             0x0800e40c   Data          12  memp.o(.constdata)
    memp_TCP_PCB_LISTEN                      0x0800e418   Data          12  memp.o(.constdata)
    memp_TCP_SEG                             0x0800e424   Data          12  memp.o(.constdata)
    memp_REASSDATA                           0x0800e430   Data          12  memp.o(.constdata)
    memp_FRAG_PBUF                           0x0800e43c   Data          12  memp.o(.constdata)
    memp_SYS_TIMEOUT                         0x0800e448   Data          12  memp.o(.constdata)
    memp_PBUF                                0x0800e454   Data          12  memp.o(.constdata)
    memp_PBUF_POOL                           0x0800e460   Data          12  memp.o(.constdata)
    memp_pools                               0x0800e46c   Data          36  memp.o(.constdata)
    tcp_pcb_lists                            0x0800e4d4   Data          16  tcp.o(.constdata)
    lwip_cyclic_timers                       0x0800e4e4   Data          40  timeouts.o(.constdata)
    ip_addr_any                              0x0800e50c   Data           4  ip4_addr.o(.constdata)
    ip_addr_broadcast                        0x0800e510   Data           4  ip4_addr.o(.constdata)
    __stdin_name                             0x0800e514   Data           4  sys_io.o(.constdata)
    __stdout_name                            0x0800e518   Data           4  sys_io.o(.constdata)
    __stderr_name                            0x0800e51c   Data           4  sys_io.o(.constdata)
    Region$$Table$$Base                      0x0800e678   Number         0  anon$$obj.o(Region$$Table)
    Region$$Table$$Limit                     0x0800e698   Number         0  anon$$obj.o(Region$$Table)
    ipaddr                                   0x20000000   Data           4  lwip.o(.data)
    netmask                                  0x20000004   Data           4  lwip.o(.data)
    gw                                       0x20000008   Data           4  lwip.o(.data)
    uwTickFreq                               0x2000000c   Data           1  stm32f7xx_hal.o(.data)
    uwTickPrio                               0x20000010   Data           4  stm32f7xx_hal.o(.data)
    uwTick                                   0x20000014   Data           4  stm32f7xx_hal.o(.data)
    SystemCoreClock                          0x20000018   Data           4  system_stm32f7xx.o(.data)
    netif_list                               0x20000050   Data           4  netif.o(.data)
    netif_default                            0x20000054   Data           4  netif.o(.data)
    pbuf_free_ooseq_pending                  0x20000058   Data           1  pbuf.o(.data)
    tcp_active_pcbs_changed                  0x2000005c   Data           1  tcp.o(.data)
    tcp_ticks                                0x20000068   Data           4  tcp.o(.data)
    tcp_bound_pcbs                           0x2000006c   Data           4  tcp.o(.data)
    tcp_listen_pcbs                          0x20000070   Data           4  tcp.o(.data)
    tcp_active_pcbs                          0x20000074   Data           4  tcp.o(.data)
    tcp_tw_pcbs                              0x20000078   Data           4  tcp.o(.data)
    tcp_input_pcb                            0x2000009c   Data           4  tcp_in.o(.data)
    udp_pcbs                                 0x200000b0   Data           4  udp.o(.data)
    dhcp_rx_options_given                    0x200000c0   Data           8  dhcp.o(.data)
    __aeabi_stdin                            0x200000d4   Data           4  stdio_streams.o(.data)
    __aeabi_stdout                           0x200000d8   Data           4  stdio_streams.o(.data)
    __aeabi_stderr                           0x200000dc   Data           4  stdio_streams.o(.data)
    huart3                                   0x200000e0   Data         132  main.o(.bss)
    DMARxDscrTab                             0x20000164   Data         128  ethernetif.o(.bss)
    DMATxDscrTab                             0x200001e4   Data         128  ethernetif.o(.bss)
    Rx_Buff                                  0x20000264   Data        6096  ethernetif.o(.bss)
    Tx_Buff                                  0x20001a34   Data        6096  ethernetif.o(.bss)
    heth                                     0x20003204   Data          72  ethernetif.o(.bss)
    gnetif                                   0x2000324c   Data          56  lwip.o(.bss)
    ip_data                                  0x20003284   Data          24  ip.o(.bss)
    ram_heap                                 0x2000329c   Data        1619  mem.o(.bss)
    memp_memory_UDP_PCB_base                 0x200038ef   Data         131  memp.o(.bss)
    memp_memory_TCP_PCB_base                 0x20003972   Data         783  memp.o(.bss)
    memp_memory_TCP_PCB_LISTEN_base          0x20003c81   Data         227  memp.o(.bss)
    memp_memory_TCP_SEG_base                 0x20003d64   Data         259  memp.o(.bss)
    memp_memory_REASSDATA_base               0x20003e67   Data         163  memp.o(.bss)
    memp_memory_FRAG_PBUF_base               0x20003f0a   Data         363  memp.o(.bss)
    memp_memory_SYS_TIMEOUT_base             0x20004075   Data          83  memp.o(.bss)
    memp_memory_PBUF_base                    0x200040c8   Data         259  memp.o(.bss)
    memp_memory_PBUF_POOL_base               0x200041cb   Data        9731  memp.o(.bss)
    dhcp_rx_options_val                      0x200067e0   Data          32  dhcp.o(.bss)
    _random_number_data                      0x200068f0   Data         228  rand.o(.bss)
    __stdin                                  0x200069d4   Data          84  stdio_streams.o(.bss)
    __stdout                                 0x20006a28   Data          84  stdio_streams.o(.bss)
    __stderr                                 0x20006a7c   Data          84  stdio_streams.o(.bss)
    __libspace_start                         0x20006ad0   Data          96  libspace.o(.bss)
    __temporary_stack_top$libspace           0x20006b30   Data           0  libspace.o(.bss)



==============================================================================

Memory Map of the image

  Image Entry point : 0x080001f9

  Load Region LR_IROM1 (Base: 0x08000000, Size: 0x0000e778, Max: 0x00200000, ABSOLUTE)

    Execution Region ER_IROM1 (Exec base: 0x08000000, Load base: 0x08000000, Size: 0x0000e698, Max: 0x00200000, ABSOLUTE)

    Exec Addr    Load Addr    Size         Type   Attr      Idx    E Section Name        Object

    0x08000000   0x08000000   0x000001f8   Data   RO            3    RESET               startup_stm32f767xx.o
    0x080001f8   0x080001f8   0x00000008   Code   RO         6730  * !!!main             c_w.l(__main.o)
    0x08000200   0x08000200   0x00000034   Code   RO         7107    !!!scatter          c_w.l(__scatter.o)
    0x08000234   0x08000234   0x0000001a   Code   RO         7109    !!handler_copy      c_w.l(__scatter_copy.o)
    0x0800024e   0x0800024e   0x00000002   PAD
    0x08000250   0x08000250   0x0000001c   Code   RO         7111    !!handler_zi        c_w.l(__scatter_zi.o)
    0x0800026c   0x0800026c   0x00000000   Code   RO         6706    .ARM.Collect$$_printf_percent$$00000000  c_w.l(_printf_percent.o)
    0x0800026c   0x0800026c   0x00000006   Code   RO         6705    .ARM.Collect$$_printf_percent$$00000009  c_w.l(_printf_d.o)
    0x08000272   0x08000272   0x00000006   Code   RO         6704    .ARM.Collect$$_printf_percent$$00000014  c_w.l(_printf_s.o)
    0x08000278   0x08000278   0x00000004   Code   RO         6753    .ARM.Collect$$_printf_percent$$00000017  c_w.l(_printf_percent_end.o)
    0x0800027c   0x0800027c   0x00000002   Code   RO         6959    .ARM.Collect$$libinit$$00000000  c_w.l(libinit.o)
    0x0800027e   0x0800027e   0x00000004   Code   RO         6769    .ARM.Collect$$libinit$$00000001  c_w.l(libinit2.o)
    0x08000282   0x08000282   0x00000000   Code   RO         6772    .ARM.Collect$$libinit$$00000004  c_w.l(libinit2.o)
    0x08000282   0x08000282   0x00000008   Code   RO         6773    .ARM.Collect$$libinit$$00000005  c_w.l(libinit2.o)
    0x0800028a   0x0800028a   0x00000000   Code   RO         6775    .ARM.Collect$$libinit$$0000000A  c_w.l(libinit2.o)
    0x0800028a   0x0800028a   0x00000000   Code   RO         6777    .ARM.Collect$$libinit$$0000000C  c_w.l(libinit2.o)
    0x0800028a   0x0800028a   0x00000004   Code   RO         6778    .ARM.Collect$$libinit$$0000000D  c_w.l(libinit2.o)
    0x0800028e   0x0800028e   0x00000000   Code   RO         6779    .ARM.Collect$$libinit$$0000000E  c_w.l(libinit2.o)
    0x0800028e   0x0800028e   0x00000000   Code   RO         6782    .ARM.Collect$$libinit$$00000011  c_w.l(libinit2.o)
    0x0800028e   0x0800028e   0x00000000   Code   RO         6784    .ARM.Collect$$libinit$$00000013  c_w.l(libinit2.o)
    0x0800028e   0x0800028e   0x00000000   Code   RO         6786    .ARM.Collect$$libinit$$00000015  c_w.l(libinit2.o)
    0x0800028e   0x0800028e   0x00000000   Code   RO         6788    .ARM.Collect$$libinit$$00000017  c_w.l(libinit2.o)
    0x0800028e   0x0800028e   0x00000000   Code   RO         6790    .ARM.Collect$$libinit$$00000019  c_w.l(libinit2.o)
    0x0800028e   0x0800028e   0x00000000   Code   RO         6792    .ARM.Collect$$libinit$$0000001B  c_w.l(libinit2.o)
    0x0800028e   0x0800028e   0x00000000   Code   RO         6794    .ARM.Collect$$libinit$$0000001D  c_w.l(libinit2.o)
    0x0800028e   0x0800028e   0x00000000   Code   RO         6796    .ARM.Collect$$libinit$$0000001F  c_w.l(libinit2.o)
    0x0800028e   0x0800028e   0x00000000   Code   RO         6798    .ARM.Collect$$libinit$$00000021  c_w.l(libinit2.o)
    0x0800028e   0x0800028e   0x00000000   Code   RO         6800    .ARM.Collect$$libinit$$00000023  c_w.l(libinit2.o)
    0x0800028e   0x0800028e   0x00000004   Code   RO         6801    .ARM.Collect$$libinit$$00000024  c_w.l(libinit2.o)
    0x08000292   0x08000292   0x00000000   Code   RO         6802    .ARM.Collect$$libinit$$00000025  c_w.l(libinit2.o)
    0x08000292   0x08000292   0x00000000   Code   RO         6806    .ARM.Collect$$libinit$$0000002C  c_w.l(libinit2.o)
    0x08000292   0x08000292   0x00000000   Code   RO         6808    .ARM.Collect$$libinit$$0000002E  c_w.l(libinit2.o)
    0x08000292   0x08000292   0x00000000   Code   RO         6810    .ARM.Collect$$libinit$$00000030  c_w.l(libinit2.o)
    0x08000292   0x08000292   0x00000000   Code   RO         6812    .ARM.Collect$$libinit$$00000032  c_w.l(libinit2.o)
    0x08000292   0x08000292   0x00000002   Code   RO         6813    .ARM.Collect$$libinit$$00000033  c_w.l(libinit2.o)
    0x08000294   0x08000294   0x00000002   Code   RO         7088    .ARM.Collect$$libshutdown$$00000000  c_w.l(libshutdown.o)
    0x08000296   0x08000296   0x00000000   Code   RO         6961    .ARM.Collect$$libshutdown$$00000002  c_w.l(libshutdown2.o)
    0x08000296   0x08000296   0x00000000   Code   RO         6963    .ARM.Collect$$libshutdown$$00000004  c_w.l(libshutdown2.o)
    0x08000296   0x08000296   0x00000004   Code   RO         6964    .ARM.Collect$$libshutdown$$00000005  c_w.l(libshutdown2.o)
    0x0800029a   0x0800029a   0x00000000   Code   RO         6965    .ARM.Collect$$libshutdown$$00000006  c_w.l(libshutdown2.o)
    0x0800029a   0x0800029a   0x00000000   Code   RO         6968    .ARM.Collect$$libshutdown$$00000009  c_w.l(libshutdown2.o)
    0x0800029a   0x0800029a   0x00000000   Code   RO         6971    .ARM.Collect$$libshutdown$$0000000C  c_w.l(libshutdown2.o)
    0x0800029a   0x0800029a   0x00000000   Code   RO         6973    .ARM.Collect$$libshutdown$$0000000E  c_w.l(libshutdown2.o)
    0x0800029a   0x0800029a   0x00000000   Code   RO         6976    .ARM.Collect$$libshutdown$$00000011  c_w.l(libshutdown2.o)
    0x0800029a   0x0800029a   0x00000002   Code   RO         6977    .ARM.Collect$$libshutdown$$00000012  c_w.l(libshutdown2.o)
    0x0800029c   0x0800029c   0x00000000   Code   RO         6732    .ARM.Collect$$rtentry$$00000000  c_w.l(__rtentry.o)
    0x0800029c   0x0800029c   0x00000000   Code   RO         6818    .ARM.Collect$$rtentry$$00000002  c_w.l(__rtentry2.o)
    0x0800029c   0x0800029c   0x00000006   Code   RO         6830    .ARM.Collect$$rtentry$$00000004  c_w.l(__rtentry4.o)
    0x080002a2   0x080002a2   0x00000000   Code   RO         6820    .ARM.Collect$$rtentry$$00000009  c_w.l(__rtentry2.o)
    0x080002a2   0x080002a2   0x00000004   Code   RO         6821    .ARM.Collect$$rtentry$$0000000A  c_w.l(__rtentry2.o)
    0x080002a6   0x080002a6   0x00000000   Code   RO         6823    .ARM.Collect$$rtentry$$0000000C  c_w.l(__rtentry2.o)
    0x080002a6   0x080002a6   0x00000008   Code   RO         6824    .ARM.Collect$$rtentry$$0000000D  c_w.l(__rtentry2.o)
    0x080002ae   0x080002ae   0x00000002   Code   RO         6985    .ARM.Collect$$rtexit$$00000000  c_w.l(rtexit.o)
    0x080002b0   0x080002b0   0x00000000   Code   RO         7043    .ARM.Collect$$rtexit$$00000002  c_w.l(rtexit2.o)
    0x080002b0   0x080002b0   0x00000004   Code   RO         7044    .ARM.Collect$$rtexit$$00000003  c_w.l(rtexit2.o)
    0x080002b4   0x080002b4   0x00000006   Code   RO         7045    .ARM.Collect$$rtexit$$00000004  c_w.l(rtexit2.o)
    0x080002ba   0x080002ba   0x00000002   PAD
    0x080002bc   0x080002bc   0x00000034   Code   RO         6709    .emb_text           c_w.l(rand.o)
    0x080002f0   0x080002f0   0x00000000   Code   RO         7049    .emb_text           c_w.l(maybetermalloc1.o)
    0x080002f0   0x080002f0   0x00000040   Code   RO            4    .text               startup_stm32f767xx.o
    0x08000330   0x08000330   0x000000ee   Code   RO         6672    .text               c_w.l(lludivv7m.o)
    0x0800041e   0x0800041e   0x00000002   PAD
    0x08000420   0x08000420   0x00000018   Code   RO         6676    .text               c_w.l(noretval__2printf.o)
    0x08000438   0x08000438   0x00000068   Code   RO         6678    .text               c_w.l(__printf.o)
    0x080004a0   0x080004a0   0x00000052   Code   RO         6680    .text               c_w.l(_printf_str.o)
    0x080004f2   0x080004f2   0x00000002   PAD
    0x080004f4   0x080004f4   0x00000078   Code   RO         6682    .text               c_w.l(_printf_dec.o)
    0x0800056c   0x0800056c   0x0000003c   Code   RO         6710    .text               c_w.l(rand.o)
    0x080005a8   0x080005a8   0x00000058   Code   RO         6714    .text               c_w.l(memcmp.o)
    0x08000600   0x08000600   0x0000003e   Code   RO         6716    .text               c_w.l(strlen.o)
    0x0800063e   0x0800063e   0x0000008a   Code   RO         6720    .text               c_w.l(rt_memcpy_v6.o)
    0x080006c8   0x080006c8   0x00000044   Code   RO         6724    .text               c_w.l(rt_memclr.o)
    0x0800070c   0x0800070c   0x0000004e   Code   RO         6726    .text               c_w.l(rt_memclr_w.o)
    0x0800075a   0x0800075a   0x00000006   Code   RO         6728    .text               c_w.l(heapauxi.o)
    0x08000760   0x08000760   0x00000008   Code   RO         6745    .text               c_w.l(rt_errno_addr_intlibspace.o)
    0x08000768   0x08000768   0x000000b2   Code   RO         6747    .text               c_w.l(_printf_intcommon.o)
    0x0800081a   0x0800081a   0x0000002c   Code   RO         6749    .text               c_w.l(_printf_char.o)
    0x08000846   0x08000846   0x00000002   PAD
    0x08000848   0x08000848   0x00000024   Code   RO         6751    .text               c_w.l(_printf_char_file.o)
    0x0800086c   0x0800086c   0x00000064   Code   RO         6765    .text               c_w.l(rt_memcpy_w.o)
    0x080008d0   0x080008d0   0x00000008   Code   RO         6814    .text               c_w.l(libspace.o)
    0x080008d8   0x080008d8   0x00000030   Code   RO         6834    .text               c_w.l(_printf_char_common.o)
    0x08000908   0x08000908   0x00000008   Code   RO         6838    .text               c_w.l(ferror.o)
    0x08000910   0x08000910   0x00000138   Code   RO         6844    .text               c_w.l(initio.o)
    0x08000a48   0x08000a48   0x00000066   Code   RO         6858    .text               c_w.l(sys_io.o)
    0x08000aae   0x08000aae   0x0000004a   Code   RO         6865    .text               c_w.l(sys_stackheap_outer.o)
    0x08000af8   0x08000af8   0x0000004e   Code   RO         6869    .text               c_w.l(h1_free.o)
    0x08000b46   0x08000b46   0x000001d6   Code   RO         6927    .text               c_w.l(flsbuf.o)
    0x08000d1c   0x08000d1c   0x00000046   Code   RO         6929    .text               c_w.l(setvbuf.o)
    0x08000d62   0x08000d62   0x00000002   PAD
    0x08000d64   0x08000d64   0x000000ec   Code   RO         6932    .text               c_w.l(fopen.o)
    0x08000e50   0x08000e50   0x0000004c   Code   RO         6934    .text               c_w.l(fclose.o)
    0x08000e9c   0x08000e9c   0x00000012   Code   RO         6940    .text               c_w.l(exit.o)
    0x08000eae   0x08000eae   0x0000000e   Code   RO         6946    .text               c_w.l(defsig_rtred_outer.o)
    0x08000ebc   0x08000ebc   0x00000002   Code   RO         6982    .text               c_w.l(use_no_semi.o)
    0x08000ebe   0x08000ebe   0x00000000   Code   RO         6984    .text               c_w.l(indicate_semi.o)
    0x08000ebe   0x08000ebe   0x00000002   PAD
    0x08000ec0   0x08000ec0   0x00000008   Code   RO         6992    .text               c_w.l(rt_heap_descriptor_intlibspace.o)
    0x08000ec8   0x08000ec8   0x00000004   Code   RO         6994    .text               c_w.l(hguard.o)
    0x08000ecc   0x08000ecc   0x0000008a   Code   RO         6998    .text               c_w.l(init_alloc.o)
    0x08000f56   0x08000f56   0x0000005e   Code   RO         7004    .text               c_w.l(h1_alloc.o)
    0x08000fb4   0x08000fb4   0x000000f8   Code   RO         7020    .text               c_w.l(fseek.o)
    0x080010ac   0x080010ac   0x000000f0   Code   RO         7022    .text               c_w.l(stdio.o)
    0x0800119c   0x0800119c   0x0000000a   Code   RO         7028    .text               c_w.l(defsig_exit.o)
    0x080011a6   0x080011a6   0x00000002   PAD
    0x080011a8   0x080011a8   0x00000034   Code   RO         7032    .text               c_w.l(defsig_rtred_inner.o)
    0x080011dc   0x080011dc   0x0000000e   Code   RO         7034    .text               c_w.l(defsig_rtmem_outer.o)
    0x080011ea   0x080011ea   0x00000002   PAD
    0x080011ec   0x080011ec   0x0000000c   Code   RO         7040    .text               c_w.l(sys_exit.o)
    0x080011f8   0x080011f8   0x0000000e   Code   RO         7051    .text               c_w.l(h1_init.o)
    0x08001206   0x08001206   0x00000034   Code   RO         7053    .text               c_w.l(h1_extend.o)
    0x0800123a   0x0800123a   0x00000042   Code   RO         7063    .text               c_w.l(ftell.o)
    0x0800127c   0x0800127c   0x00000032   Code   RO         7071    .text               c_w.l(defsig_general.o)
    0x080012ae   0x080012ae   0x00000002   PAD
    0x080012b0   0x080012b0   0x00000050   Code   RO         7073    .text               c_w.l(defsig_rtmem_inner.o)
    0x08001300   0x08001300   0x0000000e   Code   RO         7080    .text               c_w.l(sys_wrch.o)
    0x0800130e   0x0800130e   0x00000002   Code   RO          295    i.BusFault_Handler  stm32f7xx_it.o
    0x08001310   0x08001310   0x00000002   Code   RO          296    i.DebugMon_Handler  stm32f7xx_it.o
    0x08001312   0x08001312   0x0000002e   Code   RO          576    i.ETH_FlushTransmitFIFO  stm32f7xx_hal_eth.o
    0x08001340   0x08001340   0x00000130   Code   RO          577    i.ETH_MACDMAConfig  stm32f7xx_hal_eth.o
    0x08001470   0x08001470   0x00000004   Code   RO           13    i.Error_Handler     main.o
    0x08001474   0x08001474   0x00000024   Code   RO         1639    i.HAL_Delay         stm32f7xx_hal.o
    0x08001498   0x08001498   0x00000144   Code   RO          579    i.HAL_ETH_ConfigMAC  stm32f7xx_hal_eth.o
    0x080015dc   0x080015dc   0x00000074   Code   RO          580    i.HAL_ETH_DMARxDescListInit  stm32f7xx_hal_eth.o
    0x08001650   0x08001650   0x00000084   Code   RO          581    i.HAL_ETH_DMATxDescListInit  stm32f7xx_hal_eth.o
    0x080016d4   0x080016d4   0x0000007e   Code   RO          584    i.HAL_ETH_GetReceivedFrame  stm32f7xx_hal_eth.o
    0x08001752   0x08001752   0x00000002   PAD
    0x08001754   0x08001754   0x000001f0   Code   RO          588    i.HAL_ETH_Init      stm32f7xx_hal_eth.o
    0x08001944   0x08001944   0x000000e8   Code   RO          407    i.HAL_ETH_MspInit   ethernetif.o
    0x08001a2c   0x08001a2c   0x00000086   Code   RO          591    i.HAL_ETH_ReadPHYRegister  stm32f7xx_hal_eth.o
    0x08001ab2   0x08001ab2   0x00000084   Code   RO          593    i.HAL_ETH_Start     stm32f7xx_hal_eth.o
    0x08001b36   0x08001b36   0x00000084   Code   RO          594    i.HAL_ETH_Stop      stm32f7xx_hal_eth.o
    0x08001bba   0x08001bba   0x00000112   Code   RO          595    i.HAL_ETH_TransmitFrame  stm32f7xx_hal_eth.o
    0x08001ccc   0x08001ccc   0x0000007a   Code   RO          597    i.HAL_ETH_WritePHYRegister  stm32f7xx_hal_eth.o
    0x08001d46   0x08001d46   0x00000002   PAD
    0x08001d48   0x08001d48   0x000001d8   Code   RO         1071    i.HAL_GPIO_Init     stm32f7xx_hal_gpio.o
    0x08001f20   0x08001f20   0x0000000a   Code   RO         1075    i.HAL_GPIO_WritePin  stm32f7xx_hal_gpio.o
    0x08001f2a   0x08001f2a   0x00000002   PAD
    0x08001f2c   0x08001f2c   0x0000000c   Code   RO         1649    i.HAL_GetTick       stm32f7xx_hal.o
    0x08001f38   0x08001f38   0x00000010   Code   RO         1655    i.HAL_IncTick       stm32f7xx_hal.o
    0x08001f48   0x08001f48   0x00000016   Code   RO         1656    i.HAL_Init          stm32f7xx_hal.o
    0x08001f5e   0x08001f5e   0x00000002   PAD
    0x08001f60   0x08001f60   0x00000040   Code   RO         1657    i.HAL_InitTick      stm32f7xx_hal.o
    0x08001fa0   0x08001fa0   0x00000030   Code   RO          370    i.HAL_MspInit       stm32f7xx_hal_msp.o
    0x08001fd0   0x08001fd0   0x00000040   Code   RO         1508    i.HAL_NVIC_SetPriority  stm32f7xx_hal_cortex.o
    0x08002010   0x08002010   0x00000024   Code   RO         1509    i.HAL_NVIC_SetPriorityGrouping  stm32f7xx_hal_cortex.o
    0x08002034   0x08002034   0x0000006c   Code   RO         1411    i.HAL_PWREx_EnableOverDrive  stm32f7xx_hal_pwr_ex.o
    0x080020a0   0x080020a0   0x00000010   Code   RO         1288    i.HAL_PWR_EnableBkUpAccess  stm32f7xx_hal_pwr.o
    0x080020b0   0x080020b0   0x0000053c   Code   RO          832    i.HAL_RCCEx_PeriphCLKConfig  stm32f7xx_hal_rcc_ex.o
    0x080025ec   0x080025ec   0x00000130   Code   RO          725    i.HAL_RCC_ClockConfig  stm32f7xx_hal_rcc.o
    0x0800271c   0x0800271c   0x0000000c   Code   RO          730    i.HAL_RCC_GetHCLKFreq  stm32f7xx_hal_rcc.o
    0x08002728   0x08002728   0x00000020   Code   RO          732    i.HAL_RCC_GetPCLK1Freq  stm32f7xx_hal_rcc.o
    0x08002748   0x08002748   0x00000020   Code   RO          733    i.HAL_RCC_GetPCLK2Freq  stm32f7xx_hal_rcc.o
    0x08002768   0x08002768   0x00000060   Code   RO          734    i.HAL_RCC_GetSysClockFreq  stm32f7xx_hal_rcc.o
    0x080027c8   0x080027c8   0x00000398   Code   RO          737    i.HAL_RCC_OscConfig  stm32f7xx_hal_rcc.o
    0x08002b60   0x08002b60   0x00000026   Code   RO         1513    i.HAL_SYSTICK_Config  stm32f7xx_hal_cortex.o
    0x08002b86   0x08002b86   0x00000066   Code   RO         2484    i.HAL_UART_Init     stm32f7xx_hal_uart.o
    0x08002bec   0x08002bec   0x00000088   Code   RO          372    i.HAL_UART_MspInit  stm32f7xx_hal_msp.o
    0x08002c74   0x08002c74   0x00000002   Code   RO          297    i.HardFault_Handler  stm32f7xx_it.o
    0x08002c76   0x08002c76   0x00000002   PAD
    0x08002c78   0x08002c78   0x00000120   Code   RO           14    i.MX_GPIO_Init      main.o
    0x08002d98   0x08002d98   0x00000068   Code   RO          510    i.MX_LWIP_Init      lwip.o
    0x08002e00   0x08002e00   0x00000014   Code   RO          511    i.MX_LWIP_Process   lwip.o
    0x08002e14   0x08002e14   0x00000038   Code   RO           15    i.MX_USART3_UART_Init  main.o
    0x08002e4c   0x08002e4c   0x00000002   Code   RO          298    i.MemManage_Handler  stm32f7xx_it.o
    0x08002e4e   0x08002e4e   0x00000002   Code   RO          299    i.NMI_Handler       stm32f7xx_it.o
    0x08002e50   0x08002e50   0x00000002   Code   RO          300    i.PendSV_Handler    stm32f7xx_it.o
    0x08002e52   0x08002e52   0x00000002   Code   RO          301    i.SVC_Handler       stm32f7xx_it.o
    0x08002e54   0x08002e54   0x00000004   Code   RO          302    i.SysTick_Handler   stm32f7xx_it.o
    0x08002e58   0x08002e58   0x000000a4   Code   RO           16    i.SystemClock_Config  main.o
    0x08002efc   0x08002efc   0x00000010   Code   RO         2931    i.SystemInit        system_stm32f7xx.o
    0x08002f0c   0x08002f0c   0x000000c8   Code   RO         2498    i.UART_AdvFeatureConfig  stm32f7xx_hal_uart.o
    0x08002fd4   0x08002fd4   0x0000005c   Code   RO         2499    i.UART_CheckIdleState  stm32f7xx_hal_uart.o
    0x08003030   0x08003030   0x00000234   Code   RO         2514    i.UART_SetConfig    stm32f7xx_hal_uart.o
    0x08003264   0x08003264   0x000000a4   Code   RO         2519    i.UART_WaitOnFlagUntilTimeout  stm32f7xx_hal_uart.o
    0x08003308   0x08003308   0x00000002   Code   RO          303    i.UsageFault_Handler  stm32f7xx_it.o
    0x0800330a   0x0800330a   0x00000022   Code   RO         1515    i.__NVIC_SetPriority  stm32f7xx_hal_cortex.o
    0x0800332c   0x0800332c   0x0000009c   Code   RO         5692    i.dhcp_arp_reply    dhcp.o
    0x080033c8   0x080033c8   0x00000184   Code   RO         5693    i.dhcp_bind         dhcp.o
    0x0800354c   0x0800354c   0x00000034   Code   RO         5694    i.dhcp_check        dhcp.o
    0x08003580   0x08003580   0x000000ac   Code   RO         5696    i.dhcp_coarse_tmr   dhcp.o
    0x0800362c   0x0800362c   0x000001e4   Code   RO         5697    i.dhcp_create_msg   dhcp.o
    0x08003810   0x08003810   0x000000b8   Code   RO         5698    i.dhcp_dec_pcb_refcount  dhcp.o
    0x080038c8   0x080038c8   0x0000009c   Code   RO         5699    i.dhcp_decline      dhcp.o
    0x08003964   0x08003964   0x000000e8   Code   RO         5700    i.dhcp_discover     dhcp.o
    0x08003a4c   0x08003a4c   0x00000034   Code   RO         5701    i.dhcp_fine_tmr     dhcp.o
    0x08003a80   0x08003a80   0x00000068   Code   RO         5702    i.dhcp_handle_ack   dhcp.o
    0x08003ae8   0x08003ae8   0x000000ec   Code   RO         5703    i.dhcp_inc_pcb_refcount  dhcp.o
    0x08003bd4   0x08003bd4   0x00000098   Code   RO         5706    i.dhcp_option       dhcp.o
    0x08003c6c   0x08003c6c   0x000000bc   Code   RO         5707    i.dhcp_option_byte  dhcp.o
    0x08003d28   0x08003d28   0x000000d8   Code   RO         5708    i.dhcp_option_long  dhcp.o
    0x08003e00   0x08003e00   0x000000c8   Code   RO         5709    i.dhcp_option_short  dhcp.o
    0x08003ec8   0x08003ec8   0x00000022   Code   RO         5710    i.dhcp_option_trailer  dhcp.o
    0x08003eea   0x08003eea   0x00000002   PAD
    0x08003eec   0x08003eec   0x00000394   Code   RO         5711    i.dhcp_parse_reply  dhcp.o
    0x08004280   0x08004280   0x000000d8   Code   RO         5712    i.dhcp_rebind       dhcp.o
    0x08004358   0x08004358   0x00000100   Code   RO         5713    i.dhcp_reboot       dhcp.o
    0x08004458   0x08004458   0x00000120   Code   RO         5714    i.dhcp_recv         dhcp.o
    0x08004578   0x08004578   0x000000bc   Code   RO         5716    i.dhcp_release_and_stop  dhcp.o
    0x08004634   0x08004634   0x000000d8   Code   RO         5717    i.dhcp_renew        dhcp.o
    0x0800470c   0x0800470c   0x00000200   Code   RO         5718    i.dhcp_select       dhcp.o
    0x0800490c   0x0800490c   0x00000010   Code   RO         5719    i.dhcp_set_state    dhcp.o
    0x0800491c   0x0800491c   0x00000128   Code   RO         5721    i.dhcp_start        dhcp.o
    0x08004a44   0x08004a44   0x0000001c   Code   RO         5723    i.dhcp_supplied_address  dhcp.o
    0x08004a60   0x08004a60   0x0000006c   Code   RO         5724    i.dhcp_timeout      dhcp.o
    0x08004acc   0x08004acc   0x0000009c   Code   RO         4275    i.do_memp_free_pool  memp.o
    0x08004b68   0x08004b68   0x000000a4   Code   RO         4276    i.do_memp_malloc_pool  memp.o
    0x08004c0c   0x08004c0c   0x0000002c   Code   RO         5899    i.etharp_cleanup_netif  etharp.o
    0x08004c38   0x08004c38   0x0000025c   Code   RO         5901    i.etharp_find_entry  etharp.o
    0x08004e94   0x08004e94   0x00000024   Code   RO         5902    i.etharp_free_entry  etharp.o
    0x08004eb8   0x08004eb8   0x00000118   Code   RO         5904    i.etharp_input      etharp.o
    0x08004fd0   0x08004fd0   0x000001b0   Code   RO         5905    i.etharp_output     etharp.o
    0x08005180   0x08005180   0x00000110   Code   RO         5906    i.etharp_output_to_arp_index  etharp.o
    0x08005290   0x08005290   0x000001e8   Code   RO         5907    i.etharp_query      etharp.o
    0x08005478   0x08005478   0x00000174   Code   RO         5908    i.etharp_raw        etharp.o
    0x080055ec   0x080055ec   0x0000000c   Code   RO         5909    i.etharp_request    etharp.o
    0x080055f8   0x080055f8   0x00000020   Code   RO         5910    i.etharp_request_dst  etharp.o
    0x08005618   0x08005618   0x00000060   Code   RO         5911    i.etharp_tmr        etharp.o
    0x08005678   0x08005678   0x0000011c   Code   RO         5912    i.etharp_update_arp_entry  etharp.o
    0x08005794   0x08005794   0x000000a4   Code   RO         3532    i.ethernet_input    ethernet.o
    0x08005838   0x08005838   0x000000f8   Code   RO         3533    i.ethernet_output   ethernet.o
    0x08005930   0x08005930   0x00000090   Code   RO          408    i.ethernetif_init   ethernetif.o
    0x080059c0   0x080059c0   0x00000022   Code   RO          409    i.ethernetif_input  ethernetif.o
    0x080059e2   0x080059e2   0x00000002   Code   RO          410    i.ethernetif_notify_conn_changed  ethernetif.o
    0x080059e4   0x080059e4   0x000000b0   Code   RO          412    i.ethernetif_update_config  ethernetif.o
    0x08005a94   0x08005a94   0x0000001a   Code   RO         6841    i.fputc             c_w.l(fputc.o)
    0x08005aae   0x08005aae   0x00000008   Code   RO         5999    i.icmp_dest_unreach  icmp.o
    0x08005ab6   0x08005ab6   0x00000002   PAD
    0x08005ab8   0x08005ab8   0x000001ec   Code   RO         6000    i.icmp_input        icmp.o
    0x08005ca4   0x08005ca4   0x00000110   Code   RO         6001    i.icmp_send_response  icmp.o
    0x08005db4   0x08005db4   0x00000008   Code   RO         6002    i.icmp_time_exceeded  icmp.o
    0x08005dbc   0x08005dbc   0x0000002e   Code   RO         6120    i.ip4_addr_isbroadcast_u32  ip4_addr.o
    0x08005dea   0x08005dea   0x00000002   PAD
    0x08005dec   0x08005dec   0x00000268   Code   RO         6189    i.ip4_frag          ip4_frag.o
    0x08006054   0x08006054   0x00000194   Code   RO         6065    i.ip4_input         ip4.o
    0x080061e8   0x080061e8   0x0000002c   Code   RO         6066    i.ip4_input_accept  ip4.o
    0x08006214   0x08006214   0x0000001e   Code   RO         6068    i.ip4_output_if     ip4.o
    0x08006232   0x08006232   0x00000002   PAD
    0x08006234   0x08006234   0x00000178   Code   RO         6069    i.ip4_output_if_src  ip4.o
    0x080063ac   0x080063ac   0x00000288   Code   RO         6190    i.ip4_reass         ip4_frag.o
    0x08006634   0x08006634   0x00000060   Code   RO         6070    i.ip4_route         ip4.o
    0x08006694   0x08006694   0x00000090   Code   RO         6191    i.ip_frag_free_pbuf_custom_ref  ip4_frag.o
    0x08006724   0x08006724   0x00000248   Code   RO         6192    i.ip_reass_chain_frag_into_datagram_and_validate  ip4_frag.o
    0x0800696c   0x0800696c   0x000000bc   Code   RO         6193    i.ip_reass_dequeue_datagram  ip4_frag.o
    0x08006a28   0x08006a28   0x00000198   Code   RO         6194    i.ip_reass_free_complete_datagram  ip4_frag.o
    0x08006bc0   0x08006bc0   0x00000080   Code   RO         6195    i.ip_reass_remove_oldest_datagram  ip4_frag.o
    0x08006c40   0x08006c40   0x0000002c   Code   RO         6196    i.ip_reass_tmr      ip4_frag.o
    0x08006c6c   0x08006c6c   0x00000098   Code   RO         6197    i.ipfrag_free_pbuf_custom  ip4_frag.o
    0x08006d04   0x08006d04   0x000000f8   Code   RO          413    i.low_level_init    ethernetif.o
    0x08006dfc   0x08006dfc   0x000000c8   Code   RO          414    i.low_level_input   ethernetif.o
    0x08006ec4   0x08006ec4   0x000000b0   Code   RO          415    i.low_level_output  ethernetif.o
    0x08006f74   0x08006f74   0x0000003c   Code   RO         5460    i.lwip_cyclic_timer  timeouts.o
    0x08006fb0   0x08006fb0   0x00000004   Code   RO         3948    i.lwip_htonl        def.o
    0x08006fb4   0x08006fb4   0x00000004   Code   RO         3949    i.lwip_htons        def.o
    0x08006fb8   0x08006fb8   0x0000001e   Code   RO         4100    i.lwip_init         init.o
    0x08006fd6   0x08006fd6   0x0000001a   Code   RO           17    i.main              main.o
    0x08006ff0   0x08006ff0   0x000001a0   Code   RO         4202    i.mem_free          mem.o
    0x08007190   0x08007190   0x00000038   Code   RO         4203    i.mem_init          mem.o
    0x080071c8   0x080071c8   0x0000023c   Code   RO         4204    i.mem_malloc        mem.o
    0x08007404   0x08007404   0x00000010   Code   RO         4205    i.mem_to_ptr        mem.o
    0x08007414   0x08007414   0x000001c4   Code   RO         4206    i.mem_trim          mem.o
    0x080075d8   0x080075d8   0x0000009c   Code   RO         4277    i.memp_free         memp.o
    0x08007674   0x08007674   0x00000020   Code   RO         4279    i.memp_init         memp.o
    0x08007694   0x08007694   0x0000002a   Code   RO         4280    i.memp_init_pool    memp.o
    0x080076be   0x080076be   0x00000002   PAD
    0x080076c0   0x080076c0   0x000000a4   Code   RO         4281    i.memp_malloc       memp.o
    0x08007764   0x08007764   0x000001dc   Code   RO         4409    i.netif_add         netif.o
    0x08007940   0x08007940   0x00000016   Code   RO         4411    i.netif_do_ip_addr_changed  netif.o
    0x08007956   0x08007956   0x00000016   Code   RO         4412    i.netif_do_set_gw   netif.o
    0x0800796c   0x0800796c   0x000000c4   Code   RO         4413    i.netif_do_set_ipaddr  netif.o
    0x08007a30   0x08007a30   0x00000016   Code   RO         4414    i.netif_do_set_netmask  netif.o
    0x08007a46   0x08007a46   0x00000002   PAD
    0x08007a48   0x08007a48   0x00000028   Code   RO         4416    i.netif_get_by_index  netif.o
    0x08007a70   0x08007a70   0x00000002   Code   RO         4418    i.netif_init        netif.o
    0x08007a72   0x08007a72   0x00000002   PAD
    0x08007a74   0x08007a74   0x000000c0   Code   RO         4420    i.netif_issue_reports  netif.o
    0x08007b34   0x08007b34   0x00000006   Code   RO         4422    i.netif_null_output_ip4  netif.o
    0x08007b3a   0x08007b3a   0x00000002   PAD
    0x08007b3c   0x08007b3c   0x00000060   Code   RO         4424    i.netif_set_addr    netif.o
    0x08007b9c   0x08007b9c   0x0000000c   Code   RO         4425    i.netif_set_default  netif.o
    0x08007ba8   0x08007ba8   0x000000a8   Code   RO         4426    i.netif_set_down    netif.o
    0x08007c50   0x08007c50   0x00000008   Code   RO         4429    i.netif_set_link_callback  netif.o
    0x08007c58   0x08007c58   0x000000a0   Code   RO         4433    i.netif_set_up      netif.o
    0x08007cf8   0x08007cf8   0x00000006   Code   RO         4597    i.pbuf_add_header   pbuf.o
    0x08007cfe   0x08007cfe   0x00000002   PAD
    0x08007d00   0x08007d00   0x000000c0   Code   RO         4599    i.pbuf_add_header_impl  pbuf.o
    0x08007dc0   0x08007dc0   0x00000230   Code   RO         4600    i.pbuf_alloc        pbuf.o
    0x08007ff0   0x08007ff0   0x000000b0   Code   RO         4601    i.pbuf_alloc_reference  pbuf.o
    0x080080a0   0x080080a0   0x00000036   Code   RO         4602    i.pbuf_alloced_custom  pbuf.o
    0x080080d6   0x080080d6   0x00000002   PAD
    0x080080d8   0x080080d8   0x00000130   Code   RO         4603    i.pbuf_cat          pbuf.o
    0x08008208   0x08008208   0x00000012   Code   RO         4604    i.pbuf_chain        pbuf.o
    0x0800821a   0x0800821a   0x00000012   Code   RO         4605    i.pbuf_clen         pbuf.o
    0x0800822c   0x0800822c   0x0000009c   Code   RO         4606    i.pbuf_clone        pbuf.o
    0x080082c8   0x080082c8   0x000001e0   Code   RO         4608    i.pbuf_copy         pbuf.o
    0x080084a8   0x080084a8   0x0000011c   Code   RO         4609    i.pbuf_copy_partial  pbuf.o
    0x080085c4   0x080085c4   0x00000154   Code   RO         4611    i.pbuf_free         pbuf.o
    0x08008718   0x08008718   0x00000024   Code   RO         4613    i.pbuf_free_ooseq   pbuf.o
    0x0800873c   0x0800873c   0x00000006   Code   RO         4617    i.pbuf_header_force  pbuf.o
    0x08008742   0x08008742   0x0000000e   Code   RO         4618    i.pbuf_header_impl  pbuf.o
    0x08008750   0x08008750   0x0000001c   Code   RO         4619    i.pbuf_init_alloced_pbuf  pbuf.o
    0x0800876c   0x0800876c   0x00000134   Code   RO         4623    i.pbuf_realloc      pbuf.o
    0x080088a0   0x080088a0   0x0000008c   Code   RO         4624    i.pbuf_ref          pbuf.o
    0x0800892c   0x0800892c   0x000000d0   Code   RO         4625    i.pbuf_remove_header  pbuf.o
    0x080089fc   0x080089fc   0x000001a0   Code   RO         4207    i.plug_holes        mem.o
    0x08008b9c   0x08008b9c   0x0000000c   Code   RO         4208    i.ptr_to_mem        mem.o
    0x08008ba8   0x08008ba8   0x00000054   Code   RO         5461    i.sys_check_timeouts  timeouts.o
    0x08008bfc   0x08008bfc   0x00000004   Code   RO          417    i.sys_now           ethernetif.o
    0x08008c00   0x08008c00   0x000000c4   Code   RO         5463    i.sys_timeout       timeouts.o
    0x08008cc4   0x08008cc4   0x000000f8   Code   RO         5464    i.sys_timeout_abs   timeouts.o
    0x08008dbc   0x08008dbc   0x00000028   Code   RO         5465    i.sys_timeouts_init  timeouts.o
    0x08008de4   0x08008de4   0x000001b0   Code   RO         4894    i.tcp_abandon       tcp.o
    0x08008f94   0x08008f94   0x00000006   Code   RO         4895    i.tcp_abort         tcp.o
    0x08008f9a   0x08008f9a   0x00000002   PAD
    0x08008f9c   0x08008f9c   0x0000012c   Code   RO         4898    i.tcp_alloc         tcp.o
    0x080090c8   0x080090c8   0x000000a0   Code   RO         4902    i.tcp_close         tcp.o
    0x08009168   0x08009168   0x000001dc   Code   RO         4903    i.tcp_close_shutdown  tcp.o
    0x08009344   0x08009344   0x000000c4   Code   RO         4904    i.tcp_close_shutdown_fin  tcp.o
    0x08009408   0x08009408   0x00000184   Code   RO         5300    i.tcp_create_segment  tcp_out.o
    0x0800958c   0x0800958c   0x000000b8   Code   RO         4907    i.tcp_eff_send_mss_netif  tcp.o
    0x08009644   0x08009644   0x00000238   Code   RO         5301    i.tcp_enqueue_flags  tcp_out.o
    0x0800987c   0x0800987c   0x0000006c   Code   RO         4909    i.tcp_fasttmr       tcp.o
    0x080098e8   0x080098e8   0x00000090   Code   RO         4910    i.tcp_free          tcp.o
    0x08009978   0x08009978   0x00000140   Code   RO         5211    i.tcp_free_acked_segments  tcp_in.o
    0x08009ab8   0x08009ab8   0x00000014   Code   RO         4911    i.tcp_free_ooseq    tcp.o
    0x08009acc   0x08009acc   0x00000028   Code   RO         5212    i.tcp_get_next_optbyte  tcp_in.o
    0x08009af4   0x08009af4   0x00000018   Code   RO         4912    i.tcp_init          tcp.o
    0x08009b0c   0x08009b0c   0x00000650   Code   RO         5213    i.tcp_input         tcp_in.o
    0x0800a15c   0x0800a15c   0x000000d4   Code   RO         5214    i.tcp_input_delayed_close  tcp_in.o
    0x0800a230   0x0800a230   0x000000cc   Code   RO         5302    i.tcp_keepalive     tcp_out.o
    0x0800a2fc   0x0800a2fc   0x000000bc   Code   RO         4913    i.tcp_kill_state    tcp.o
    0x0800a3b8   0x0800a3b8   0x00000070   Code   RO         4914    i.tcp_listen_closed  tcp.o
    0x0800a428   0x0800a428   0x00000198   Code   RO         5215    i.tcp_listen_input  tcp_in.o
    0x0800a5c0   0x0800a5c0   0x0000004c   Code   RO         4917    i.tcp_netif_ip_addr_changed  tcp.o
    0x0800a60c   0x0800a60c   0x000000c0   Code   RO         4918    i.tcp_netif_ip_addr_changed_pcblist  tcp.o
    0x0800a6cc   0x0800a6cc   0x00000098   Code   RO         4922    i.tcp_next_iss      tcp.o
    0x0800a764   0x0800a764   0x00000110   Code   RO         5216    i.tcp_oos_insert_segment  tcp_in.o
    0x0800a874   0x0800a874   0x000002e0   Code   RO         5303    i.tcp_output        tcp_out.o
    0x0800ab54   0x0800ab54   0x000000cc   Code   RO         5304    i.tcp_output_alloc_header  tcp_out.o
    0x0800ac20   0x0800ac20   0x00000110   Code   RO         5305    i.tcp_output_alloc_header_common  tcp_out.o
    0x0800ad30   0x0800ad30   0x000000e0   Code   RO         5306    i.tcp_output_control_segment  tcp_out.o
    0x0800ae10   0x0800ae10   0x000000dc   Code   RO         5307    i.tcp_output_fill_options  tcp_out.o
    0x0800aeec   0x0800aeec   0x000001e4   Code   RO         5308    i.tcp_output_segment  tcp_out.o
    0x0800b0d0   0x0800b0d0   0x000000a8   Code   RO         5309    i.tcp_output_segment_busy  tcp_out.o
    0x0800b178   0x0800b178   0x000000fc   Code   RO         5217    i.tcp_parseopt      tcp_in.o
    0x0800b274   0x0800b274   0x000000cc   Code   RO         4923    i.tcp_pcb_purge     tcp.o
    0x0800b340   0x0800b340   0x00000190   Code   RO         4924    i.tcp_pcb_remove    tcp.o
    0x0800b4d0   0x0800b4d0   0x000004c6   Code   RO         5218    i.tcp_process       tcp_in.o
    0x0800b996   0x0800b996   0x00000002   PAD
    0x0800b998   0x0800b998   0x00000104   Code   RO         4926    i.tcp_process_refused_data  tcp.o
    0x0800ba9c   0x0800ba9c   0x00000928   Code   RO         5219    i.tcp_receive       tcp_in.o
    0x0800c3c4   0x0800c3c4   0x000000b0   Code   RO         4928    i.tcp_recv_null     tcp.o
    0x0800c474   0x0800c474   0x00000100   Code   RO         4929    i.tcp_recved        tcp.o
    0x0800c574   0x0800c574   0x00000058   Code   RO         4930    i.tcp_remove_listener  tcp.o
    0x0800c5cc   0x0800c5cc   0x000000ec   Code   RO         5311    i.tcp_rexmit        tcp_out.o
    0x0800c6b8   0x0800c6b8   0x000000e8   Code   RO         5312    i.tcp_rexmit_fast   tcp_out.o
    0x0800c7a0   0x0800c7a0   0x000000a4   Code   RO         5313    i.tcp_rexmit_rto    tcp_out.o
    0x0800c844   0x0800c844   0x000000ac   Code   RO         5314    i.tcp_rexmit_rto_commit  tcp_out.o
    0x0800c8f0   0x0800c8f0   0x000000f8   Code   RO         5315    i.tcp_rexmit_rto_prepare  tcp_out.o
    0x0800c9e8   0x0800c9e8   0x00000010   Code   RO         5316    i.tcp_route         tcp_out.o
    0x0800c9f8   0x0800c9f8   0x00000114   Code   RO         5317    i.tcp_rst           tcp_out.o
    0x0800cb0c   0x0800cb0c   0x000000ac   Code   RO         4931    i.tcp_seg_copy      tcp.o
    0x0800cbb8   0x0800cbb8   0x0000001c   Code   RO         4932    i.tcp_seg_free      tcp.o
    0x0800cbd4   0x0800cbd4   0x00000012   Code   RO         4933    i.tcp_segs_free     tcp.o
    0x0800cbe6   0x0800cbe6   0x00000002   PAD
    0x0800cbe8   0x0800cbe8   0x000000ec   Code   RO         5318    i.tcp_send_empty_ack  tcp_out.o
    0x0800ccd4   0x0800ccd4   0x000000cc   Code   RO         5319    i.tcp_send_fin      tcp_out.o
    0x0800cda0   0x0800cda0   0x000005d4   Code   RO         4937    i.tcp_slowtmr       tcp.o
    0x0800d374   0x0800d374   0x00000230   Code   RO         5320    i.tcp_split_unsent_seg  tcp_out.o
    0x0800d5a4   0x0800d5a4   0x00000034   Code   RO         5468    i.tcp_timer_needed  timeouts.o
    0x0800d5d8   0x0800d5d8   0x00000100   Code   RO         5220    i.tcp_timewait_input  tcp_in.o
    0x0800d6d8   0x0800d6d8   0x00000020   Code   RO         4939    i.tcp_tmr           tcp.o
    0x0800d6f8   0x0800d6f8   0x00000010   Code   RO         5221    i.tcp_trigger_input_pcb_close  tcp_in.o
    0x0800d708   0x0800d708   0x000000f4   Code   RO         4941    i.tcp_update_rcv_ann_wnd  tcp.o
    0x0800d7fc   0x0800d7fc   0x00000144   Code   RO         5323    i.tcp_zero_window_probe  tcp_out.o
    0x0800d940   0x0800d940   0x00000038   Code   RO         5469    i.tcpip_tcp_timer   timeouts.o
    0x0800d978   0x0800d978   0x0000013c   Code   RO         5549    i.udp_bind          udp.o
    0x0800dab4   0x0800dab4   0x00000100   Code   RO         5551    i.udp_connect       udp.o
    0x0800dbb4   0x0800dbb4   0x00000018   Code   RO         5553    i.udp_init          udp.o
    0x0800dbcc   0x0800dbcc   0x000001e8   Code   RO         5554    i.udp_input         udp.o
    0x0800ddb4   0x0800ddb4   0x0000010c   Code   RO         5555    i.udp_input_local_match  udp.o
    0x0800dec0   0x0800dec0   0x00000034   Code   RO         5556    i.udp_netif_ip_addr_changed  udp.o
    0x0800def4   0x0800def4   0x0000001a   Code   RO         5557    i.udp_new           udp.o
    0x0800df0e   0x0800df0e   0x00000002   PAD
    0x0800df10   0x0800df10   0x00000088   Code   RO         5559    i.udp_recv          udp.o
    0x0800df98   0x0800df98   0x000000b0   Code   RO         5560    i.udp_remove        udp.o
    0x0800e048   0x0800e048   0x00000140   Code   RO         5563    i.udp_sendto_if     udp.o
    0x0800e188   0x0800e188   0x00000248   Code   RO         5564    i.udp_sendto_if_src  udp.o
    0x0800e3d0   0x0800e3d0   0x0000000a   Code   RO         6856    x$fpl$fpinit        fz_wv.l(fpinit.o)
    0x0800e3da   0x0800e3da   0x00000010   Data   RO         2932    .constdata          system_stm32f7xx.o
    0x0800e3ea   0x0800e3ea   0x00000008   Data   RO         2933    .constdata          system_stm32f7xx.o
    0x0800e3f2   0x0800e3f2   0x00000006   Data   RO         3534    .constdata          ethernet.o
    0x0800e3f8   0x0800e3f8   0x00000006   Data   RO         3535    .constdata          ethernet.o
    0x0800e3fe   0x0800e3fe   0x00000002   PAD
    0x0800e400   0x0800e400   0x0000000c   Data   RO         4292    .constdata          memp.o
    0x0800e40c   0x0800e40c   0x0000000c   Data   RO         4293    .constdata          memp.o
    0x0800e418   0x0800e418   0x0000000c   Data   RO         4294    .constdata          memp.o
    0x0800e424   0x0800e424   0x0000000c   Data   RO         4295    .constdata          memp.o
    0x0800e430   0x0800e430   0x0000000c   Data   RO         4296    .constdata          memp.o
    0x0800e43c   0x0800e43c   0x0000000c   Data   RO         4297    .constdata          memp.o
    0x0800e448   0x0800e448   0x0000000c   Data   RO         4298    .constdata          memp.o
    0x0800e454   0x0800e454   0x0000000c   Data   RO         4299    .constdata          memp.o
    0x0800e460   0x0800e460   0x0000000c   Data   RO         4300    .constdata          memp.o
    0x0800e46c   0x0800e46c   0x00000024   Data   RO         4301    .constdata          memp.o
    0x0800e490   0x0800e490   0x00000054   Data   RO         4942    .constdata          tcp.o
    0x0800e4e4   0x0800e4e4   0x00000028   Data   RO         5470    .constdata          timeouts.o
    0x0800e50c   0x0800e50c   0x00000004   Data   RO         6127    .constdata          ip4_addr.o
    0x0800e510   0x0800e510   0x00000004   Data   RO         6128    .constdata          ip4_addr.o
    0x0800e514   0x0800e514   0x00000004   Data   RO         6859    .constdata          c_w.l(sys_io.o)
    0x0800e518   0x0800e518   0x00000004   Data   RO         6860    .constdata          c_w.l(sys_io.o)
    0x0800e51c   0x0800e51c   0x00000004   Data   RO         6861    .constdata          c_w.l(sys_io.o)
    0x0800e520   0x0800e520   0x00000075   Data   RO         4943    .conststring        tcp.o
    0x0800e595   0x0800e595   0x00000003   PAD
    0x0800e598   0x0800e598   0x00000055   Data   RO         5324    .conststring        tcp_out.o
    0x0800e5ed   0x0800e5ed   0x00000003   PAD
    0x0800e5f0   0x0800e5f0   0x00000042   Data   RO         5726    .conststring        dhcp.o
    0x0800e632   0x0800e632   0x00000002   PAD
    0x0800e634   0x0800e634   0x00000041   Data   RO         5914    .conststring        etharp.o
    0x0800e675   0x0800e675   0x00000003   PAD
    0x0800e678   0x0800e678   0x00000020   Data   RO         7105    Region$$Table       anon$$obj.o


    Execution Region RW_IRAM1 (Exec base: 0x20000000, Load base: 0x0800e698, Size: 0x0000cb30, Max: 0x00080000, ABSOLUTE)

    Exec Addr    Load Addr    Size         Type   Attr      Idx    E Section Name        Object

    0x20000000   0x0800e698   0x0000000c   Data   RW          519    .data               lwip.o
    0x2000000c   0x0800e6a4   0x0000000c   Data   RW         1663    .data               stm32f7xx_hal.o
    0x20000018   0x0800e6b0   0x00000004   Data   RW         2934    .data               system_stm32f7xx.o
    0x2000001c   0x0800e6b4   0x0000000c   Data   RW         4210    .data               mem.o
    0x20000028   0x0800e6c0   0x00000004   Data   RW         4302    .data               memp.o
    0x2000002c   0x0800e6c4   0x00000004   Data   RW         4303    .data               memp.o
    0x20000030   0x0800e6c8   0x00000004   Data   RW         4304    .data               memp.o
    0x20000034   0x0800e6cc   0x00000004   Data   RW         4305    .data               memp.o
    0x20000038   0x0800e6d0   0x00000004   Data   RW         4306    .data               memp.o
    0x2000003c   0x0800e6d4   0x00000004   Data   RW         4307    .data               memp.o
    0x20000040   0x0800e6d8   0x00000004   Data   RW         4308    .data               memp.o
    0x20000044   0x0800e6dc   0x00000004   Data   RW         4309    .data               memp.o
    0x20000048   0x0800e6e0   0x00000004   Data   RW         4310    .data               memp.o
    0x2000004c   0x0800e6e4   0x0000000c   Data   RW         4434    .data               netif.o
    0x20000058   0x0800e6f0   0x00000001   Data   RW         4632    .data               pbuf.o
    0x20000059   0x0800e6f1   0x00000003   PAD
    0x2000005c   0x0800e6f4   0x00000020   Data   RW         4944    .data               tcp.o
    0x2000007c   0x0800e714   0x00000024   Data   RW         5223    .data               tcp_in.o
    0x200000a0   0x0800e738   0x0000000c   Data   RW         5472    .data               timeouts.o
    0x200000ac   0x0800e744   0x00000008   Data   RW         5565    .data               udp.o
    0x200000b4   0x0800e74c   0x00000014   Data   RW         5727    .data               dhcp.o
    0x200000c8   0x0800e760   0x00000001   Data   RW         5915    .data               etharp.o
    0x200000c9   0x0800e761   0x00000001   PAD
    0x200000ca   0x0800e762   0x00000002   Data   RW         6071    .data               ip4.o
    0x200000cc   0x0800e764   0x00000008   Data   RW         6198    .data               ip4_frag.o
    0x200000d4   0x0800e76c   0x00000004   Data   RW         6759    .data               c_w.l(stdio_streams.o)
    0x200000d8   0x0800e770   0x00000004   Data   RW         6760    .data               c_w.l(stdio_streams.o)
    0x200000dc   0x0800e774   0x00000004   Data   RW         6761    .data               c_w.l(stdio_streams.o)
    0x200000e0        -       0x00000084   Zero   RW           18    .bss                main.o
    0x20000164        -       0x000030e8   Zero   RW          418    .bss                ethernetif.o
    0x2000324c        -       0x00000038   Zero   RW          516    .bss                lwip.o
    0x20003284        -       0x00000018   Zero   RW         4170    .bss                ip.o
    0x2000329c        -       0x00000653   Zero   RW         4209    .bss                mem.o
    0x200038ef        -       0x00000083   Zero   RW         4283    .bss                memp.o
    0x20003972        -       0x0000030f   Zero   RW         4284    .bss                memp.o
    0x20003c81        -       0x000000e3   Zero   RW         4285    .bss                memp.o
    0x20003d64        -       0x00000103   Zero   RW         4286    .bss                memp.o
    0x20003e67        -       0x000000a3   Zero   RW         4287    .bss                memp.o
    0x20003f0a        -       0x0000016b   Zero   RW         4288    .bss                memp.o
    0x20004075        -       0x00000053   Zero   RW         4289    .bss                memp.o
    0x200040c8        -       0x00000103   Zero   RW         4290    .bss                memp.o
    0x200041cb        -       0x00002603   Zero   RW         4291    .bss                memp.o
    0x200067ce   0x0800e778   0x00000002   PAD
    0x200067d0        -       0x00000010   Zero   RW         5222    .bss                tcp_in.o
    0x200067e0        -       0x00000020   Zero   RW         5725    .bss                dhcp.o
    0x20006800        -       0x000000f0   Zero   RW         5913    .bss                etharp.o
    0x200068f0        -       0x000000e4   Zero   RW         6711    .bss                c_w.l(rand.o)
    0x200069d4        -       0x00000054   Zero   RW         6756    .bss                c_w.l(stdio_streams.o)
    0x20006a28        -       0x00000054   Zero   RW         6757    .bss                c_w.l(stdio_streams.o)
    0x20006a7c        -       0x00000054   Zero   RW         6758    .bss                c_w.l(stdio_streams.o)
    0x20006ad0        -       0x00000060   Zero   RW         6815    .bss                c_w.l(libspace.o)
    0x20006b30        -       0x00002000   Zero   RW            2    HEAP                startup_stm32f767xx.o
    0x20008b30        -       0x00004000   Zero   RW            1    STACK               startup_stm32f767xx.o


==============================================================================

Image component sizes


      Code (inc. data)   RO Data    RW Data    ZI Data      Debug   Object Name

         0          0          0          0          0       2228   auth.o
         0          0          0          0          0       2146   bridgeif.o
         0          0          0          0          0        416   bridgeif_fdb.o
         8          0          0          0          0       1194   def.o
      6046       2014         66         20         32      29445   dhcp.o
      2952       1186         65          1        240      13447   etharp.o
       412        154         12          0          0       2906   ethernet.o
      1216        154          0          0      12520       8224   ethernetif.o
       780        350          0          0          0       4710   icmp.o
        30          0          0          0          0       3788   init.o
         0          0          0          0         24       8153   ip.o
       950        184          0          2          0       6128   ip4.o
        46          0          8          0          0       9030   ip4_addr.o
      2912       1160          0          8          0      12402   ip4_frag.o
       124         24          0         12         56       1542   lwip.o
       538         42          0          0        132     901874   main.o
      1940        926          0         12       1619       7841   mem.o
       714        498        144         36      11999      12081   memp.o
      1422        740          0         12          0      15686   netif.o
      3328       1790          0          1          0      29315   pbuf.o
        64         26        504          0      24576        888   startup_stm32f767xx.o
       150         24          0         12          0       9529   stm32f7xx_hal.o
       172         12          0          0          0      38506   stm32f7xx_hal_cortex.o
      2338         72          0          0          0      13206   stm32f7xx_hal_eth.o
       482         52          0          0          0       2692   stm32f7xx_hal_gpio.o
       184         20          0          0          0       1761   stm32f7xx_hal_msp.o
        16          4          0          0          0        587   stm32f7xx_hal_pwr.o
       108          8          0          0          0       1352   stm32f7xx_hal_pwr_ex.o
      1396         72          0          0          0       5968   stm32f7xx_hal_rcc.o
      1340         22          0          0          0       2412   stm32f7xx_hal_rcc_ex.o
      1122         66          0          0          0       5301   stm32f7xx_hal_uart.o
        20          0          0          0          0       4550   stm32f7xx_it.o
        16          4         24          4          0       1259   system_stm32f7xx.o
      6140       2880        201         32          0      39607   tcp.o
      6958       2032          0         36         16      23339   tcp_in.o
      6136       3050         85          0          0      30286   tcp_out.o
       736        372         40         12          0       7274   timeouts.o
      2646       1376          0          8          0      12369   udp.o

    ----------------------------------------------------------------------
     53480      19314       1194        212      51216    1273442   Object Totals
         0          0         32          0          0          0   (incl. Generated)
        38          0         13          4          2          0   (incl. Padding)

    ----------------------------------------------------------------------

      Code (inc. data)   RO Data    RW Data    ZI Data      Debug   Library Member Name

         8          0          0          0          0         68   __main.o
       104          0          0          0          0         84   __printf.o
         0          0          0          0          0          0   __rtentry.o
        12          0          0          0          0          0   __rtentry2.o
         6          0          0          0          0          0   __rtentry4.o
        52          8          0          0          0          0   __scatter.o
        26          0          0          0          0          0   __scatter_copy.o
        28          0          0          0          0          0   __scatter_zi.o
        44          0          0          0          0        108   _printf_char.o
        48          6          0          0          0         96   _printf_char_common.o
        36          4          0          0          0         80   _printf_char_file.o
         6          0          0          0          0          0   _printf_d.o
       120         16          0          0          0         92   _printf_dec.o
       178          0          0          0          0         88   _printf_intcommon.o
         0          0          0          0          0          0   _printf_percent.o
         4          0          0          0          0          0   _printf_percent_end.o
         6          0          0          0          0          0   _printf_s.o
        82          0          0          0          0         80   _printf_str.o
        10          0          0          0          0         68   defsig_exit.o
        50          0          0          0          0         88   defsig_general.o
        80         58          0          0          0         76   defsig_rtmem_inner.o
        14          0          0          0          0         80   defsig_rtmem_outer.o
        52         38          0          0          0         76   defsig_rtred_inner.o
        14          0          0          0          0         80   defsig_rtred_outer.o
        18          0          0          0          0         80   exit.o
        76          0          0          0          0         88   fclose.o
         8          0          0          0          0         68   ferror.o
       470          0          0          0          0         88   flsbuf.o
       236          4          0          0          0        128   fopen.o
        26          0          0          0          0         68   fputc.o
       248          6          0          0          0         84   fseek.o
        66          0          0          0          0         76   ftell.o
        94          0          0          0          0         80   h1_alloc.o
        52          0          0          0          0         68   h1_extend.o
        78          0          0          0          0         80   h1_free.o
        14          0          0          0          0         84   h1_init.o
         6          0          0          0          0        152   heapauxi.o
         4          0          0          0          0        136   hguard.o
         0          0          0          0          0          0   indicate_semi.o
       138          0          0          0          0        168   init_alloc.o
       312         46          0          0          0        112   initio.o
         2          0          0          0          0          0   libinit.o
        22          0          0          0          0          0   libinit2.o
         2          0          0          0          0          0   libshutdown.o
         6          0          0          0          0          0   libshutdown2.o
         8          4          0          0         96         68   libspace.o
       238          0          0          0          0        100   lludivv7m.o
         0          0          0          0          0          0   maybetermalloc1.o
        88          0          0          0          0         76   memcmp.o
        24          4          0          0          0         84   noretval__2printf.o
       112         18          0          0        228        160   rand.o
         8          4          0          0          0         68   rt_errno_addr_intlibspace.o
         8          4          0          0          0         68   rt_heap_descriptor_intlibspace.o
        68          0          0          0          0         68   rt_memclr.o
        78          0          0          0          0         80   rt_memclr_w.o
       138          0          0          0          0         68   rt_memcpy_v6.o
       100          0          0          0          0         80   rt_memcpy_w.o
         2          0          0          0          0          0   rtexit.o
        10          0          0          0          0          0   rtexit2.o
        70          0          0          0          0         80   setvbuf.o
       240          6          0          0          0        156   stdio.o
         0          0          0         12        252          0   stdio_streams.o
        62          0          0          0          0         76   strlen.o
        12          4          0          0          0         68   sys_exit.o
       102          0         12          0          0        240   sys_io.o
        74          0          0          0          0         80   sys_stackheap_outer.o
        14          0          0          0          0         76   sys_wrch.o
         2          0          0          0          0         68   use_no_semi.o
        10          0          0          0          0        116   fpinit.o

    ----------------------------------------------------------------------
      4346        230         12         12        576       4604   Library Totals
        20          0          0          0          0          0   (incl. Padding)

    ----------------------------------------------------------------------

      Code (inc. data)   RO Data    RW Data    ZI Data      Debug   Library Name

      4316        230         12         12        576       4488   c_w.l
        10          0          0          0          0        116   fz_wv.l

    ----------------------------------------------------------------------
      4346        230         12         12        576       4604   Library Totals

    ----------------------------------------------------------------------

==============================================================================


      Code (inc. data)   RO Data    RW Data    ZI Data      Debug   

     57826      19544       1206        224      51792    1251202   Grand Totals
     57826      19544       1206        224      51792    1251202   ELF Image Totals
     57826      19544       1206        224          0          0   ROM Totals

==============================================================================

    Total RO  Size (Code + RO Data)                59032 (  57.65kB)
    Total RW  Size (RW Data + ZI Data)             52016 (  50.80kB)
    Total ROM Size (Code + RO Data + RW Data)      59256 (  57.87kB)

==============================================================================

